ARM Linker, 5.03 [Build 76] [MDK-ARM Lite]

==============================================================================

Section Cross References

    startup_stm32f10x_hd.o(RESET) refers to startup_stm32f10x_hd.o(.text) for Reset_Handler
    startup_stm32f10x_hd.o(RESET) refers to stm32f10x_it.o(.text) for NMI_Handler
    startup_stm32f10x_hd.o(RESET) refers to os_cpu_a.o(.text) for OS_CPU_PendSVHandler
    startup_stm32f10x_hd.o(RESET) refers to exti.o(.text) for EXTI0_IRQHandler
    startup_stm32f10x_hd.o(RESET) refers to time_test.o(.text) for TIM2_IRQHandler
    startup_stm32f10x_hd.o(RESET) refers to usart1.o(.text) for USART1_IRQHandler
    startup_stm32f10x_hd.o(.text) refers to startup_stm32f10x_hd.o(STACK) for __initial_sp
    startup_stm32f10x_hd.o(.text) refers to entry.o(.ARM.Collect$$$$00000000) for __main
    main.o(.text) refers to bsp.o(.text) for BSP_Init
    main.o(.text) refers to os_core.o(.text) for OSInit
    main.o(.text) refers to os_task.o(.text) for OSTaskCreate
    main.o(.text) refers to main.o(.bss) for .bss
    main.o(.text) refers to app.o(.text) for Task_Start
    stm32f10x_it.o(.text) refers to os_core.o(.text) for OSIntEnter
    usart1.o(.text) refers to stm32f10x_rcc.o(.text) for RCC_APB2PeriphClockCmd
    usart1.o(.text) refers to stm32f10x_gpio.o(.text) for GPIO_Init
    usart1.o(.text) refers to misc.o(.text) for NVIC_Init
    usart1.o(.text) refers to stm32f10x_usart.o(.text) for USART_Init
    usart1.o(.text) refers to memseta.o(.text) for __aeabi_memclr
    usart1.o(.text) refers to printf5.o(i.__0printf$5) for __2printf
    usart1.o(.text) refers to os_time.o(.text) for OSTimeDlyHMSM
    usart1.o(.text) refers to usart1.o(.bss) for .bss
    usart1.o(.text) refers to usart1.o(.data) for .data
    i2c_driver.o(.text) refers to delay.o(.text) for delay_ms
    i2c_driver.o(.text) refers to stm32f10x_rcc.o(.text) for RCC_AHBPeriphClockCmd
    i2c_driver.o(.text) refers to stm32f10x_gpio.o(.text) for GPIO_Init
    i2c_driver.o(.text) refers to printf5.o(i.__0printf$5) for __2printf
    i2c_driver.o(.text) refers to usart1.o(.text) for Debug
    i2c_driver.o(.text) refers to os_time.o(.text) for OSTimeDlyHMSM
    i2c_driver.o(.text) refers to i2c_driver.o(.data) for .data
    i2c_driver.o(.text) refers to printf5.o(i.__0sprintf$5) for __2sprintf
    i2c_driver.o(.text) refers to oled.o(.text) for OLED_Clear
    i2c_driver.o(.text) refers to gui.o(.text) for GUI_ShowString
    stmflash.o(.text) refers to stm32f10x_flash.o(.text) for FLASH_ProgramHalfWord
    stmflash.o(.text) refers to usart1.o(.text) for Debug
    stmflash.o(.text) refers to printf5.o(i.__0printf$5) for __2printf
    stmflash.o(.text) refers to os_time.o(.text) for OSTimeDlyHMSM
    stmflash.o(.text) refers to stmflash.o(.bss) for .bss
    stmflash.o(.text) refers to stmflash.o(.data) for .data
    gui.o(.text) refers to oled.o(.text) for OLED_Set_Pixel
    gui.o(.text) refers to gui.o(.constdata) for .constdata
    guirgb.o(.text) refers to lcdrgb.o(.text) for LCD_SetCursor
    guirgb.o(.text) refers to lcdrgb.o(.bss) for lcddev
    guirgb.o(.text) refers to lcdrgb.o(.data) for POINT_COLOR
    guirgb.o(.text) refers to guirgb.o(.constdata) for .constdata
    guirgb.o(.text) refers to lcdrgb.o(.data) for BACK_COLOR
    guirgb.o(.text) refers to strlen.o(.text) for strlen
    guirgb.o(.text) refers to delay.o(.text) for delay_ms
    stm32f10x_gpio.o(.text) refers to stm32f10x_rcc.o(.text) for RCC_APB2PeriphResetCmd
    stm32f10x_rcc.o(.text) refers to stm32f10x_rcc.o(.data) for .data
    stm32f10x_usart.o(.text) refers to stm32f10x_rcc.o(.text) for RCC_APB2PeriphResetCmd
    stm32f10x_adc.o(.text) refers to stm32f10x_rcc.o(.text) for RCC_APB2PeriphResetCmd
    stm32f10x_bkp.o(.text) refers to stm32f10x_rcc.o(.text) for RCC_BackupResetCmd
    stm32f10x_can.o(.text) refers to stm32f10x_rcc.o(.text) for RCC_APB1PeriphResetCmd
    stm32f10x_dac.o(.text) refers to stm32f10x_rcc.o(.text) for RCC_APB1PeriphResetCmd
    stm32f10x_i2c.o(.text) refers to stm32f10x_rcc.o(.text) for RCC_APB1PeriphResetCmd
    stm32f10x_pwr.o(.text) refers to stm32f10x_rcc.o(.text) for RCC_APB1PeriphResetCmd
    stm32f10x_spi.o(.text) refers to stm32f10x_rcc.o(.text) for RCC_APB2PeriphResetCmd
    stm32f10x_tim.o(.text) refers to stm32f10x_rcc.o(.text) for RCC_APB1PeriphResetCmd
    stm32f10x_wwdg.o(.text) refers to stm32f10x_rcc.o(.text) for RCC_APB1PeriphResetCmd
    bsp.o(.text) refers to system_stm32f10x.o(.text) for SystemInit
    bsp.o(.text) refers to led.o(.text) for LED_GPIO_Config
    bsp.o(.text) refers to usart1.o(.text) for USART1_Config
    bsp.o(.text) refers to delay.o(.text) for delay_init
    bsp.o(.text) refers to oled.o(.text) for OLED_Init
    bsp.o(.text) refers to i2c_driver.o(.text) for I2C_GPIO_Config
    bsp.o(.text) refers to system_stm32f10x.o(.constdata) for SystemFrequency
    led.o(.text) refers to stm32f10x_rcc.o(.text) for RCC_APB2PeriphClockCmd
[...]
    printf5.o(i.__0vfprintf$5) refers to printf5.o(i._printf_core) for _printf_core
    printf5.o(i.__0vfprintf$5) refers to usart1.o(.text) for fputc
    printf5.o(i.__0vprintf$5) refers to printf5.o(i._printf_core) for _printf_core
    printf5.o(i.__0vprintf$5) refers to usart1.o(.text) for fputc
    printf5.o(i.__0vprintf$5) refers to stdout.o(.data) for __stdout
    printf5.o(i.__0vsnprintf$5) refers to printf5.o(i._printf_core) for _printf_core
    printf5.o(i.__0vsnprintf$5) refers to printf5.o(i._snputc) for _snputc
    printf5.o(i.__0vsprintf$5) refers to printf5.o(i._printf_core) for _printf_core
    printf5.o(i.__0vsprintf$5) refers to printf5.o(i._sputc) for _sputc
    printf5.o(i._printf_core) refers to uldiv.o(.text) for __aeabi_uldivmod
    printf6.o(i.__0fprintf$6) refers to printf6.o(i._printf_core) for _printf_core
    printf6.o(i.__0fprintf$6) refers to usart1.o(.text) for fputc
    printf6.o(i.__0printf$6) refers to printf6.o(i._printf_core) for _printf_core
    printf6.o(i.__0printf$6) refers to usart1.o(.text) for fputc
    printf6.o(i.__0printf$6) refers to stdout.o(.data) for __stdout
    printf6.o(i.__0snprintf$6) refers to printf6.o(i._printf_core) for _printf_core
    printf6.o(i.__0snprintf$6) refers to printf6.o(i._snputc) for _snputc
    printf6.o(i.__0sprintf$6) refers to printf6.o(i._printf_core) for _printf_core
    printf6.o(i.__0sprintf$6) refers to printf6.o(i._sputc) for _sputc
    printf6.o(i.__0vfprintf$6) refers to printf6.o(i._printf_core) for _printf_core
    printf6.o(i.__0vfprintf$6) refers to usart1.o(.text) for fputc
    printf6.o(i.__0vprintf$6) refers to printf6.o(i._printf_core) for _printf_core
    printf6.o(i.__0vprintf$6) refers to usart1.o(.text) for fputc
    printf6.o(i.__0vprintf$6) refers to stdout.o(.data) for __stdout
    printf6.o(i.__0vsnprintf$6) refers to printf6.o(i._printf_core) for _printf_core
    printf6.o(i.__0vsnprintf$6) refers to printf6.o(i._snputc) for _snputc
    printf6.o(i.__0vsprintf$6) refers to printf6.o(i._printf_core) for _printf_core
    printf6.o(i.__0vsprintf$6) refers to printf6.o(i._sputc) for _sputc
    printf6.o(i._printf_core) refers to printf6.o(i._printf_pre_padding) for _printf_pre_padding
    printf6.o(i._printf_core) refers to uidiv.o(.text) for __aeabi_uidivmod
    printf6.o(i._printf_core) refers to printf6.o(i._printf_post_padding) for _printf_post_padding
    printf7.o(i.__0fprintf$7) refers to printf7.o(i._printf_core) for _printf_core
    printf7.o(i.__0fprintf$7) refers to usart1.o(.text) for fputc
    printf7.o(i.__0printf$7) refers to printf7.o(i._printf_core) for _printf_core
    printf7.o(i.__0printf$7) refers to usart1.o(.text) for fputc
    printf7.o(i.__0printf$7) refers to stdout.o(.data) for __stdout
    printf7.o(i.__0snprintf$7) refers to printf7.o(i._printf_core) for _printf_core
    printf7.o(i.__0snprintf$7) refers to printf7.o(i._snputc) for _snputc
    printf7.o(i.__0sprintf$7) refers to printf7.o(i._printf_core) for _printf_core
    printf7.o(i.__0sprintf$7) refers to printf7.o(i._sputc) for _sputc
    printf7.o(i.__0vfprintf$7) refers to printf7.o(i._printf_core) for _printf_core
    printf7.o(i.__0vfprintf$7) refers to usart1.o(.text) for fputc
    printf7.o(i.__0vprintf$7) refers to printf7.o(i._printf_core) for _printf_core
    printf7.o(i.__0vprintf$7) refers to usart1.o(.text) for fputc
    printf7.o(i.__0vprintf$7) refers to stdout.o(.data) for __stdout
    printf7.o(i.__0vsnprintf$7) refers to printf7.o(i._printf_core) for _printf_core
    printf7.o(i.__0vsnprintf$7) refers to printf7.o(i._snputc) for _snputc
    printf7.o(i.__0vsprintf$7) refers to printf7.o(i._printf_core) for _printf_core
    printf7.o(i.__0vsprintf$7) refers to printf7.o(i._sputc) for _sputc
    printf7.o(i._printf_core) refers to printf7.o(i._printf_pre_padding) for _printf_pre_padding
    printf7.o(i._printf_core) refers to uldiv.o(.text) for __aeabi_uldivmod
    printf7.o(i._printf_core) refers to printf7.o(i._printf_post_padding) for _printf_post_padding
    printf8.o(i.__0fprintf$8) refers to printf8.o(i._printf_core) for _printf_core
    printf8.o(i.__0fprintf$8) refers to usart1.o(.text) for fputc
    printf8.o(i.__0printf$8) refers to printf8.o(i._printf_core) for _printf_core
    printf8.o(i.__0printf$8) refers to usart1.o(.text) for fputc
    printf8.o(i.__0printf$8) refers to stdout.o(.data) for __stdout
    printf8.o(i.__0snprintf$8) refers to printf8.o(i._printf_core) for _printf_core
    printf8.o(i.__0snprintf$8) refers to printf8.o(i._snputc) for _snputc
    printf8.o(i.__0sprintf$8) refers to printf8.o(i._printf_core) for _printf_core
    printf8.o(i.__0sprintf$8) refers to printf8.o(i._sputc) for _sputc
    printf8.o(i.__0vfprintf$8) refers to printf8.o(i._printf_core) for _printf_core
    printf8.o(i.__0vfprintf$8) refers to usart1.o(.text) for fputc
    printf8.o(i.__0vprintf$8) refers to printf8.o(i._printf_core) for _printf_core
    printf8.o(i.__0vprintf$8) refers to usart1.o(.text) for fputc
    printf8.o(i.__0vprintf$8) refers to stdout.o(.data) for __stdout
    printf8.o(i.__0vsnprintf$8) refers to printf8.o(i._printf_core) for _printf_core
    printf8.o(i.__0vsnprintf$8) refers to printf8.o(i._snputc) for _snputc
    printf8.o(i.__0vsprintf$8) refers to printf8.o(i._printf_core) for _printf_core
    printf8.o(i.__0vsprintf$8) refers to printf8.o(i._sputc) for _sputc
    printf8.o(i._printf_core) refers to printf8.o(i._printf_pre_padding) for _printf_pre_padding
    printf8.o(i._printf_core) refers to uldiv.o(.text) for __aeabi_uldivmod
    printf8.o(i._printf_core) refers to printf8.o(i._printf_post_padding) for _printf_post_padding
    printfa.o(i.__0fprintf) refers (Special) to iusefp.o(.text) for __I$use$fp
    printfa.o(i.__0fprintf) refers to printfa.o(i._printf_core) for _printf_core
    printfa.o(i.__0fprintf) refers to usart1.o(.text) for fputc
    printfa.o(i.__0printf) refers (Special) to iusefp.o(.text) for __I$use$fp
    printfa.o(i.__0printf) refers to printfa.o(i._printf_core) for _printf_core
    printfa.o(i.__0printf) refers to usart1.o(.text) for fputc
    printfa.o(i.__0printf) refers to stdout.o(.data) for __stdout
    printfa.o(i.__0snprintf) refers (Special) to iusefp.o(.text) for __I$use$fp
    printfa.o(i.__0snprintf) refers to printfa.o(i._printf_core) for _printf_core
    printfa.o(i.__0snprintf) refers to printfa.o(i._snputc) for _snputc
    printfa.o(i.__0sprintf) refers (Special) to iusefp.o(.text) for __I$use$fp
    printfa.o(i.__0sprintf) refers to printfa.o(i._printf_core) for _printf_core
    printfa.o(i.__0sprintf) refers to printfa.o(i._sputc) for _sputc
    printfa.o(i.__0vfprintf) refers (Special) to iusefp.o(.text) for __I$use$fp
    printfa.o(i.__0vfprintf) refers to printfa.o(i._printf_core) for _printf_core
    printfa.o(i.__0vfprintf) refers to usart1.o(.text) for fputc
    printfa.o(i.__0vprintf) refers (Special) to iusefp.o(.text) for __I$use$fp
    printfa.o(i.__0vprintf) refers to printfa.o(i._printf_core) for _printf_core
    printfa.o(i.__0vprintf) refers to usart1.o(.text) for fputc
    printfa.o(i.__0vprintf) refers to stdout.o(.data) for __stdout
    printfa.o(i.__0vsnprintf) refers (Special) to iusefp.o(.text) for __I$use$fp
    printfa.o(i.__0vsnprintf) refers to printfa.o(i._printf_core) for _printf_core
    printfa.o(i.__0vsnprintf) refers to printfa.o(i._snputc) for _snputc
    printfa.o(i.__0vsprintf) refers (Special) to iusefp.o(.text) for __I$use$fp
    printfa.o(i.__0vsprintf) refers to printfa.o(i._printf_core) for _printf_core
    printfa.o(i.__0vsprintf) refers to printfa.o(i._sputc) for _sputc
    printfa.o(i._fp_digits) refers (Special) to iusefp.o(.text) for __I$use$fp
    printfa.o(i._fp_digits) refers to dmul.o(.text) for __aeabi_dmul
    printfa.o(i._fp_digits) refers to ddiv.o(.text) for __aeabi_ddiv
    printfa.o(i._fp_digits) refers to cdrcmple.o(.text) for __aeabi_cdrcmple
    printfa.o(i._fp_digits) refers to dadd.o(.text) for __aeabi_dadd
    printfa.o(i._fp_digits) refers to dfixul.o(.text) for __aeabi_d2ulz
    printfa.o(i._fp_digits) refers to uldiv.o(.text) for __aeabi_uldivmod
    printfa.o(i._printf_core) refers (Special) to iusefp.o(.text) for __I$use$fp
    printfa.o(i._printf_core) refers to printfa.o(i._printf_pre_padding) for _printf_pre_padding
    printfa.o(i._printf_core) refers to uldiv.o(.text) for __aeabi_uldivmod
    printfa.o(i._printf_core) refers to printfa.o(i._printf_post_padding) for _printf_post_padding
    printfa.o(i._printf_core) refers to printfa.o(i._fp_digits) for _fp_digits
    printfa.o(i._printf_core) refers to uidiv.o(.text) for __aeabi_uidivmod
    printfa.o(i._printf_post_padding) refers (Special) to iusefp.o(.text) for __I$use$fp
    printfa.o(i._printf_pre_padding) refers (Special) to iusefp.o(.text) for __I$use$fp
    printfa.o(i._snputc) refers (Special) to iusefp.o(.text) for __I$use$fp
    printfa.o(i._sputc) refers (Special) to iusefp.o(.text) for __I$use$fp
    entry2.o(.ARM.Collect$$$$00000001) refers to entry2.o(.ARM.Collect$$$$00002712) for __lit__00000000
    entry2.o(.ARM.Collect$$$$00002712) refers to startup_stm32f10x_hd.o(STACK) for __initial_sp
    entry2.o(__vectab_stack_and_reset_area) refers to startup_stm32f10x_hd.o(STACK) for __initial_sp
    entry2.o(__vectab_stack_and_reset_area) refers to entry.o(.ARM.Collect$$$$00000000) for __main
    entry5.o(.ARM.Collect$$$$00000004) refers to init.o(.text) for __scatterload
    entry9a.o(.ARM.Collect$$$$0000000B) refers to main.o(.text) for main
    entry9b.o(.ARM.Collect$$$$0000000C) refers to main.o(.text) for main
    uldiv.o(.text) refers to llushr.o(.text) for __aeabi_llsr
    uldiv.o(.text) refers to llshl.o(.text) for __aeabi_llsl
    dadd.o(.text) refers to llshl.o(.text) for __aeabi_llsl
    dadd.o(.text) refers to llsshr.o(.text) for __aeabi_lasr
    dadd.o(.text) refers to depilogue.o(.text) for _double_epilogue
    dmul.o(.text) refers to depilogue.o(.text) for _double_epilogue
    ddiv.o(.text) refers to depilogue.o(.text) for _double_round
    dfixul.o(.text) refers to llushr.o(.text) for __aeabi_llsr
    dfixul.o(.text) refers to llshl.o(.text) for __aeabi_llsl
    init.o(.text) refers to entry5.o(.ARM.Collect$$$$00000004) for __main_after_scatterload
    depilogue.o(.text) refers to llshl.o(.text) for __aeabi_llsl
    depilogue.o(.text) refers to llushr.o(.text) for __aeabi_llsr


==============================================================================

Removing Unused input sections from the image.

    Removing startup_stm32f10x_hd.o(HEAP), (0 bytes).
    Removing stmflash.o(.text), (560 bytes).
    Removing stmflash.o(.bss), (2048 bytes).
    Removing stmflash.o(.data), (16 bytes).
    Removing gui.o(.data), (1024 bytes).
    Removing guirgb.o(.text), (3064 bytes).
    Removing guirgb.o(.constdata), (9074 bytes).
    Removing stm32f10x_adc.o(.text), (800 bytes).
    Removing stm32f10x_bkp.o(.text), (140 bytes).
    Removing stm32f10x_can.o(.text), (1362 bytes).
    Removing stm32f10x_crc.o(.text), (64 bytes).
    Removing stm32f10x_dac.o(.text), (236 bytes).
    Removing stm32f10x_dbgmcu.o(.text), (40 bytes).
    Removing stm32f10x_dma.o(.text), (436 bytes).
    Removing stm32f10x_flash.o(.text), (992 bytes).
    Removing stm32f10x_fsmc.o(.text), (1116 bytes).
    Removing stm32f10x_i2c.o(.text), (784 bytes).
    Removing stm32f10x_iwdg.o(.text), (60 bytes).
    Removing stm32f10x_pwr.o(.text), (164 bytes).
    Removing stm32f10x_rtc.o(.text), (272 bytes).
    Removing stm32f10x_sdio.o(.text), (420 bytes).
    Removing stm32f10x_spi.o(.text), (628 bytes).
    Removing stm32f10x_wwdg.o(.text), (116 bytes).
    Removing core_cm3.o(.emb_text), (32 bytes).
    Removing system_stm32f10x.o(.constdata), (4 bytes).
    Removing system_stm32f10x.o(.constdata), (4 bytes).
    Removing system_stm32f10x.o(.constdata), (4 bytes).
    Removing system_stm32f10x.o(.constdata), (4 bytes).
    Removing voice.o(.constdata), (16 bytes).
    Removing voice.o(.constdata), (17 bytes).
    Removing lcdrgb.o(.text), (1064 bytes).
    Removing lcdrgb.o(.bss), (16 bytes).
    Removing lcdrgb.o(.data), (2 bytes).
    Removing lcdrgb.o(.data), (2 bytes).
    Removing lcdrgb.o(.data), (2 bytes).
    Removing relay.o(.text), (116 bytes).
    Removing relay.o(.constdata), (20 bytes).
    Removing spihw.o(.text), (204 bytes).
    Removing ultrasonic.o(.text), (184 bytes).
    Removing w5500.o(.text), (2028 bytes).
    Removing w5500.o(.bss), (2048 bytes).
    Removing w5500.o(.bss), (2048 bytes).
    Removing w5500.o(.data), (1 bytes).
    Removing w5500.o(.data), (28 bytes).
    Removing w5500.o(.data), (4 bytes).
    Removing w5500.o(.data), (2 bytes).
    Removing w5500.o(.data), (1 bytes).
    Removing w5500process.o(.text), (472 bytes).
    Removing os_sem.o(.text), (844 bytes).
    Removing os_dbg.o(.constdata), (2 bytes).
    Removing sys.o(.emb_text), (6 bytes).
    Removing sys.o(.text), (12 bytes).
    Removing dadd.o(.text), (334 bytes).
    Removing dmul.o(.text), (228 bytes).
    Removing ddiv.o(.text), (222 bytes).
    Removing dfixul.o(.text), (48 bytes).
    Removing cdrcmple.o(.text), (40 bytes).
    Removing depilogue.o(.text), (190 bytes).

58 unused section(s) (total 33665 bytes) removed from the image.

==============================================================================

Image Symbol Table

    Local Symbols

    Symbol Name                              Value     Ov Type        Size  Object(Section)

    ../clib/microlib/division.c              0x00000000   Number         0  uldiv.o ABSOLUTE
    ../clib/microlib/division.c              0x00000000   Number         0  uidiv.o ABSOLUTE
    ../clib/microlib/init/entry.s            0x00000000   Number         0  entry5.o ABSOLUTE
    ../clib/microlib/init/entry.s            0x00000000   Number         0  entry9a.o ABSOLUTE
    ../clib/microlib/init/entry.s            0x00000000   Number         0  entry2.o ABSOLUTE
    ../clib/microlib/init/entry.s            0x00000000   Number         0  entry8b.o ABSOLUTE
    ../clib/microlib/init/entry.s            0x00000000   Number         0  entry8a.o ABSOLUTE
    ../clib/microlib/init/entry.s            0x00000000   Number         0  entry9b.o ABSOLUTE
    ../clib/microlib/init/entry.s            0x00000000   Number         0  entry11a.o ABSOLUTE
    ../clib/microlib/init/entry.s            0x00000000   Number         0  entry7b.o ABSOLUTE
    ../clib/microlib/init/entry.s            0x00000000   Number         0  entry7a.o ABSOLUTE
    ../clib/microlib/init/entry.s            0x00000000   Number         0  entry10a.o ABSOLUTE
    ../clib/microlib/init/entry.s            0x00000000   Number         0  entry10b.o ABSOLUTE
    ../clib/microlib/init/entry.s            0x00000000   Number         0  entry11b.o ABSOLUTE
    ../clib/microlib/init/entry.s            0x00000000   Number         0  entry.o ABSOLUTE
    ../clib/microlib/longlong.c              0x00000000   Number         0  llsshr.o ABSOLUTE
    ../clib/microlib/longlong.c              0x00000000   Number         0  llushr.o ABSOLUTE
    ../clib/microlib/longlong.c              0x00000000   Number         0  llshl.o ABSOLUTE
    ../clib/microlib/printf/printf.c         0x00000000   Number         0  printf3.o ABSOLUTE
    ../clib/microlib/printf/printf.c         0x00000000   Number         0  printf2.o ABSOLUTE
    ../clib/microlib/printf/printf.c         0x00000000   Number         0  printf1.o ABSOLUTE
    ../clib/microlib/printf/printf.c         0x00000000   Number         0  printf0.o ABSOLUTE
    ../clib/microlib/printf/printf.c         0x00000000   Number         0  printfb.o ABSOLUTE
    ../clib/microlib/printf/printf.c         0x00000000   Number         0  printf4.o ABSOLUTE
    ../clib/microlib/printf/printf.c         0x00000000   Number         0  printfa.o ABSOLUTE
    ../clib/microlib/printf/printf.c         0x00000000   Number         0  printf8.o ABSOLUTE
    ../clib/microlib/printf/printf.c         0x00000000   Number         0  printf7.o ABSOLUTE
    ../clib/microlib/printf/printf.c         0x00000000   Number         0  printf6.o ABSOLUTE
    ../clib/microlib/printf/printf.c         0x00000000   Number         0  printf5.o ABSOLUTE
    ../clib/microlib/printf/stubs.s          0x00000000   Number         0  stubs.o ABSOLUTE
    ../clib/microlib/stdio/streams.c         0x00000000   Number         0  stdout.o ABSOLUTE
    ../clib/microlib/string/memcmp.c         0x00000000   Number         0  memcmp.o ABSOLUTE
    ../clib/microlib/string/memcpy.c         0x00000000   Number         0  memcpya.o ABSOLUTE
    ../clib/microlib/string/memcpy.c         0x00000000   Number         0  memcpyb.o ABSOLUTE
    ../clib/microlib/string/memset.c         0x00000000   Number         0  memseta.o ABSOLUTE
    ../clib/microlib/string/strcmp.c         0x00000000   Number         0  strcmp.o ABSOLUTE
    ../clib/microlib/string/strlen.c         0x00000000   Number         0  strlen.o ABSOLUTE
    ../clib/microlib/stubs.s                 0x00000000   Number         0  iusefp.o ABSOLUTE
    ../fplib/microlib/fpadd.c                0x00000000   Number         0  dadd.o ABSOLUTE
    ../fplib/microlib/fpdiv.c                0x00000000   Number         0  ddiv.o ABSOLUTE
    ../fplib/microlib/fpepilogue.c           0x00000000   Number         0  depilogue.o ABSOLUTE
    ../fplib/microlib/fpfix.c                0x00000000   Number         0  dfixul.o ABSOLUTE
    ../fplib/microlib/fpmul.c                0x00000000   Number         0  dmul.o ABSOLUTE
    ..\APP\app.c                             0x00000000   Number         0  app.o ABSOLUTE
    ..\BSP\BSP.c                             0x00000000   Number         0  bsp.o ABSOLUTE
    ..\BSP\SPIHW.c                           0x00000000   Number         0  spihw.o ABSOLUTE
    ..\BSP\Time_test.c                       0x00000000   Number         0  time_test.o ABSOLUTE
    ..\BSP\W5500.c                           0x00000000   Number         0  w5500.o ABSOLUTE
    ..\BSP\W5500Process.c                    0x00000000   Number         0  w5500process.o ABSOLUTE
    ..\BSP\exti.c                            0x00000000   Number         0  exti.o ABSOLUTE
    ..\BSP\lcdrgb.c                          0x00000000   Number         0  lcdrgb.o ABSOLUTE
    ..\BSP\led.c                             0x00000000   Number         0  led.o ABSOLUTE
    ..\BSP\oled.c                            0x00000000   Number         0  oled.o ABSOLUTE
    ..\BSP\relay.c                           0x00000000   Number         0  relay.o ABSOLUTE
    ..\BSP\spi.c                             0x00000000   Number         0  spi.o ABSOLUTE
    ..\BSP\ultrasonic.c                      0x00000000   Number         0  ultrasonic.o ABSOLUTE
    ..\BSP\voice.c                           0x00000000   Number         0  voice.o ABSOLUTE
    ..\CMSIS\core_cm3.c                      0x00000000   Number         0  core_cm3.o ABSOLUTE
    ..\CMSIS\startup\startup_stm32f10x_hd.s  0x00000000   Number         0  startup_stm32f10x_hd.o ABSOLUTE
    ..\CMSIS\system_stm32f10x.c              0x00000000   Number         0  system_stm32f10x.o ABSOLUTE
    ..\FWlib\src\misc.c                      0x00000000   Number         0  misc.o ABSOLUTE
    ..\FWlib\src\stm32f10x_adc.c             0x00000000   Number         0  stm32f10x_adc.o ABSOLUTE
    ..\FWlib\src\stm32f10x_bkp.c             0x00000000   Number         0  stm32f10x_bkp.o ABSOLUTE
    ..\FWlib\src\stm32f10x_can.c             0x00000000   Number         0  stm32f10x_can.o ABSOLUTE
    ..\FWlib\src\stm32f10x_crc.c             0x00000000   Number         0  stm32f10x_crc.o ABSOLUTE
    ..\FWlib\src\stm32f10x_dac.c             0x00000000   Number         0  stm32f10x_dac.o ABSOLUTE
    ..\FWlib\src\stm32f10x_dbgmcu.c          0x00000000   Number         0  stm32f10x_dbgmcu.o ABSOLUTE
    ..\FWlib\src\stm32f10x_dma.c             0x00000000   Number         0  stm32f10x_dma.o ABSOLUTE
    ..\FWlib\src\stm32f10x_exti.c            0x00000000   Number         0  stm32f10x_exti.o ABSOLUTE
    ..\FWlib\src\stm32f10x_flash.c           0x00000000   Number         0  stm32f10x_flash.o ABSOLUTE
    ..\FWlib\src\stm32f10x_fsmc.c            0x00000000   Number         0  stm32f10x_fsmc.o ABSOLUTE
    ..\FWlib\src\stm32f10x_gpio.c            0x00000000   Number         0  stm32f10x_gpio.o ABSOLUTE
    ..\FWlib\src\stm32f10x_i2c.c             0x00000000   Number         0  stm32f10x_i2c.o ABSOLUTE
    ..\FWlib\src\stm32f10x_iwdg.c            0x00000000   Number         0  stm32f10x_iwdg.o ABSOLUTE
    ..\FWlib\src\stm32f10x_pwr.c             0x00000000   Number         0  stm32f10x_pwr.o ABSOLUTE
    ..\FWlib\src\stm32f10x_rcc.c             0x00000000   Number         0  stm32f10x_rcc.o ABSOLUTE
    ..\FWlib\src\stm32f10x_rtc.c             0x00000000   Number         0  stm32f10x_rtc.o ABSOLUTE
    ..\FWlib\src\stm32f10x_sdio.c            0x00000000   Number         0  stm32f10x_sdio.o ABSOLUTE
    ..\FWlib\src\stm32f10x_spi.c             0x00000000   Number         0  stm32f10x_spi.o ABSOLUTE
    ..\FWlib\src\stm32f10x_tim.c             0x00000000   Number         0  stm32f10x_tim.o ABSOLUTE
    ..\FWlib\src\stm32f10x_usart.c           0x00000000   Number         0  stm32f10x_usart.o ABSOLUTE
    ..\FWlib\src\stm32f10x_wwdg.c            0x00000000   Number         0  stm32f10x_wwdg.o ABSOLUTE
    ..\SYSTEM\delay.c                        0x00000000   Number         0  delay.o ABSOLUTE
    ..\SYSTEM\sys.c                          0x00000000   Number         0  sys.o ABSOLUTE
    ..\\CMSIS\\core_cm3.c                    0x00000000   Number         0  core_cm3.o ABSOLUTE
    ..\\SYSTEM\\sys.c                        0x00000000   Number         0  sys.o ABSOLUTE
    ..\uCOS-II\Ports\os_cpu_a.asm            0x00000000   Number         0  os_cpu_a.o ABSOLUTE
    ..\uCOS-II\Ports\os_cpu_c.c              0x00000000   Number         0  os_cpu_c.o ABSOLUTE
    ..\uCOS-II\Ports\os_dbg.c                0x00000000   Number         0  os_dbg.o ABSOLUTE
    ..\uCOS-II\Source\os_core.c              0x00000000   Number         0  os_core.o ABSOLUTE
    ..\uCOS-II\Source\os_flag.c              0x00000000   Number         0  os_flag.o ABSOLUTE
    ..\uCOS-II\Source\os_mbox.c              0x00000000   Number         0  os_mbox.o ABSOLUTE
    ..\uCOS-II\Source\os_mem.c               0x00000000   Number         0  os_mem.o ABSOLUTE
    ..\uCOS-II\Source\os_mutex.c             0x00000000   Number         0  os_mutex.o ABSOLUTE
    ..\uCOS-II\Source\os_q.c                 0x00000000   Number         0  os_q.o ABSOLUTE
    ..\uCOS-II\Source\os_sem.c               0x00000000   Number         0  os_sem.o ABSOLUTE
    ..\uCOS-II\Source\os_task.c              0x00000000   Number         0  os_task.o ABSOLUTE
    ..\uCOS-II\Source\os_time.c              0x00000000   Number         0  os_time.o ABSOLUTE
    ..\uCOS-II\Source\os_tmr.c               0x00000000   Number         0  os_tmr.o ABSOLUTE
    GUIRGB.c                                 0x00000000   Number         0  guirgb.o ABSOLUTE
    I2C_Driver.c                             0x00000000   Number         0  i2c_driver.o ABSOLUTE
    cdrcmple.s                               0x00000000   Number         0  cdrcmple.o ABSOLUTE
    dc.s                                     0x00000000   Number         0  dc.o ABSOLUTE
    gui.c                                    0x00000000   Number         0  gui.o ABSOLUTE
    handlers.s                               0x00000000   Number         0  handlers.o ABSOLUTE
    init.s                                   0x00000000   Number         0  init.o ABSOLUTE
    main.c                                   0x00000000   Number         0  main.o ABSOLUTE
    stm32f10x_it.c                           0x00000000   Number         0  stm32f10x_it.o ABSOLUTE
    stmflash.c                               0x00000000   Number         0  stmflash.o ABSOLUTE
    usart1.c                                 0x00000000   Number         0  usart1.o ABSOLUTE
    RESET                                    0x08000000   Section      304  startup_stm32f10x_hd.o(RESET)
    .ARM.Collect$$$$00000000                 0x08000130   Section        0  entry.o(.ARM.Collect$$$$00000000)
    .ARM.Collect$$$$00000001                 0x08000130   Section        4  entry2.o(.ARM.Collect$$$$00000001)
    .ARM.Collect$$$$00000004                 0x08000134   Section        4  entry5.o(.ARM.Collect$$$$00000004)
    .ARM.Collect$$$$00000008                 0x08000138   Section        0  entry7b.o(.ARM.Collect$$$$00000008)
    .ARM.Collect$$$$0000000A                 0x08000138   Section        0  entry8b.o(.ARM.Collect$$$$0000000A)
    .ARM.Collect$$$$0000000B                 0x08000138   Section        8  entry9a.o(.ARM.Collect$$$$0000000B)
    .ARM.Collect$$$$0000000D                 0x08000140   Section        0  entry10a.o(.ARM.Collect$$$$0000000D)
    .ARM.Collect$$$$0000000F                 0x08000140   Section        0  entry11a.o(.ARM.Collect$$$$0000000F)
    .ARM.Collect$$$$00002712                 0x08000140   Section        4  entry2.o(.ARM.Collect$$$$00002712)
    __lit__00000000                          0x08000140   Data           4  entry2.o(.ARM.Collect$$$$00002712)
    .text                                    0x08000144   Section       48  startup_stm32f10x_hd.o(.text)
    .text                                    0x08000174   Section        0  main.o(.text)
    .text                                    0x0800019c   Section        0  stm32f10x_it.o(.text)
    .text                                    0x080001c0   Section        0  usart1.o(.text)
    .text                                    0x08000370   Section        0  i2c_driver.o(.text)
    .text                                    0x08000920   Section        0  gui.o(.text)
    _draw_circle_8                           0x08000a69   Thumb Code   152  gui.o(.text)
    _swap                                    0x08001225   Thumb Code    10  gui.o(.text)
    _draw_h_line                             0x0800122f   Thumb Code    36  gui.o(.text)
    .text                                    0x08001254   Section        0  stm32f10x_gpio.o(.text)
    .text                                    0x08001488   Section        0  stm32f10x_rcc.o(.text)
    .text                                    0x0800173c   Section        0  stm32f10x_usart.o(.text)
    .text                                    0x08001a14   Section        0  misc.o(.text)
    .text                                    0x08001ac4   Section        0  stm32f10x_exti.o(.text)
    .text                                    0x08001bac   Section        0  stm32f10x_tim.o(.text)
    TI2_Config                               0x08001e67   Thumb Code    54  stm32f10x_tim.o(.text)
    TI1_Config                               0x0800249b   Thumb Code    46  stm32f10x_tim.o(.text)
    .text                                    0x080024c8   Section        0  system_stm32f10x.o(.text)
    SetSysClockTo72                          0x080024c9   Thumb Code   160  system_stm32f10x.o(.text)
    .text                                    0x080025a8   Section        0  bsp.o(.text)
    .text                                    0x08002604   Section        0  led.o(.text)
    .text                                    0x0800263c   Section        0  oled.o(.text)
    .text                                    0x0800289c   Section        0  spi.o(.text)
    .text                                    0x080028e4   Section        0  voice.o(.text)
    .text                                    0x08002948   Section        0  exti.o(.text)
    .text                                    0x08002a24   Section        0  time_test.o(.text)
    .text                                    0x08002ad8   Section        0  app.o(.text)
    .text                                    0x08002b40   Section        0  os_core.o(.text)
    OS_SchedNew                              0x080031e3   Thumb Code    24  os_core.o(.text)
    .text                                    0x08003208   Section        0  os_task.o(.text)
    .text                                    0x080038d4   Section        0  os_time.o(.text)
    .text                                    0x08003a60   Section      164  os_cpu_a.o(.text)
    .text                                    0x08003b04   Section        0  os_cpu_c.o(.text)
    .text                                    0x08003b88   Section        0  delay.o(.text)
    .text                                    0x08003c48   Section        0  memseta.o(.text)
    .text                                    0x08003c6c   Section        0  strcmp.o(.text)
    .text                                    0x08003c88   Section        0  uldiv.o(.text)
    .text                                    0x08003cec   Section       36  init.o(.text)
    .text                                    0x08003d10   Section        0  llshl.o(.text)
    .text                                    0x08003d2e   Section        0  llushr.o(.text)
    i.__0printf$5                            0x08003d50   Section        0  printf5.o(i.__0printf$5)
    i.__0sprintf$5                           0x08003d70   Section        0  printf5.o(i.__0sprintf$5)
    i.__scatterload_copy                     0x08003d98   Section       14  handlers.o(i.__scatterload_copy)
    i.__scatterload_null                     0x08003da6   Section        2  handlers.o(i.__scatterload_null)
    i.__scatterload_zeroinit                 0x08003da8   Section       14  handlers.o(i.__scatterload_zeroinit)
    i._printf_core                           0x08003db8   Section        0  printf5.o(i._printf_core)
    _printf_core                             0x08003db9   Thumb Code   658  printf5.o(i._printf_core)
    i._sputc                                 0x08004078   Section        0  printf5.o(i._sputc)
    _sputc                                   0x08004079   Thumb Code    10  printf5.o(i._sputc)
    .constdata                               0x08004082   Section     2518  gui.o(.constdata)
    .constdata                               0x08004a58   Section        4  system_stm32f10x.o(.constdata)
    .constdata                               0x08004a5c   Section       26  voice.o(.constdata)
    .constdata                               0x08004a76   Section      256  os_core.o(.constdata)
    .data                                    0x20000000   Section        2  usart1.o(.data)
    .data                                    0x20000002   Section       40  i2c_driver.o(.data)
    .data                                    0x2000002a   Section       20  stm32f10x_rcc.o(.data)
    ADCPrescTable                            0x2000002a   Data           4  stm32f10x_rcc.o(.data)
    APBAHBPrescTable                         0x2000002e   Data          16  stm32f10x_rcc.o(.data)
    .data                                    0x20000040   Section        4  exti.o(.data)
    .data                                    0x20000044   Section        4  ultrasonic.o(.data)
    .data                                    0x20000048   Section       56  os_core.o(.data)
    .data                                    0x20000080   Section        4  delay.o(.data)
    fac_us                                   0x20000080   Data           1  delay.o(.data)
    fac_ms                                   0x20000082   Data           2  delay.o(.data)
    .data                                    0x20000084   Section        4  stdout.o(.data)
    .bss                                     0x20000088   Section      320  main.o(.bss)
    .bss                                     0x200001c8   Section     1024  usart1.o(.bss)
    .bss                                     0x200005c8   Section     1024  oled.o(.bss)
    OLED_buffer                              0x200005c8   Data        1024  oled.o(.bss)
    .bss                                     0x200009c8   Section      320  app.o(.bss)
    .bss                                     0x20000b08   Section     2912  os_core.o(.bss)
    STACK                                    0x20001668   Section      512  startup_stm32f10x_hd.o(STACK)

    Global Symbols

    Symbol Name                              Value     Ov Type        Size  Object(Section)

    BuildAttributes$$THM_ISAv4$P$D$K$B$S$PE$A:L22UL41UL21$X:L11$S22US41US21$IEEE1$IW$USESV6$~STKCKD$USESV7$~SHL$OSPACE$ROPI$EBA8$MICROLIB$REQ8$PRES8$EABIv2 0x00000000   Number         0  anon$$obj.o ABSOLUTE
    __ARM_use_no_argv                        0x00000000   Number         0  main.o ABSOLUTE
    _printf_a                                0x00000000   Number         0  stubs.o ABSOLUTE
    _printf_c                                0x00000000   Number         0  stubs.o ABSOLUTE
    _printf_charcount                        0x00000000   Number         0  stubs.o ABSOLUTE
    _printf_d                                0x00000000   Number         0  stubs.o ABSOLUTE
    _printf_e                                0x00000000   Number         0  stubs.o ABSOLUTE
    _printf_f                                0x00000000   Number         0  stubs.o ABSOLUTE
    _printf_flags                            0x00000000   Number         0  stubs.o ABSOLUTE
    _printf_fp_dec                           0x00000000   Number         0  stubs.o ABSOLUTE
    _printf_fp_hex                           0x00000000   Number         0  stubs.o ABSOLUTE
    _printf_g                                0x00000000   Number         0  stubs.o ABSOLUTE
    _printf_i                                0x00000000   Number         0  stubs.o ABSOLUTE
    _printf_int_dec                          0x00000000   Number         0  stubs.o ABSOLUTE
    _printf_l                                0x00000000   Number         0  stubs.o ABSOLUTE
    _printf_lc                               0x00000000   Number         0  stubs.o ABSOLUTE
    _printf_ll                               0x00000000   Number         0  stubs.o ABSOLUTE
    _printf_lld                              0x00000000   Number         0  stubs.o ABSOLUTE
    _printf_lli                              0x00000000   Number         0  stubs.o ABSOLUTE
    _printf_llo                              0x00000000   Number         0  stubs.o ABSOLUTE
    _printf_llu                              0x00000000   Number         0  stubs.o ABSOLUTE
    _printf_llx                              0x00000000   Number         0  stubs.o ABSOLUTE
    _printf_longlong_dec                     0x00000000   Number         0  stubs.o ABSOLUTE
    _printf_longlong_hex                     0x00000000   Number         0  stubs.o ABSOLUTE
    _printf_longlong_oct                     0x00000000   Number         0  stubs.o ABSOLUTE
    _printf_ls                               0x00000000   Number         0  stubs.o ABSOLUTE
    _printf_mbtowc                           0x00000000   Number         0  stubs.o ABSOLUTE
    _printf_n                                0x00000000   Number         0  stubs.o ABSOLUTE
    _printf_o                                0x00000000   Number         0  stubs.o ABSOLUTE
    _printf_p                                0x00000000   Number         0  stubs.o ABSOLUTE
    _printf_percent                          0x00000000   Number         0  stubs.o ABSOLUTE
    _printf_pre_padding                      0x00000000   Number         0  stubs.o ABSOLUTE
    _printf_return_value                     0x00000000   Number         0  stubs.o ABSOLUTE
    _printf_s                                0x00000000   Number         0  stubs.o ABSOLUTE
    _printf_sizespec                         0x00000000   Number         0  stubs.o ABSOLUTE
    _printf_str                              0x00000000   Number         0  stubs.o ABSOLUTE
    _printf_truncate_signed                  0x00000000   Number         0  stubs.o ABSOLUTE
    _printf_truncate_unsigned                0x00000000   Number         0  stubs.o ABSOLUTE
    _printf_u                                0x00000000   Number         0  stubs.o ABSOLUTE
    _printf_wc                               0x00000000   Number         0  stubs.o ABSOLUTE
    _printf_wctomb                           0x00000000   Number         0  stubs.o ABSOLUTE
    _printf_widthprec                        0x00000000   Number         0  stubs.o ABSOLUTE
    _printf_x                                0x00000000   Number         0  stubs.o ABSOLUTE
    __cpp_initialize__aeabi_                  - Undefined Weak Reference
    __cxa_finalize                            - Undefined Weak Reference
    __decompress                              - Undefined Weak Reference
    _clock_init                               - Undefined Weak Reference
    _microlib_exit                            - Undefined Weak Reference
    __Vectors_Size                           0x00000130   Number         0  startup_stm32f10x_hd.o ABSOLUTE
    __Vectors                                0x08000000   Data           4  startup_stm32f10x_hd.o(RESET)
    __Vectors_End                            0x08000130   Data           0  startup_stm32f10x_hd.o(RESET)
    __main                                   0x08000131   Thumb Code     0  entry.o(.ARM.Collect$$$$00000000)
    _main_stk                                0x08000131   Thumb Code     0  entry2.o(.ARM.Collect$$$$00000001)
    _main_scatterload                        0x08000135   Thumb Code     0  entry5.o(.ARM.Collect$$$$00000004)
    __main_after_scatterload                 0x08000139   Thumb Code     0  entry5.o(.ARM.Collect$$$$00000004)
    _main_clock                              0x08000139   Thumb Code     0  entry7b.o(.ARM.Collect$$$$00000008)
    _main_cpp_init                           0x08000139   Thumb Code     0  entry8b.o(.ARM.Collect$$$$0000000A)
    _main_init                               0x08000139   Thumb Code     0  entry9a.o(.ARM.Collect$$$$0000000B)
    __rt_final_cpp                           0x08000141   Thumb Code     0  entry10a.o(.ARM.Collect$$$$0000000D)
    __rt_final_exit                          0x08000141   Thumb Code     0  entry11a.o(.ARM.Collect$$$$0000000F)
    SystemInit_ExtMemCtl                     0x08000145   Thumb Code     2  startup_stm32f10x_hd.o(.text)
    Reset_Handler                            0x08000147   Thumb Code    14  startup_stm32f10x_hd.o(.text)
    ADC1_2_IRQHandler                        0x08000167   Thumb Code     0  startup_stm32f10x_hd.o(.text)
    ADC3_IRQHandler                          0x08000167   Thumb Code     0  startup_stm32f10x_hd.o(.text)
    CAN1_RX1_IRQHandler                      0x08000167   Thumb Code     0  startup_stm32f10x_hd.o(.text)
    CAN1_SCE_IRQHandler                      0x08000167   Thumb Code     0  startup_stm32f10x_hd.o(.text)
    DMA1_Channel1_IRQHandler                 0x08000167   Thumb Code     0  startup_stm32f10x_hd.o(.text)
    DMA1_Channel2_IRQHandler                 0x08000167   Thumb Code     0  startup_stm32f10x_hd.o(.text)
    DMA1_Channel3_IRQHandler                 0x08000167   Thumb Code     0  startup_stm32f10x_hd.o(.text)
    DMA1_Channel4_IRQHandler                 0x08000167   Thumb Code     0  startup_stm32f10x_hd.o(.text)
    DMA1_Channel5_IRQHandler                 0x08000167   Thumb Code     0  startup_stm32f10x_hd.o(.text)
    DMA1_Channel6_IRQHandler                 0x08000167   Thumb Code     0  startup_stm32f10x_hd.o(.text)
    DMA1_Channel7_IRQHandler                 0x08000167   Thumb Code     0  startup_stm32f10x_hd.o(.text)
    DMA2_Channel1_IRQHandler                 0x08000167   Thumb Code     0  startup_stm32f10x_hd.o(.text)
    DMA2_Channel2_IRQHandler                 0x08000167   Thumb Code     0  startup_stm32f10x_hd.o(.text)
    DMA2_Channel3_IRQHandler                 0x08000167   Thumb Code     0  startup_stm32f10x_hd.o(.text)
    DMA2_Channel4_5_IRQHandler               0x08000167   Thumb Code     0  startup_stm32f10x_hd.o(.text)
    EXTI15_10_IRQHandler                     0x08000167   Thumb Code     0  startup_stm32f10x_hd.o(.text)
    EXTI1_IRQHandler                         0x08000167   Thumb Code     0  startup_stm32f10x_hd.o(.text)
    EXTI2_IRQHandler                         0x08000167   Thumb Code     0  startup_stm32f10x_hd.o(.text)
    EXTI9_5_IRQHandler                       0x08000167   Thumb Code     0  startup_stm32f10x_hd.o(.text)
    FLASH_IRQHandler                         0x08000167   Thumb Code     0  startup_stm32f10x_hd.o(.text)
    FSMC_IRQHandler                          0x08000167   Thumb Code     0  startup_stm32f10x_hd.o(.text)
    I2C1_ER_IRQHandler                       0x08000167   Thumb Code     0  startup_stm32f10x_hd.o(.text)
    I2C1_EV_IRQHandler                       0x08000167   Thumb Code     0  startup_stm32f10x_hd.o(.text)
    I2C2_ER_IRQHandler                       0x08000167   Thumb Code     0  startup_stm32f10x_hd.o(.text)
    I2C2_EV_IRQHandler                       0x08000167   Thumb Code     0  startup_stm32f10x_hd.o(.text)
    PVD_IRQHandler                           0x08000167   Thumb Code     0  startup_stm32f10x_hd.o(.text)
    RCC_IRQHandler                           0x08000167   Thumb Code     0  startup_stm32f10x_hd.o(.text)
    RTCAlarm_IRQHandler                      0x08000167   Thumb Code     0  startup_stm32f10x_hd.o(.text)
    RTC_IRQHandler                           0x08000167   Thumb Code     0  startup_stm32f10x_hd.o(.text)
    SDIO_IRQHandler                          0x08000167   Thumb Code     0  startup_stm32f10x_hd.o(.text)
    SPI1_IRQHandler                          0x08000167   Thumb Code     0  startup_stm32f10x_hd.o(.text)
    SPI2_IRQHandler                          0x08000167   Thumb Code     0  startup_stm32f10x_hd.o(.text)
    SPI3_IRQHandler                          0x08000167   Thumb Code     0  startup_stm32f10x_hd.o(.text)
    TAMPER_IRQHandler                        0x08000167   Thumb Code     0  startup_stm32f10x_hd.o(.text)
    TIM1_BRK_IRQHandler                      0x08000167   Thumb Code     0  startup_stm32f10x_hd.o(.text)
    TIM1_CC_IRQHandler                       0x08000167   Thumb Code     0  startup_stm32f10x_hd.o(.text)
    TIM1_TRG_COM_IRQHandler                  0x08000167   Thumb Code     0  startup_stm32f10x_hd.o(.text)
    TIM1_UP_IRQHandler                       0x08000167   Thumb Code     0  startup_stm32f10x_hd.o(.text)
    TIM3_IRQHandler                          0x08000167   Thumb Code     0  startup_stm32f10x_hd.o(.text)
    TIM4_IRQHandler                          0x08000167   Thumb Code     0  startup_stm32f10x_hd.o(.text)
    TIM5_IRQHandler                          0x08000167   Thumb Code     0  startup_stm32f10x_hd.o(.text)
    TIM6_IRQHandler                          0x08000167   Thumb Code     0  startup_stm32f10x_hd.o(.text)
    TIM7_IRQHandler                          0x08000167   Thumb Code     0  startup_stm32f10x_hd.o(.text)
    TIM8_BRK_IRQHandler                      0x08000167   Thumb Code     0  startup_stm32f10x_hd.o(.text)
    TIM8_CC_IRQHandler                       0x08000167   Thumb Code     0  startup_stm32f10x_hd.o(.text)
    TIM8_TRG_COM_IRQHandler                  0x08000167   Thumb Code     0  startup_stm32f10x_hd.o(.text)
    TIM8_UP_IRQHandler                       0x08000167   Thumb Code     0  startup_stm32f10x_hd.o(.text)
    UART4_IRQHandler                         0x08000167   Thumb Code     0  startup_stm32f10x_hd.o(.text)
    UART5_IRQHandler                         0x08000167   Thumb Code     0  startup_stm32f10x_hd.o(.text)
    USART2_IRQHandler                        0x08000167   Thumb Code     0  startup_stm32f10x_hd.o(.text)
    USART3_IRQHandler                        0x08000167   Thumb Code     0  startup_stm32f10x_hd.o(.text)
    USBWakeUp_IRQHandler                     0x08000167   Thumb Code     0  startup_stm32f10x_hd.o(.text)
    USB_HP_CAN1_TX_IRQHandler                0x08000167   Thumb Code     0  startup_stm32f10x_hd.o(.text)
    USB_LP_CAN1_RX0_IRQHandler               0x08000167   Thumb Code     0  startup_stm32f10x_hd.o(.text)
    WWDG_IRQHandler                          0x08000167   Thumb Code     0  startup_stm32f10x_hd.o(.text)
    main                                     0x08000175   Thumb Code    30  main.o(.text)
    NMI_Handler                              0x0800019d   Thumb Code     2  stm32f10x_it.o(.text)
    HardFault_Handler                        0x0800019f   Thumb Code     2  stm32f10x_it.o(.text)
    MemManage_Handler                        0x080001a1   Thumb Code     2  stm32f10x_it.o(.text)
    BusFault_Handler                         0x080001a3   Thumb Code     2  stm32f10x_it.o(.text)
    UsageFault_Handler                       0x080001a5   Thumb Code     2  stm32f10x_it.o(.text)
    SVC_Handler                              0x080001a7   Thumb Code     2  stm32f10x_it.o(.text)
    DebugMon_Handler                         0x080001a9   Thumb Code     2  stm32f10x_it.o(.text)
    PendSV_Handler                           0x080001ab   Thumb Code     2  stm32f10x_it.o(.text)
    SysTick_Handler                          0x080001ad   Thumb Code    18  stm32f10x_it.o(.text)
    USART1_Config                            0x080001c1   Thumb Code   154  usart1.o(.text)
    UART1SendByte                            0x0800025b   Thumb Code    26  usart1.o(.text)
    UART1GetByte                             0x08000275   Thumb Code    30  usart1.o(.text)
    USART1_IRQHandler                        0x08000293   Thumb Code    38  usart1.o(.text)
    UART1SendString                          0x080002b9   Thumb Code    54  usart1.o(.text)
    fputc                                    0x080002ef   Thumb Code    14  usart1.o(.text)
    GetUsart1Buffer                          0x080002fd   Thumb Code    50  usart1.o(.text)
    Debug                                    0x0800032f   Thumb Code    14  usart1.o(.text)
    Echo                                     0x0800033d   Thumb Code    28  usart1.o(.text)
    Systick_Delay_1ms                        0x08000371   Thumb Code     6  i2c_driver.o(.text)
    I2C_GPIO_Config                          0x08000377   Thumb Code    64  i2c_driver.o(.text)
    I2C_delay                                0x080003b7   Thumb Code    12  i2c_driver.o(.text)
    I2C_Start                                0x080003c3   Thumb Code    56  i2c_driver.o(.text)
    I2C_Stop                                 0x080003fb   Thumb Code    44  i2c_driver.o(.text)
    I2C_Ack                                  0x08000427   Thumb Code    44  i2c_driver.o(.text)
    I2C_NoAck                                0x08000453   Thumb Code    44  i2c_driver.o(.text)
    I2C_WaitAck                              0x0800047f   Thumb Code    62  i2c_driver.o(.text)
    I2C_SendByte                             0x080004bd   Thumb Code    60  i2c_driver.o(.text)
    I2C_ReceiveByte                          0x080004f9   Thumb Code    66  i2c_driver.o(.text)
    AT24C04_WritePage                        0x0800053b   Thumb Code    42  i2c_driver.o(.text)
    AT24C04_ReadPage                         0x08000565   Thumb Code    68  i2c_driver.o(.text)
    AT24C04_Test                             0x080005a9   Thumb Code    70  i2c_driver.o(.text)
    I2C_WriteByte                            0x080005ef   Thumb Code    74  i2c_driver.o(.text)
    I2C_BufferWrite                          0x08000639   Thumb Code    94  i2c_driver.o(.text)
    I2C_PageWrite                            0x08000697   Thumb Code   178  i2c_driver.o(.text)
    I2C_ReadByte                             0x08000749   Thumb Code   160  i2c_driver.o(.text)
    Write_DS1307                             0x080007e9   Thumb Code    46  i2c_driver.o(.text)
    Read_DS1307                              0x08000817   Thumb Code    84  i2c_driver.o(.text)
    SetTime                                  0x0800086b   Thumb Code    72  i2c_driver.o(.text)
    TestDS1307                               0x080008b3   Thumb Code    90  i2c_driver.o(.text)
    GUI_DrawPoint                            0x08000921   Thumb Code    14  gui.o(.text)
    GUI_Fill                                 0x0800092f   Thumb Code    78  gui.o(.text)
    GUI_DrawLine                             0x0800097d   Thumb Code   156  gui.o(.text)
    GUI_DrawRectangle                        0x08000a19   Thumb Code    68  gui.o(.text)
    GUI_FillRectangle                        0x08000a5d   Thumb Code    12  gui.o(.text)
    GUI_DrawCircle                           0x08000b01   Thumb Code    74  gui.o(.text)
    GUI_FillCircle                           0x08000b4b   Thumb Code    86  gui.o(.text)
    GUI_DrawTriangel                         0x08000ba1   Thumb Code    56  gui.o(.text)
    GUI_FillTriangel                         0x08000bd9   Thumb Code   418  gui.o(.text)
    GUI_ShowChar                             0x08000d7b   Thumb Code   200  gui.o(.text)
    GUI_ShowString                           0x08000e43   Thumb Code    80  gui.o(.text)
    GUI_ShowNum                              0x08000e93   Thumb Code   140  gui.o(.text)
    GUI_ShowFont16                           0x08000f1f   Thumb Code   144  gui.o(.text)
    GUI_ShowFont24                           0x08000faf   Thumb Code   154  gui.o(.text)
    GUI_ShowFont32                           0x08001049   Thumb Code   146  gui.o(.text)
    GUI_ShowCHinese                          0x080010db   Thumb Code   100  gui.o(.text)
    GUI_DrawBMP                              0x0800113f   Thumb Code   144  gui.o(.text)
    GUI_Point                                0x080011cf   Thumb Code    84  gui.o(.text)
    GUITest                                  0x08001223   Thumb Code     2  gui.o(.text)
    GPIO_DeInit                              0x08001255   Thumb Code   152  stm32f10x_gpio.o(.text)
    GPIO_AFIODeInit                          0x080012ed   Thumb Code    22  stm32f10x_gpio.o(.text)
    GPIO_Init                                0x08001303   Thumb Code   152  stm32f10x_gpio.o(.text)
    GPIO_StructInit                          0x0800139b   Thumb Code    16  stm32f10x_gpio.o(.text)
    GPIO_ReadInputDataBit                    0x080013ab   Thumb Code    14  stm32f10x_gpio.o(.text)
    GPIO_ReadInputData                       0x080013b9   Thumb Code     6  stm32f10x_gpio.o(.text)
    GPIO_ReadOutputDataBit                   0x080013bf   Thumb Code    14  stm32f10x_gpio.o(.text)
    GPIO_ReadOutputData                      0x080013cd   Thumb Code     6  stm32f10x_gpio.o(.text)
    GPIO_SetBits                             0x080013d3   Thumb Code     4  stm32f10x_gpio.o(.text)
    GPIO_ResetBits                           0x080013d7   Thumb Code     4  stm32f10x_gpio.o(.text)
    GPIO_WriteBit                            0x080013db   Thumb Code    10  stm32f10x_gpio.o(.text)
    GPIO_Write                               0x080013e5   Thumb Code     4  stm32f10x_gpio.o(.text)
    GPIO_PinLockConfig                       0x080013e9   Thumb Code    16  stm32f10x_gpio.o(.text)
    GPIO_EventOutputConfig                   0x080013f9   Thumb Code    22  stm32f10x_gpio.o(.text)
    GPIO_EventOutputCmd                      0x0800140f   Thumb Code     6  stm32f10x_gpio.o(.text)
    GPIO_PinRemapConfig                      0x08001415   Thumb Code    66  stm32f10x_gpio.o(.text)
    GPIO_EXTILineConfig                      0x08001457   Thumb Code    34  stm32f10x_gpio.o(.text)
    RCC_DeInit                               0x08001489   Thumb Code    48  stm32f10x_rcc.o(.text)
    RCC_HSEConfig                            0x080014b9   Thumb Code    48  stm32f10x_rcc.o(.text)
    RCC_GetFlagStatus                        0x080014e9   Thumb Code    42  stm32f10x_rcc.o(.text)
    RCC_WaitForHSEStartUp                    0x08001513   Thumb Code    42  stm32f10x_rcc.o(.text)
    RCC_AdjustHSICalibrationValue            0x0800153d   Thumb Code    16  stm32f10x_rcc.o(.text)
    RCC_HSICmd                               0x0800154d   Thumb Code     6  stm32f10x_rcc.o(.text)
    RCC_PLLConfig                            0x08001553   Thumb Code    16  stm32f10x_rcc.o(.text)
    RCC_PLLCmd                               0x08001563   Thumb Code     6  stm32f10x_rcc.o(.text)
    RCC_SYSCLKConfig                         0x08001569   Thumb Code    14  stm32f10x_rcc.o(.text)
    RCC_GetSYSCLKSource                      0x08001577   Thumb Code    10  stm32f10x_rcc.o(.text)
    RCC_HCLKConfig                           0x08001581   Thumb Code    14  stm32f10x_rcc.o(.text)
    RCC_PCLK1Config                          0x0800158f   Thumb Code    14  stm32f10x_rcc.o(.text)
    RCC_PCLK2Config                          0x0800159d   Thumb Code    16  stm32f10x_rcc.o(.text)
    RCC_ITConfig                             0x080015ad   Thumb Code    18  stm32f10x_rcc.o(.text)
    RCC_USBCLKConfig                         0x080015bf   Thumb Code     8  stm32f10x_rcc.o(.text)
    RCC_ADCCLKConfig                         0x080015c7   Thumb Code    14  stm32f10x_rcc.o(.text)
    RCC_LSEConfig                            0x080015d5   Thumb Code    28  stm32f10x_rcc.o(.text)
    RCC_LSICmd                               0x080015f1   Thumb Code     6  stm32f10x_rcc.o(.text)
    RCC_RTCCLKConfig                         0x080015f7   Thumb Code    10  stm32f10x_rcc.o(.text)
    RCC_RTCCLKCmd                            0x08001601   Thumb Code     8  stm32f10x_rcc.o(.text)
    RCC_GetClocksFreq                        0x08001609   Thumb Code   130  stm32f10x_rcc.o(.text)
    RCC_AHBPeriphClockCmd                    0x0800168b   Thumb Code    18  stm32f10x_rcc.o(.text)
    RCC_APB2PeriphClockCmd                   0x0800169d   Thumb Code    18  stm32f10x_rcc.o(.text)
    RCC_APB1PeriphClockCmd                   0x080016af   Thumb Code    18  stm32f10x_rcc.o(.text)
    RCC_APB2PeriphResetCmd                   0x080016c1   Thumb Code    18  stm32f10x_rcc.o(.text)
    RCC_APB1PeriphResetCmd                   0x080016d3   Thumb Code    18  stm32f10x_rcc.o(.text)
    RCC_BackupResetCmd                       0x080016e5   Thumb Code     8  stm32f10x_rcc.o(.text)
    RCC_ClockSecuritySystemCmd               0x080016ed   Thumb Code     6  stm32f10x_rcc.o(.text)
    RCC_MCOConfig                            0x080016f3   Thumb Code     6  stm32f10x_rcc.o(.text)
    RCC_ClearFlag                            0x080016f9   Thumb Code    12  stm32f10x_rcc.o(.text)
    RCC_GetITStatus                          0x08001705   Thumb Code    16  stm32f10x_rcc.o(.text)
    RCC_ClearITPendingBit                    0x08001715   Thumb Code     6  stm32f10x_rcc.o(.text)
    USART_DeInit                             0x0800173d   Thumb Code    98  stm32f10x_usart.o(.text)
    USART_Init                               0x0800179f   Thumb Code   134  stm32f10x_usart.o(.text)
    USART_StructInit                         0x08001825   Thumb Code    22  stm32f10x_usart.o(.text)
    USART_ClockInit                          0x0800183b   Thumb Code    30  stm32f10x_usart.o(.text)
    USART_ClockStructInit                    0x08001859   Thumb Code    12  stm32f10x_usart.o(.text)
    USART_Cmd                                0x08001865   Thumb Code    20  stm32f10x_usart.o(.text)
    USART_ITConfig                           0x08001879   Thumb Code    48  stm32f10x_usart.o(.text)
    USART_DMACmd                             0x080018a9   Thumb Code    16  stm32f10x_usart.o(.text)
    USART_SetAddress                         0x080018b9   Thumb Code    16  stm32f10x_usart.o(.text)
    USART_WakeUpConfig                       0x080018c9   Thumb Code    16  stm32f10x_usart.o(.text)
    USART_ReceiverWakeUpCmd                  0x080018d9   Thumb Code    20  stm32f10x_usart.o(.text)
    USART_LINBreakDetectLengthConfig         0x080018ed   Thumb Code    16  stm32f10x_usart.o(.text)
    USART_LINCmd                             0x080018fd   Thumb Code    20  stm32f10x_usart.o(.text)
    USART_SendData                           0x08001911   Thumb Code     8  stm32f10x_usart.o(.text)
    USART_ReceiveData                        0x08001919   Thumb Code     8  stm32f10x_usart.o(.text)
    USART_SendBreak                          0x08001921   Thumb Code    10  stm32f10x_usart.o(.text)
    USART_SetGuardTime                       0x0800192b   Thumb Code    16  stm32f10x_usart.o(.text)
    USART_SetPrescaler                       0x0800193b   Thumb Code    16  stm32f10x_usart.o(.text)
    USART_SmartCardCmd                       0x0800194b   Thumb Code    20  stm32f10x_usart.o(.text)
    USART_SmartCardNACKCmd                   0x0800195f   Thumb Code    20  stm32f10x_usart.o(.text)
    USART_HalfDuplexCmd                      0x08001973   Thumb Code    20  stm32f10x_usart.o(.text)
    USART_IrDAConfig                         0x08001987   Thumb Code    16  stm32f10x_usart.o(.text)
    USART_IrDACmd                            0x08001997   Thumb Code    20  stm32f10x_usart.o(.text)
    USART_GetFlagStatus                      0x080019ab   Thumb Code    14  stm32f10x_usart.o(.text)
    USART_ClearFlag                          0x080019b9   Thumb Code     6  stm32f10x_usart.o(.text)
    USART_GetITStatus                        0x080019bf   Thumb Code    62  stm32f10x_usart.o(.text)
    USART_ClearITPendingBit                  0x080019fd   Thumb Code    12  stm32f10x_usart.o(.text)
    NVIC_PriorityGroupConfig                 0x08001a15   Thumb Code    10  misc.o(.text)
    NVIC_Init                                0x08001a1f   Thumb Code    90  misc.o(.text)
    NVIC_SetVectorTable                      0x08001a79   Thumb Code    14  misc.o(.text)
    NVIC_SystemLPConfig                      0x08001a87   Thumb Code    20  misc.o(.text)
    SysTick_CLKSourceConfig                  0x08001a9b   Thumb Code    24  misc.o(.text)
    EXTI_DeInit                              0x08001ac5   Thumb Code    28  stm32f10x_exti.o(.text)
    EXTI_Init                                0x08001ae1   Thumb Code   108  stm32f10x_exti.o(.text)
    EXTI_StructInit                          0x08001b4d   Thumb Code    14  stm32f10x_exti.o(.text)
    EXTI_GenerateSWInterrupt                 0x08001b5b   Thumb Code    12  stm32f10x_exti.o(.text)
    EXTI_GetFlagStatus                       0x08001b67   Thumb Code    18  stm32f10x_exti.o(.text)
    EXTI_ClearFlag                           0x08001b79   Thumb Code     8  stm32f10x_exti.o(.text)
    EXTI_GetITStatus                         0x08001b81   Thumb Code    28  stm32f10x_exti.o(.text)
    EXTI_ClearITPendingBit                   0x08001b9d   Thumb Code     8  stm32f10x_exti.o(.text)
    TIM_DeInit                               0x08001bad   Thumb Code   170  stm32f10x_tim.o(.text)
    TIM_TimeBaseInit                         0x08001c57   Thumb Code    50  stm32f10x_tim.o(.text)
    TIM_OC1Init                              0x08001c89   Thumb Code    88  stm32f10x_tim.o(.text)
    TIM_OC2Init                              0x08001ce1   Thumb Code   120  stm32f10x_tim.o(.text)
    TIM_OC3Init                              0x08001d59   Thumb Code   116  stm32f10x_tim.o(.text)
    TIM_OC4Init                              0x08001dcd   Thumb Code    90  stm32f10x_tim.o(.text)
    TIM_SetIC4Prescaler                      0x08001e27   Thumb Code    24  stm32f10x_tim.o(.text)
    TIM_SetIC3Prescaler                      0x08001e3f   Thumb Code    16  stm32f10x_tim.o(.text)
    TIM_SetIC2Prescaler                      0x08001e4f   Thumb Code    24  stm32f10x_tim.o(.text)
    TIM_SetIC1Prescaler                      0x08001e9d   Thumb Code    16  stm32f10x_tim.o(.text)
    TIM_ICInit                               0x08001ead   Thumb Code   164  stm32f10x_tim.o(.text)
    TIM_PWMIConfig                           0x08001f51   Thumb Code   122  stm32f10x_tim.o(.text)
    TIM_BDTRConfig                           0x08001fcb   Thumb Code    34  stm32f10x_tim.o(.text)
    TIM_TimeBaseStructInit                   0x08001fed   Thumb Code    18  stm32f10x_tim.o(.text)
    TIM_OCStructInit                         0x08001fff   Thumb Code    20  stm32f10x_tim.o(.text)
    TIM_ICStructInit                         0x08002013   Thumb Code    16  stm32f10x_tim.o(.text)
    TIM_BDTRStructInit                       0x08002023   Thumb Code    18  stm32f10x_tim.o(.text)
    TIM_Cmd                                  0x08002035   Thumb Code    22  stm32f10x_tim.o(.text)
    TIM_CtrlPWMOutputs                       0x0800204b   Thumb Code    22  stm32f10x_tim.o(.text)
    TIM_ITConfig                             0x08002061   Thumb Code    16  stm32f10x_tim.o(.text)
    TIM_GenerateEvent                        0x08002071   Thumb Code     4  stm32f10x_tim.o(.text)
    TIM_DMAConfig                            0x08002075   Thumb Code     8  stm32f10x_tim.o(.text)
    TIM_DMACmd                               0x0800207d   Thumb Code    16  stm32f10x_tim.o(.text)
    TIM_InternalClockConfig                  0x0800208d   Thumb Code    10  stm32f10x_tim.o(.text)
    TIM_SelectInputTrigger                   0x08002097   Thumb Code    12  stm32f10x_tim.o(.text)
    TIM_ITRxExternalClockConfig              0x080020a3   Thumb Code    18  stm32f10x_tim.o(.text)
    TIM_TIxExternalClockConfig               0x080020b5   Thumb Code    46  stm32f10x_tim.o(.text)
    TIM_ETRConfig                            0x080020e3   Thumb Code    24  stm32f10x_tim.o(.text)
    TIM_ETRClockMode1Config                  0x080020fb   Thumb Code    18  stm32f10x_tim.o(.text)
    TIM_ETRClockMode2Config                  0x0800210d   Thumb Code    18  stm32f10x_tim.o(.text)
    TIM_PrescalerConfig                      0x0800211f   Thumb Code     6  stm32f10x_tim.o(.text)
    TIM_CounterModeConfig                    0x08002125   Thumb Code    14  stm32f10x_tim.o(.text)
    TIM_EncoderInterfaceConfig               0x08002133   Thumb Code    50  stm32f10x_tim.o(.text)
    TIM_ForcedOC1Config                      0x08002165   Thumb Code    12  stm32f10x_tim.o(.text)
    TIM_ForcedOC2Config                      0x08002171   Thumb Code    20  stm32f10x_tim.o(.text)
    TIM_ForcedOC3Config                      0x08002185   Thumb Code    12  stm32f10x_tim.o(.text)
    TIM_ForcedOC4Config                      0x08002191   Thumb Code    20  stm32f10x_tim.o(.text)
    TIM_ARRPreloadConfig                     0x080021a5   Thumb Code    22  stm32f10x_tim.o(.text)
    TIM_SelectCOM                            0x080021bb   Thumb Code    20  stm32f10x_tim.o(.text)
    TIM_SelectCCDMA                          0x080021cf   Thumb Code    20  stm32f10x_tim.o(.text)
    TIM_CCPreloadControl                     0x080021e3   Thumb Code    20  stm32f10x_tim.o(.text)
    TIM_OC1PreloadConfig                     0x080021f7   Thumb Code    12  stm32f10x_tim.o(.text)
    TIM_OC2PreloadConfig                     0x08002203   Thumb Code    20  stm32f10x_tim.o(.text)
    TIM_OC3PreloadConfig                     0x08002217   Thumb Code    12  stm32f10x_tim.o(.text)
    TIM_OC4PreloadConfig                     0x08002223   Thumb Code    20  stm32f10x_tim.o(.text)
    TIM_OC1FastConfig                        0x08002237   Thumb Code    12  stm32f10x_tim.o(.text)
    TIM_OC2FastConfig                        0x08002243   Thumb Code    20  stm32f10x_tim.o(.text)
    TIM_OC3FastConfig                        0x08002257   Thumb Code    12  stm32f10x_tim.o(.text)
    TIM_OC4FastConfig                        0x08002263   Thumb Code    20  stm32f10x_tim.o(.text)
    TIM_ClearOC1Ref                          0x08002277   Thumb Code    12  stm32f10x_tim.o(.text)
    TIM_ClearOC2Ref                          0x08002283   Thumb Code    20  stm32f10x_tim.o(.text)
    TIM_ClearOC3Ref                          0x08002297   Thumb Code    12  stm32f10x_tim.o(.text)
    TIM_ClearOC4Ref                          0x080022a3   Thumb Code    20  stm32f10x_tim.o(.text)
    TIM_OC1PolarityConfig                    0x080022b7   Thumb Code    12  stm32f10x_tim.o(.text)
    TIM_OC1NPolarityConfig                   0x080022c3   Thumb Code    12  stm32f10x_tim.o(.text)
    TIM_OC2PolarityConfig                    0x080022cf   Thumb Code    20  stm32f10x_tim.o(.text)
    TIM_OC2NPolarityConfig                   0x080022e3   Thumb Code    20  stm32f10x_tim.o(.text)
    TIM_OC3PolarityConfig                    0x080022f7   Thumb Code    20  stm32f10x_tim.o(.text)
    TIM_OC3NPolarityConfig                   0x0800230b   Thumb Code    20  stm32f10x_tim.o(.text)
    TIM_OC4PolarityConfig                    0x0800231f   Thumb Code    20  stm32f10x_tim.o(.text)
    TIM_CCxCmd                               0x08002333   Thumb Code    22  stm32f10x_tim.o(.text)
    TIM_CCxNCmd                              0x08002349   Thumb Code    22  stm32f10x_tim.o(.text)
    TIM_SelectOCxM                           0x0800235f   Thumb Code    70  stm32f10x_tim.o(.text)
    TIM_UpdateDisableConfig                  0x080023a5   Thumb Code    22  stm32f10x_tim.o(.text)
    TIM_UpdateRequestConfig                  0x080023bb   Thumb Code    22  stm32f10x_tim.o(.text)
    TIM_SelectHallSensor                     0x080023d1   Thumb Code    20  stm32f10x_tim.o(.text)
    TIM_SelectOnePulseMode                   0x080023e5   Thumb Code    18  stm32f10x_tim.o(.text)
    TIM_SelectOutputTrigger                  0x080023f7   Thumb Code    16  stm32f10x_tim.o(.text)
    TIM_SelectSlaveMode                      0x08002407   Thumb Code    16  stm32f10x_tim.o(.text)
    TIM_SelectMasterSlaveMode                0x08002417   Thumb Code    16  stm32f10x_tim.o(.text)
    TIM_SetCounter                           0x08002427   Thumb Code     4  stm32f10x_tim.o(.text)
    TIM_SetAutoreload                        0x0800242b   Thumb Code     4  stm32f10x_tim.o(.text)
    TIM_SetCompare1                          0x0800242f   Thumb Code     4  stm32f10x_tim.o(.text)
    TIM_SetCompare2                          0x08002433   Thumb Code     4  stm32f10x_tim.o(.text)
    TIM_SetCompare3                          0x08002437   Thumb Code     4  stm32f10x_tim.o(.text)
    TIM_SetCompare4                          0x0800243b   Thumb Code     6  stm32f10x_tim.o(.text)
    TIM_SetClockDivision                     0x08002441   Thumb Code    14  stm32f10x_tim.o(.text)
    TIM_GetCapture1                          0x0800244f   Thumb Code     4  stm32f10x_tim.o(.text)
    TIM_GetCapture2                          0x08002453   Thumb Code     4  stm32f10x_tim.o(.text)
    TIM_GetCapture3                          0x08002457   Thumb Code     4  stm32f10x_tim.o(.text)
    TIM_GetCapture4                          0x0800245b   Thumb Code     6  stm32f10x_tim.o(.text)
    TIM_GetCounter                           0x08002461   Thumb Code     4  stm32f10x_tim.o(.text)
    TIM_GetPrescaler                         0x08002465   Thumb Code     4  stm32f10x_tim.o(.text)
    TIM_GetFlagStatus                        0x08002469   Thumb Code    14  stm32f10x_tim.o(.text)
    TIM_ClearFlag                            0x08002477   Thumb Code     6  stm32f10x_tim.o(.text)
    TIM_GetITStatus                          0x0800247d   Thumb Code    24  stm32f10x_tim.o(.text)
    TIM_ClearITPendingBit                    0x08002495   Thumb Code     6  stm32f10x_tim.o(.text)
    SystemInit                               0x08002569   Thumb Code    48  system_stm32f10x.o(.text)
    BSP_Init                                 0x080025a9   Thumb Code    36  bsp.o(.text)
    SysTick_init                             0x080025cd   Thumb Code    46  bsp.o(.text)
    LED_GPIO_Config                          0x08002605   Thumb Code    50  led.o(.text)
    OLED_WR_Byte                             0x0800263d   Thumb Code    58  oled.o(.text)
    OLED_Set_Pos                             0x08002677   Thumb Code    44  oled.o(.text)
    OLED_Display_On                          0x080026a3   Thumb Code    28  oled.o(.text)
    OLED_Display_Off                         0x080026bf   Thumb Code    28  oled.o(.text)
    OLED_Set_Pixel                           0x080026db   Thumb Code    32  oled.o(.text)
    OLED_Display                             0x080026fb   Thumb Code    64  oled.o(.text)
    OLED_Clear                               0x0800273b   Thumb Code    30  oled.o(.text)
    OLED_Reset                               0x08002759   Thumb Code    48  oled.o(.text)
    OLED_Init_GPIO                           0x08002789   Thumb Code    50  oled.o(.text)
    OLED_Init                                0x080027bb   Thumb Code   218  oled.o(.text)
    SPI_WriteByte                            0x0800289d   Thumb Code    66  spi.o(.text)
    HLKCommand                               0x080028e5   Thumb Code    62  voice.o(.text)
    TestHLKVoice                             0x08002923   Thumb Code    34  voice.o(.text)
    EXTIX_Init                               0x08002949   Thumb Code   188  exti.o(.text)
    EXTI0_IRQHandler                         0x08002a05   Thumb Code    10  exti.o(.text)
    EXTI3_IRQHandler                         0x08002a0f   Thumb Code     6  exti.o(.text)
    EXTI4_IRQHandler                         0x08002a15   Thumb Code     6  exti.o(.text)
    TIM2_NVIC_Configuration                  0x08002a25   Thumb Code    42  time_test.o(.text)
    TIM2_Configuration                       0x08002a4f   Thumb Code   100  time_test.o(.text)
    TIM2_IRQHandler                          0x08002ab3   Thumb Code    34  time_test.o(.text)
    Task_LED2                                0x08002ad9   Thumb Code    30  app.o(.text)
    Task_Start                               0x08002af7   Thumb Code    66  app.o(.text)
    OS_StrCopy                               0x08002b41   Thumb Code    28  os_core.o(.text)
    OSEventNameGet                           0x08002b5d   Thumb Code    96  os_core.o(.text)
    OS_StrLen                                0x08002bbd   Thumb Code    20  os_core.o(.text)
    OSEventNameSet                           0x08002bd1   Thumb Code   106  os_core.o(.text)
    OS_TaskStatStkChk                        0x08002c3b   Thumb Code    50  os_core.o(.text)
    OS_TaskStat                              0x08002c6d   Thumb Code    82  os_core.o(.text)
    OS_TaskIdle                              0x08002cbf   Thumb Code    22  os_core.o(.text)
    OS_MemClr                                0x08002cd5   Thumb Code    18  os_core.o(.text)
    OSInit                                   0x08002ce7   Thumb Code   282  os_core.o(.text)
    OSIntEnter                               0x08002e01   Thumb Code    20  os_core.o(.text)
    OSIntExit                                0x08002e15   Thumb Code    82  os_core.o(.text)
    OSSchedLock                              0x08002e67   Thumb Code    38  os_core.o(.text)
    OS_Sched                                 0x08002e8d   Thumb Code    64  os_core.o(.text)
    OSSchedUnlock                            0x08002ecd   Thumb Code    52  os_core.o(.text)
    OSStart                                  0x08002f01   Thumb Code    38  os_core.o(.text)
    OSStatInit                               0x08002f27   Thumb Code   102  os_core.o(.text)
    OSTimeTick                               0x08002f8d   Thumb Code   158  os_core.o(.text)
    OSVersion                                0x0800302b   Thumb Code     6  os_core.o(.text)
    OS_Dummy                                 0x08003031   Thumb Code     2  os_core.o(.text)
    OS_EventTaskRemove                       0x08003033   Thumb Code    32  os_core.o(.text)
    OS_EventTaskRdy                          0x08003053   Thumb Code    88  os_core.o(.text)
    OS_EventTaskWait                         0x080030ab   Thumb Code    66  os_core.o(.text)
    OS_EventWaitListInit                     0x080030ed   Thumb Code    22  os_core.o(.text)
    OS_MemCopy                               0x08003103   Thumb Code    20  os_core.o(.text)
    OS_TCBInit                               0x08003117   Thumb Code   204  os_core.o(.text)
    OSTaskChangePrio                         0x08003209   Thumb Code   276  os_task.o(.text)
    OSTaskCreate                             0x0800331d   Thumb Code   132  os_task.o(.text)
    OS_TaskStkClr                            0x080033a1   Thumb Code    22  os_task.o(.text)
    OSTaskCreateExt                          0x080033b7   Thumb Code   152  os_task.o(.text)
    OSTaskDel                                0x0800344f   Thumb Code   268  os_task.o(.text)
    OSTaskDelReq                             0x0800355b   Thumb Code    88  os_task.o(.text)
    OSTaskNameGet                            0x080035b3   Thumb Code   154  os_task.o(.text)
    OSTaskNameSet                            0x0800364d   Thumb Code   130  os_task.o(.text)
    OSTaskResume                             0x080036cf   Thumb Code   126  os_task.o(.text)
    OSTaskStkChk                             0x0800374d   Thumb Code   126  os_task.o(.text)
    OSTaskSuspend                            0x080037cb   Thumb Code   148  os_task.o(.text)
    OSTaskQuery                              0x0800385f   Thumb Code    94  os_task.o(.text)
    OSTimeDly                                0x080038d5   Thumb Code    74  os_time.o(.text)
    OSTimeDlyHMSM                            0x0800391f   Thumb Code   128  os_time.o(.text)
    OSTimeDlyResume                          0x0800399f   Thumb Code   132  os_time.o(.text)
    OSTimeGet                                0x08003a23   Thumb Code    18  os_time.o(.text)
    OSTimeSet                                0x08003a35   Thumb Code    20  os_time.o(.text)
    OS_CPU_SR_Save                           0x08003a61   Thumb Code     0  os_cpu_a.o(.text)
    OS_CPU_SR_Restore                        0x08003a69   Thumb Code     0  os_cpu_a.o(.text)
    OSStartHighRdy                           0x08003a6f   Thumb Code     0  os_cpu_a.o(.text)
    OSCtxSw                                  0x08003a8f   Thumb Code     0  os_cpu_a.o(.text)
    OSIntCtxSw                               0x08003a99   Thumb Code     0  os_cpu_a.o(.text)
    OS_CPU_PendSVHandler                     0x08003aa3   Thumb Code     0  os_cpu_a.o(.text)
    OSInitHookBegin                          0x08003b05   Thumb Code     2  os_cpu_c.o(.text)
    OSInitHookEnd                            0x08003b07   Thumb Code     2  os_cpu_c.o(.text)
    OSTaskCreateHook                         0x08003b09   Thumb Code     2  os_cpu_c.o(.text)
    OSTaskDelHook                            0x08003b0b   Thumb Code     2  os_cpu_c.o(.text)
    OSTaskIdleHook                           0x08003b0d   Thumb Code     2  os_cpu_c.o(.text)
    OSTaskStatHook                           0x08003b0f   Thumb Code     2  os_cpu_c.o(.text)
    OSTaskStkInit                            0x08003b11   Thumb Code   114  os_cpu_c.o(.text)
    OSTaskSwHook                             0x08003b83   Thumb Code     2  os_cpu_c.o(.text)
    OSTCBInitHook                            0x08003b85   Thumb Code     2  os_cpu_c.o(.text)
    OSTimeTickHook                           0x08003b87   Thumb Code     2  os_cpu_c.o(.text)
    delay_osschedlock                        0x08003b89   Thumb Code     4  delay.o(.text)
    delay_osschedunlock                      0x08003b8d   Thumb Code     4  delay.o(.text)
    delay_ostimedly                          0x08003b91   Thumb Code     6  delay.o(.text)
    delay_init                               0x08003b97   Thumb Code    48  delay.o(.text)
    delay_us                                 0x08003bc7   Thumb Code    62  delay.o(.text)
    delay_ms                                 0x08003c05   Thumb Code    54  delay.o(.text)
    __aeabi_memset                           0x08003c49   Thumb Code    14  memseta.o(.text)
    __aeabi_memset4                          0x08003c49   Thumb Code     0  memseta.o(.text)
    __aeabi_memset8                          0x08003c49   Thumb Code     0  memseta.o(.text)
    __aeabi_memclr                           0x08003c57   Thumb Code     4  memseta.o(.text)
    __aeabi_memclr4                          0x08003c57   Thumb Code     0  memseta.o(.text)
    __aeabi_memclr8                          0x08003c57   Thumb Code     0  memseta.o(.text)
    _memset$wrapper                          0x08003c5b   Thumb Code    18  memseta.o(.text)
    strcmp                                   0x08003c6d   Thumb Code    28  strcmp.o(.text)
    __aeabi_uldivmod                         0x08003c89   Thumb Code    98  uldiv.o(.text)
    __scatterload                            0x08003ced   Thumb Code    28  init.o(.text)
    __scatterload_rt2                        0x08003ced   Thumb Code     0  init.o(.text)
    __aeabi_llsl                             0x08003d11   Thumb Code    30  llshl.o(.text)
    _ll_shift_l                              0x08003d11   Thumb Code     0  llshl.o(.text)
    __aeabi_llsr                             0x08003d2f   Thumb Code    32  llushr.o(.text)
    _ll_ushift_r                             0x08003d2f   Thumb Code     0  llushr.o(.text)
    __0printf$5                              0x08003d51   Thumb Code    22  printf5.o(i.__0printf$5)
    __1printf$5                              0x08003d51   Thumb Code     0  printf5.o(i.__0printf$5)
    __2printf                                0x08003d51   Thumb Code     0  printf5.o(i.__0printf$5)
    __0sprintf$5                             0x08003d71   Thumb Code    34  printf5.o(i.__0sprintf$5)
    __1sprintf$5                             0x08003d71   Thumb Code     0  printf5.o(i.__0sprintf$5)
    __2sprintf                               0x08003d71   Thumb Code     0  printf5.o(i.__0sprintf$5)
    __scatterload_copy                       0x08003d99   Thumb Code    14  handlers.o(i.__scatterload_copy)
    __scatterload_null                       0x08003da7   Thumb Code     2  handlers.o(i.__scatterload_null)
    __scatterload_zeroinit                   0x08003da9   Thumb Code    14  handlers.o(i.__scatterload_zeroinit)
    F6x8                                     0x08004082   Data         760  gui.o(.constdata)
    F8X16                                    0x0800437a   Data        1520  gui.o(.constdata)
    cfont16                                  0x0800496a   Data          34  gui.o(.constdata)
    cfont24                                  0x0800498c   Data          74  gui.o(.constdata)
    cfont32                                  0x080049d6   Data         130  gui.o(.constdata)
    SystemFrequency                          0x08004a58   Data           4  system_stm32f10x.o(.constdata)
    CallBack                                 0x08004a5c   Data          26  voice.o(.constdata)
    OSUnMapTbl                               0x08004a76   Data         256  os_core.o(.constdata)
    Region$$Table$$Base                      0x08004b78   Number         0  anon$$obj.o(Region$$Table)
    Region$$Table$$Limit                     0x08004b98   Number         0  anon$$obj.o(Region$$Table)
    Count                                    0x20000000   Data           2  usart1.o(.data)
    DS1307Buf                                0x20000002   Data           8  i2c_driver.o(.data)
    TESTDATA                                 0x2000000a   Data          16  i2c_driver.o(.data)
    BUF                                      0x2000001a   Data          16  i2c_driver.o(.data)
    TRIGFlag                                 0x20000040   Data           4  exti.o(.data)
    UltTime                                  0x20000044   Data           4  ultrasonic.o(.data)
    OSCPUUsage                               0x20000048   Data           1  os_core.o(.data)
    OSStatRdy                                0x20000049   Data           1  os_core.o(.data)
    OSIntNesting                             0x2000004a   Data           1  os_core.o(.data)
    OSLockNesting                            0x2000004b   Data           1  os_core.o(.data)
    OSPrioCur                                0x2000004c   Data           1  os_core.o(.data)
    OSPrioHighRdy                            0x2000004d   Data           1  os_core.o(.data)
    OSRdyGrp                                 0x2000004e   Data           1  os_core.o(.data)
    OSRunning                                0x2000004f   Data           1  os_core.o(.data)
    OSTaskCtr                                0x20000050   Data           1  os_core.o(.data)
    OSTickStepState                          0x20000051   Data           1  os_core.o(.data)
    OSCtxSwCtr                               0x20000054   Data           4  os_core.o(.data)
    OSEventFreeList                          0x20000058   Data           4  os_core.o(.data)
    OSIdleCtrMax                             0x2000005c   Data           4  os_core.o(.data)
    OSIdleCtrRun                             0x20000060   Data           4  os_core.o(.data)
    OSRdyTbl                                 0x20000064   Data           4  os_core.o(.data)
    OSIdleCtr                                0x20000068   Data           4  os_core.o(.data)
    OSTCBCur                                 0x2000006c   Data           4  os_core.o(.data)
    OSTCBFreeList                            0x20000070   Data           4  os_core.o(.data)
    OSTCBHighRdy                             0x20000074   Data           4  os_core.o(.data)
    OSTCBList                                0x20000078   Data           4  os_core.o(.data)
    OSTime                                   0x2000007c   Data           4  os_core.o(.data)
    __stdout                                 0x20000084   Data           4  stdout.o(.data)
    startup_task_stk                         0x20000088   Data         320  main.o(.bss)
    Buf                                      0x200001c8   Data        1024  usart1.o(.bss)
    task_led2_stk                            0x200009c8   Data         320  app.o(.bss)
    OSEventTbl                               0x20000b08   Data         320  os_core.o(.bss)
    OSTaskStatStk                            0x20000c48   Data         512  os_core.o(.bss)
    OSTaskIdleStk                            0x20000e48   Data         512  os_core.o(.bss)
    OSTCBPrioTbl                             0x20001048   Data         128  os_core.o(.bss)
    OSTCBTbl                                 0x200010c8   Data        1440  os_core.o(.bss)
    __initial_sp                             0x20001868   Data           0  startup_stm32f10x_hd.o(STACK)



==============================================================================

Memory Map of the image

  Image Entry point : 0x08000147

  Load Region LR_1 (Base: 0x08000000, Size: 0x00004c20, Max: 0xffffffff, ABSOLUTE)

    Execution Region ER_RO (Base: 0x08000000, Size: 0x00004b98, Max: 0xffffffff, ABSOLUTE)

    Base Addr    Size         Type   Attr      Idx    E Section Name        Object

    0x08000000   0x00000130   Data   RO            3    RESET               startup_stm32f10x_hd.o
    0x08000130   0x00000000   Code   RO         1020  * .ARM.Collect$$$$00000000  mc_w.l(entry.o)
    0x08000130   0x00000004   Code   RO         1296    .ARM.Collect$$$$00000001  mc_w.l(entry2.o)
    0x08000134   0x00000004   Code   RO         1299    .ARM.Collect$$$$00000004  mc_w.l(entry5.o)
    0x08000138   0x00000000   Code   RO         1301    .ARM.Collect$$$$00000008  mc_w.l(entry7b.o)
    0x08000138   0x00000000   Code   RO         1303    .ARM.Collect$$$$0000000A  mc_w.l(entry8b.o)
    0x08000138   0x00000008   Code   RO         1304    .ARM.Collect$$$$0000000B  mc_w.l(entry9a.o)
    0x08000140   0x00000000   Code   RO         1306    .ARM.Collect$$$$0000000D  mc_w.l(entry10a.o)
    0x08000140   0x00000000   Code   RO         1308    .ARM.Collect$$$$0000000F  mc_w.l(entry11a.o)
    0x08000140   0x00000004   Code   RO         1297    .ARM.Collect$$$$00002712  mc_w.l(entry2.o)
    0x08000144   0x00000030   Code   RO            4  * .text               startup_stm32f10x_hd.o
    0x08000174   0x00000028   Code   RO           10    .text               main.o
    0x0800019c   0x00000022   Code   RO          141    .text               stm32f10x_it.o
    0x080001be   0x00000002   PAD
    0x080001c0   0x000001b0   Code   RO          153    .text               usart1.o
    0x08000370   0x000005b0   Code   RO          180    .text               i2c_driver.o
    0x08000920   0x00000932   Code   RO          216    .text               gui.o
    0x08001252   0x00000002   PAD
    0x08001254   0x00000234   Code   RO          263    .text               stm32f10x_gpio.o
    0x08001488   0x000002b4   Code   RO          275    .text               stm32f10x_rcc.o
    0x0800173c   0x000002d8   Code   RO          289    .text               stm32f10x_usart.o
    0x08001a14   0x000000b0   Code   RO          301    .text               misc.o
    0x08001ac4   0x000000e8   Code   RO          419    .text               stm32f10x_exti.o
    0x08001bac   0x0000091c   Code   RO          549    .text               stm32f10x_tim.o
    0x080024c8   0x000000e0   Code   RO          590    .text               system_stm32f10x.o
    0x080025a8   0x0000005c   Code   RO          612    .text               bsp.o
    0x08002604   0x00000038   Code   RO          648    .text               led.o
    0x0800263c   0x00000260   Code   RO          660    .text               oled.o
    0x0800289c   0x00000048   Code   RO          678    .text               spi.o
    0x080028e4   0x00000064   Code   RO          690    .text               voice.o
    0x08002948   0x000000dc   Code   RO          707    .text               exti.o
    0x08002a24   0x000000b4   Code   RO          775    .text               time_test.o
    0x08002ad8   0x00000068   Code   RO          849    .text               app.o
    0x08002b40   0x000006c8   Code   RO          864    .text               os_core.o
    0x08003208   0x000006cc   Code   RO          927    .text               os_task.o
    0x080038d4   0x0000018c   Code   RO          940    .text               os_time.o
    0x08003a60   0x000000a4   Code   RO          958    .text               os_cpu_a.o
    0x08003b04   0x00000084   Code   RO          961    .text               os_cpu_c.o
    0x08003b88   0x000000c0   Code   RO          989    .text               delay.o
    0x08003c48   0x00000024   Code   RO         1025    .text               mc_w.l(memseta.o)
    0x08003c6c   0x0000001c   Code   RO         1029    .text               mc_w.l(strcmp.o)
    0x08003c88   0x00000062   Code   RO         1313    .text               mc_w.l(uldiv.o)
    0x08003cea   0x00000002   PAD
    0x08003cec   0x00000024   Code   RO         1326    .text               mc_w.l(init.o)
    0x08003d10   0x0000001e   Code   RO         1328    .text               mc_w.l(llshl.o)
    0x08003d2e   0x00000020   Code   RO         1330    .text               mc_w.l(llushr.o)
    0x08003d4e   0x00000002   PAD
    0x08003d50   0x00000020   Code   RO         1168    i.__0printf$5       mc_w.l(printf5.o)
    0x08003d70   0x00000028   Code   RO         1170    i.__0sprintf$5      mc_w.l(printf5.o)
    0x08003d98   0x0000000e   Code   RO         1338    i.__scatterload_copy  mc_w.l(handlers.o)
    0x08003da6   0x00000002   Code   RO         1339    i.__scatterload_null  mc_w.l(handlers.o)
    0x08003da8   0x0000000e   Code   RO         1340    i.__scatterload_zeroinit  mc_w.l(handlers.o)
    0x08003db6   0x00000002   PAD
    0x08003db8   0x000002c0   Code   RO         1175    i._printf_core      mc_w.l(printf5.o)
    0x08004078   0x0000000a   Code   RO         1177    i._sputc            mc_w.l(printf5.o)
    0x08004082   0x000009d6   Data   RO          217    .constdata          gui.o
    0x08004a58   0x00000004   Data   RO          591    .constdata          system_stm32f10x.o
    0x08004a5c   0x0000001a   Data   RO          691    .constdata          voice.o
    0x08004a76   0x00000100   Data   RO          866    .constdata          os_core.o
    0x08004b76   0x00000002   PAD
    0x08004b78   0x00000020   Data   RO         1336    Region$$Table       anon$$obj.o


    Execution Region ER_RW (Base: 0x20000000, Size: 0x00000088, Max: 0xffffffff, ABSOLUTE)

    Base Addr    Size         Type   Attr      Idx    E Section Name        Object

    0x20000000   0x00000002   Data   RW          155    .data               usart1.o
    0x20000002   0x00000028   Data   RW          181    .data               i2c_driver.o
    0x2000002a   0x00000014   Data   RW          276    .data               stm32f10x_rcc.o
    0x2000003e   0x00000002   PAD
    0x20000040   0x00000004   Data   RW          708    .data               exti.o
    0x20000044   0x00000004   Data   RW          789    .data               ultrasonic.o
    0x20000048   0x00000038   Data   RW          867    .data               os_core.o
    0x20000080   0x00000004   Data   RW          990    .data               delay.o
    0x20000084   0x00000004   Data   RW         1310    .data               mc_w.l(stdout.o)


    Execution Region ER_ZI (Base: 0x20000088, Size: 0x000017e0, Max: 0xffffffff, ABSOLUTE)

    Base Addr    Size         Type   Attr      Idx    E Section Name        Object

    0x20000088   0x00000140   Zero   RW           11    .bss                main.o
    0x200001c8   0x00000400   Zero   RW          154    .bss                usart1.o
    0x200005c8   0x00000400   Zero   RW          661    .bss                oled.o
    0x200009c8   0x00000140   Zero   RW          850    .bss                app.o
    0x20000b08   0x00000b60   Zero   RW          865    .bss                os_core.o
    0x20001668   0x00000200   Zero   RW            1    STACK               startup_stm32f10x_hd.o


==============================================================================

Image component sizes


      Code (inc. data)   RO Data    RW Data    ZI Data      Debug   Object Name

       104          8          0          0        320        919   app.o
        92         10          0          0          0       4880   bsp.o
       192         14          0          4          0       1823   delay.o
       220         10          0          4          0       1051   exti.o
      2354         12       2518          0          0       8749   gui.o
      1456         56          0         40          0       5812   i2c_driver.o
        56          6          0          0          0        434   led.o
        40         10          0          0        320     237318   main.o
       176         18          0          0          0       1529   misc.o
       608          8          0          0       1024       2686   oled.o
      1736         68        256         56       2912      15102   os_core.o
       164         32          0          0          0        268   os_cpu_a.o
       132          0          0          0          0      10513   os_cpu_c.o
      1740         66          0          0          0       5723   os_task.o
       396         24          0          0          0       1682   os_time.o
        72          6          0          0          0        488   spi.o
        48         12        304          0        512        836   startup_stm32f10x_hd.o
       232          8          0          0          0       1947   stm32f10x_exti.o
       564         16          0          0          0       4427   stm32f10x_gpio.o
        34          0          0          0          0       1218   stm32f10x_it.o
       692         34          0         20          0       7864   stm32f10x_rcc.o
      2332         18          0          0          0      43390   stm32f10x_tim.o
       728         12          0          0          0       6603   stm32f10x_usart.o
       224         16          4          0          0       1461   system_stm32f10x.o
       180          4          0          0          0        801   time_test.o
         0          0          0          4          0        465   ultrasonic.o
       432         24          0          2       1024       4232   usart1.o
       100          4         26          0          0       1336   voice.o

    ----------------------------------------------------------------------
     15108        496       3142        132       6112     373557   Object Totals
         0          0         32          0          0          0   (incl. Generated)
         4          0          2          2          0          0   (incl. Padding)

    ----------------------------------------------------------------------

      Code (inc. data)   RO Data    RW Data    ZI Data      Debug   Library Member Name

         0          0          0          0          0          0   entry.o
         0          0          0          0          0          0   entry10a.o
         0          0          0          0          0          0   entry11a.o
         8          4          0          0          0          0   entry2.o
         4          0          0          0          0          0   entry5.o
         0          0          0          0          0          0   entry7b.o
         0          0          0          0          0          0   entry8b.o
         8          4          0          0          0          0   entry9a.o
        30          0          0          0          0          0   handlers.o
        36          8          0          0          0         68   init.o
        30          0          0          0          0         68   llshl.o
        32          0          0          0          0         68   llushr.o
        36          0          0          0          0        108   memseta.o
       786         62          0          0          0        336   printf5.o
         0          0          0          4          0          0   stdout.o
        28          0          0          0          0         76   strcmp.o
        98          0          0          0          0         92   uldiv.o

    ----------------------------------------------------------------------
      1102         78          0          4          0        816   Library Totals
         6          0          0          0          0          0   (incl. Padding)

    ----------------------------------------------------------------------

      Code (inc. data)   RO Data    RW Data    ZI Data      Debug   Library Name

      1096         78          0          4          0        816   mc_w.l

    ----------------------------------------------------------------------
      1102         78          0          4          0        816   Library Totals

    ----------------------------------------------------------------------

==============================================================================


      Code (inc. data)   RO Data    RW Data    ZI Data      Debug   

     16210        574       3142        136       6112     371097   Grand Totals
     16210        574       3142        136       6112     371097   ELF Image Totals
     16210        574       3142        136          0          0   ROM Totals

==============================================================================

    Total RO  Size (Code + RO Data)                19352 (  18.90kB)
    Total RW  Size (RW Data + ZI Data)              6248 (   6.10kB)
    Total ROM Size (Code + RO Data + RW Data)      19488 (  19.03kB)

==============================================================================

