ARM Linker, 5.03 [Build 76] [MDK-ARM Lite]

==============================================================================

Section Cross References

    startup_stm32f10x_hd.o(RESET) refers to startup_stm32f10x_hd.o(.text) for Reset_Handler
    startup_stm32f10x_hd.o(RESET) refers to stm32f10x_it.o(.text) for NMI_Handler
    startup_stm32f10x_hd.o(RESET) refers to os_cpu_a.o(.text) for OS_CPU_PendSVHandler
    startup_stm32f10x_hd.o(RESET) refers to exti.o(.text) for EXTI0_IRQHandler
    startup_stm32f10x_hd.o(RESET) refers to time_test.o(.text) for TIM2_IRQHandler
    startup_stm32f10x_hd.o(RESET) refers to usart1.o(.text) for USART1_IRQHandler
    startup_stm32f10x_hd.o(.text) refers to startup_stm32f10x_hd.o(STACK) for __initial_sp
    startup_stm32f10x_hd.o(.text) refers to entry.o(.ARM.Collect$$$$00000000) for __main
    main.o(.text) refers to bsp.o(.text) for BSP_Init
    main.o(.text) refers to os_core.o(.text) for OSInit
    main.o(.text) refers to os_task.o(.text) for OSTaskCreate
    main.o(.text) refers to main.o(.bss) for .bss
    main.o(.text) refers to app.o(.text) for Task_Start
    stm32f10x_it.o(.text) refers to os_core.o(.text) for OSIntEnter
    usart1.o(.text) refers to stm32f10x_rcc.o(.text) for RCC_APB2PeriphClockCmd
    usart1.o(.text) refers to stm32f10x_gpio.o(.text) for GPIO_Init
    usart1.o(.text) refers to misc.o(.text) for NVIC_Init
    usart1.o(.text) refers to stm32f10x_usart.o(.text) for USART_Init
    usart1.o(.text) refers to memseta.o(.text) for __aeabi_memclr
    usart1.o(.text) refers to printf5.o(i.__0printf$5) for __2printf
    usart1.o(.text) refers to os_time.o(.text) for OSTimeDlyHMSM
    usart1.o(.text) refers to usart1.o(.bss) for .bss
    usart1.o(.text) refers to usart1.o(.data) for .data
    i2c_driver.o(.text) refers to delay.o(.text) for delay_ms
    i2c_driver.o(.text) refers to stm32f10x_rcc.o(.text) for RCC_AHBPeriphClockCmd
    i2c_driver.o(.text) refers to stm32f10x_gpio.o(.text) for GPIO_Init
    i2c_driver.o(.text) refers to printf5.o(i.__0printf$5) for __2printf
    i2c_driver.o(.text) refers to usart1.o(.text) for Debug
    i2c_driver.o(.text) refers to os_time.o(.text) for OSTimeDlyHMSM
    i2c_driver.o(.text) refers to i2c_driver.o(.data) for .data
    stmflash.o(.text) refers to stm32f10x_flash.o(.text) for FLASH_ProgramHalfWord
    stmflash.o(.text) refers to usart1.o(.text) for Debug
    stmflash.o(.text) refers to printf5.o(i.__0printf$5) for __2printf
    stmflash.o(.text) refers to os_time.o(.text) for OSTimeDlyHMSM
    stmflash.o(.text) refers to stmflash.o(.bss) for .bss
    stmflash.o(.text) refers to stmflash.o(.data) for .data
    gui.o(.text) refers to oled.o(.text) for OLED_Set_Pixel
    gui.o(.text) refers to gui.o(.constdata) for .constdata
    gui.o(.text) refers to gui.o(.data) for .data
    guirgb.o(.text) refers to lcdrgb.o(.text) for LCD_SetCursor
    guirgb.o(.text) refers to lcdrgb.o(.bss) for lcddev
    guirgb.o(.text) refers to lcdrgb.o(.data) for POINT_COLOR
    guirgb.o(.text) refers to guirgb.o(.constdata) for .constdata
    guirgb.o(.text) refers to lcdrgb.o(.data) for BACK_COLOR
    guirgb.o(.text) refers to strlen.o(.text) for strlen
    guirgb.o(.text) refers to delay.o(.text) for delay_ms
    stm32f10x_gpio.o(.text) refers to stm32f10x_rcc.o(.text) for RCC_APB2PeriphResetCmd
    stm32f10x_rcc.o(.text) refers to stm32f10x_rcc.o(.data) for .data
    stm32f10x_usart.o(.text) refers to stm32f10x_rcc.o(.text) for RCC_APB2PeriphResetCmd
    stm32f10x_adc.o(.text) refers to stm32f10x_rcc.o(.text) for RCC_APB2PeriphResetCmd
    stm32f10x_bkp.o(.text) refers to stm32f10x_rcc.o(.text) for RCC_BackupResetCmd
    stm32f10x_can.o(.text) refers to stm32f10x_rcc.o(.text) for RCC_APB1PeriphResetCmd
    stm32f10x_dac.o(.text) refers to stm32f10x_rcc.o(.text) for RCC_APB1PeriphResetCmd
    stm32f10x_i2c.o(.text) refers to stm32f10x_rcc.o(.text) for RCC_APB1PeriphResetCmd
    stm32f10x_pwr.o(.text) refers to stm32f10x_rcc.o(.text) for RCC_APB1PeriphResetCmd
    stm32f10x_spi.o(.text) refers to stm32f10x_rcc.o(.text) for RCC_APB2PeriphResetCmd
    stm32f10x_tim.o(.text) refers to stm32f10x_rcc.o(.text) for RCC_APB1PeriphResetCmd
    stm32f10x_wwdg.o(.text) refers to stm32f10x_rcc.o(.text) for RCC_APB1PeriphResetCmd
    bsp.o(.text) refers to system_stm32f10x.o(.text) for SystemInit
    bsp.o(.text) refers to led.o(.text) for LED_GPIO_Config
    bsp.o(.text) refers to usart1.o(.text) for USART1_Config
    bsp.o(.text) refers to delay.o(.text) for delay_init
    bsp.o(.text) refers to system_stm32f10x.o(.constdata) for SystemFrequency
    led.o(.text) refers to stm32f10x_rcc.o(.text) for RCC_APB2PeriphClockCmd
    led.o(.text) refers to stm32f10x_gpio.o(.text) for GPIO_Init
    oled.o(.text) refers to stm32f10x_gpio.o(.text) for GPIO_SetBits
    oled.o(.text) refers to spi.o(.text) for SPI_WriteByte
    oled.o(.text) refers to memseta.o(.text) for __aeabi_memset
    oled.o(.text) refers to delay.o(.text) for delay_ms
[...]
    printf7.o(i.__0printf$7) refers to usart1.o(.text) for fputc
    printf7.o(i.__0printf$7) refers to stdout.o(.data) for __stdout
    printf7.o(i.__0snprintf$7) refers to printf7.o(i._printf_core) for _printf_core
    printf7.o(i.__0snprintf$7) refers to printf7.o(i._snputc) for _snputc
    printf7.o(i.__0sprintf$7) refers to printf7.o(i._printf_core) for _printf_core
    printf7.o(i.__0sprintf$7) refers to printf7.o(i._sputc) for _sputc
    printf7.o(i.__0vfprintf$7) refers to printf7.o(i._printf_core) for _printf_core
    printf7.o(i.__0vfprintf$7) refers to usart1.o(.text) for fputc
    printf7.o(i.__0vprintf$7) refers to printf7.o(i._printf_core) for _printf_core
    printf7.o(i.__0vprintf$7) refers to usart1.o(.text) for fputc
    printf7.o(i.__0vprintf$7) refers to stdout.o(.data) for __stdout
    printf7.o(i.__0vsnprintf$7) refers to printf7.o(i._printf_core) for _printf_core
    printf7.o(i.__0vsnprintf$7) refers to printf7.o(i._snputc) for _snputc
    printf7.o(i.__0vsprintf$7) refers to printf7.o(i._printf_core) for _printf_core
    printf7.o(i.__0vsprintf$7) refers to printf7.o(i._sputc) for _sputc
    printf7.o(i._printf_core) refers to printf7.o(i._printf_pre_padding) for _printf_pre_padding
    printf7.o(i._printf_core) refers to uldiv.o(.text) for __aeabi_uldivmod
    printf7.o(i._printf_core) refers to printf7.o(i._printf_post_padding) for _printf_post_padding
    printf8.o(i.__0fprintf$8) refers to printf8.o(i._printf_core) for _printf_core
    printf8.o(i.__0fprintf$8) refers to usart1.o(.text) for fputc
    printf8.o(i.__0printf$8) refers to printf8.o(i._printf_core) for _printf_core
    printf8.o(i.__0printf$8) refers to usart1.o(.text) for fputc
    printf8.o(i.__0printf$8) refers to stdout.o(.data) for __stdout
    printf8.o(i.__0snprintf$8) refers to printf8.o(i._printf_core) for _printf_core
    printf8.o(i.__0snprintf$8) refers to printf8.o(i._snputc) for _snputc
    printf8.o(i.__0sprintf$8) refers to printf8.o(i._printf_core) for _printf_core
    printf8.o(i.__0sprintf$8) refers to printf8.o(i._sputc) for _sputc
    printf8.o(i.__0vfprintf$8) refers to printf8.o(i._printf_core) for _printf_core
    printf8.o(i.__0vfprintf$8) refers to usart1.o(.text) for fputc
    printf8.o(i.__0vprintf$8) refers to printf8.o(i._printf_core) for _printf_core
    printf8.o(i.__0vprintf$8) refers to usart1.o(.text) for fputc
    printf8.o(i.__0vprintf$8) refers to stdout.o(.data) for __stdout
    printf8.o(i.__0vsnprintf$8) refers to printf8.o(i._printf_core) for _printf_core
    printf8.o(i.__0vsnprintf$8) refers to printf8.o(i._snputc) for _snputc
    printf8.o(i.__0vsprintf$8) refers to printf8.o(i._printf_core) for _printf_core
    printf8.o(i.__0vsprintf$8) refers to printf8.o(i._sputc) for _sputc
    printf8.o(i._printf_core) refers to printf8.o(i._printf_pre_padding) for _printf_pre_padding
    printf8.o(i._printf_core) refers to uldiv.o(.text) for __aeabi_uldivmod
    printf8.o(i._printf_core) refers to printf8.o(i._printf_post_padding) for _printf_post_padding
    printfa.o(i.__0fprintf) refers (Special) to iusefp.o(.text) for __I$use$fp
    printfa.o(i.__0fprintf) refers to printfa.o(i._printf_core) for _printf_core
    printfa.o(i.__0fprintf) refers to usart1.o(.text) for fputc
    printfa.o(i.__0printf) refers (Special) to iusefp.o(.text) for __I$use$fp
    printfa.o(i.__0printf) refers to printfa.o(i._printf_core) for _printf_core
    printfa.o(i.__0printf) refers to usart1.o(.text) for fputc
    printfa.o(i.__0printf) refers to stdout.o(.data) for __stdout
    printfa.o(i.__0snprintf) refers (Special) to iusefp.o(.text) for __I$use$fp
    printfa.o(i.__0snprintf) refers to printfa.o(i._printf_core) for _printf_core
    printfa.o(i.__0snprintf) refers to printfa.o(i._snputc) for _snputc
    printfa.o(i.__0sprintf) refers (Special) to iusefp.o(.text) for __I$use$fp
    printfa.o(i.__0sprintf) refers to printfa.o(i._printf_core) for _printf_core
    printfa.o(i.__0sprintf) refers to printfa.o(i._sputc) for _sputc
    printfa.o(i.__0vfprintf) refers (Special) to iusefp.o(.text) for __I$use$fp
    printfa.o(i.__0vfprintf) refers to printfa.o(i._printf_core) for _printf_core
    printfa.o(i.__0vfprintf) refers to usart1.o(.text) for fputc
    printfa.o(i.__0vprintf) refers (Special) to iusefp.o(.text) for __I$use$fp
    printfa.o(i.__0vprintf) refers to printfa.o(i._printf_core) for _printf_core
    printfa.o(i.__0vprintf) refers to usart1.o(.text) for fputc
    printfa.o(i.__0vprintf) refers to stdout.o(.data) for __stdout
    printfa.o(i.__0vsnprintf) refers (Special) to iusefp.o(.text) for __I$use$fp
    printfa.o(i.__0vsnprintf) refers to printfa.o(i._printf_core) for _printf_core
    printfa.o(i.__0vsnprintf) refers to printfa.o(i._snputc) for _snputc
    printfa.o(i.__0vsprintf) refers (Special) to iusefp.o(.text) for __I$use$fp
    printfa.o(i.__0vsprintf) refers to printfa.o(i._printf_core) for _printf_core
    printfa.o(i.__0vsprintf) refers to printfa.o(i._sputc) for _sputc
    printfa.o(i._fp_digits) refers (Special) to iusefp.o(.text) for __I$use$fp
    printfa.o(i._fp_digits) refers to dmul.o(.text) for __aeabi_dmul
    printfa.o(i._fp_digits) refers to ddiv.o(.text) for __aeabi_ddiv
    printfa.o(i._fp_digits) refers to cdrcmple.o(.text) for __aeabi_cdrcmple
    printfa.o(i._fp_digits) refers to dadd.o(.text) for __aeabi_dadd
    printfa.o(i._fp_digits) refers to dfixul.o(.text) for __aeabi_d2ulz
    printfa.o(i._fp_digits) refers to uldiv.o(.text) for __aeabi_uldivmod
    printfa.o(i._printf_core) refers (Special) to iusefp.o(.text) for __I$use$fp
    printfa.o(i._printf_core) refers to printfa.o(i._printf_pre_padding) for _printf_pre_padding
    printfa.o(i._printf_core) refers to uldiv.o(.text) for __aeabi_uldivmod
    printfa.o(i._printf_core) refers to printfa.o(i._printf_post_padding) for _printf_post_padding
    printfa.o(i._printf_core) refers to printfa.o(i._fp_digits) for _fp_digits
    printfa.o(i._printf_core) refers to uidiv.o(.text) for __aeabi_uidivmod
    printfa.o(i._printf_post_padding) refers (Special) to iusefp.o(.text) for __I$use$fp
    printfa.o(i._printf_pre_padding) refers (Special) to iusefp.o(.text) for __I$use$fp
    printfa.o(i._snputc) refers (Special) to iusefp.o(.text) for __I$use$fp
    printfa.o(i._sputc) refers (Special) to iusefp.o(.text) for __I$use$fp
    entry2.o(.ARM.Collect$$$$00000001) refers to entry2.o(.ARM.Collect$$$$00002712) for __lit__00000000
    entry2.o(.ARM.Collect$$$$00002712) refers to startup_stm32f10x_hd.o(STACK) for __initial_sp
    entry2.o(__vectab_stack_and_reset_area) refers to startup_stm32f10x_hd.o(STACK) for __initial_sp
    entry2.o(__vectab_stack_and_reset_area) refers to entry.o(.ARM.Collect$$$$00000000) for __main
    entry5.o(.ARM.Collect$$$$00000004) refers to init.o(.text) for __scatterload
    entry9a.o(.ARM.Collect$$$$0000000B) refers to main.o(.text) for main
    entry9b.o(.ARM.Collect$$$$0000000C) refers to main.o(.text) for main
    uldiv.o(.text) refers to llushr.o(.text) for __aeabi_llsr
    uldiv.o(.text) refers to llshl.o(.text) for __aeabi_llsl
    dadd.o(.text) refers to llshl.o(.text) for __aeabi_llsl
    dadd.o(.text) refers to llsshr.o(.text) for __aeabi_lasr
    dadd.o(.text) refers to depilogue.o(.text) for _double_epilogue
    dmul.o(.text) refers to depilogue.o(.text) for _double_epilogue
    ddiv.o(.text) refers to depilogue.o(.text) for _double_round
    dfixul.o(.text) refers to llushr.o(.text) for __aeabi_llsr
    dfixul.o(.text) refers to llshl.o(.text) for __aeabi_llsl
    init.o(.text) refers to entry5.o(.ARM.Collect$$$$00000004) for __main_after_scatterload
    depilogue.o(.text) refers to llshl.o(.text) for __aeabi_llsl
    depilogue.o(.text) refers to llushr.o(.text) for __aeabi_llsr


==============================================================================

Removing Unused input sections from the image.

    Removing startup_stm32f10x_hd.o(HEAP), (0 bytes).
    Removing i2c_driver.o(.text), (1144 bytes).
    Removing i2c_driver.o(.data), (32 bytes).
    Removing stmflash.o(.text), (560 bytes).
    Removing stmflash.o(.bss), (2048 bytes).
    Removing stmflash.o(.data), (16 bytes).
    Removing gui.o(.text), (2376 bytes).
    Removing gui.o(.constdata), (2518 bytes).
    Removing gui.o(.data), (1024 bytes).
    Removing guirgb.o(.text), (3064 bytes).
    Removing guirgb.o(.constdata), (5875 bytes).
    Removing stm32f10x_adc.o(.text), (800 bytes).
    Removing stm32f10x_bkp.o(.text), (140 bytes).
    Removing stm32f10x_can.o(.text), (1362 bytes).
    Removing stm32f10x_crc.o(.text), (64 bytes).
    Removing stm32f10x_dac.o(.text), (236 bytes).
    Removing stm32f10x_dbgmcu.o(.text), (40 bytes).
    Removing stm32f10x_dma.o(.text), (436 bytes).
    Removing stm32f10x_flash.o(.text), (992 bytes).
    Removing stm32f10x_fsmc.o(.text), (1116 bytes).
    Removing stm32f10x_i2c.o(.text), (784 bytes).
    Removing stm32f10x_iwdg.o(.text), (60 bytes).
    Removing stm32f10x_pwr.o(.text), (164 bytes).
    Removing stm32f10x_rtc.o(.text), (272 bytes).
    Removing stm32f10x_sdio.o(.text), (420 bytes).
    Removing stm32f10x_wwdg.o(.text), (116 bytes).
    Removing core_cm3.o(.emb_text), (32 bytes).
    Removing system_stm32f10x.o(.constdata), (4 bytes).
    Removing system_stm32f10x.o(.constdata), (4 bytes).
    Removing system_stm32f10x.o(.constdata), (4 bytes).
    Removing system_stm32f10x.o(.constdata), (4 bytes).
    Removing oled.o(.text), (608 bytes).
    Removing oled.o(.bss), (1024 bytes).
    Removing spi.o(.text), (72 bytes).
    Removing voice.o(.text), (120 bytes).
    Removing voice.o(.constdata), (26 bytes).
    Removing voice.o(.constdata), (16 bytes).
    Removing voice.o(.constdata), (17 bytes).
    Removing voice.o(.constdata), (1 bytes).
    Removing voice.o(.constdata), (1 bytes).
    Removing lcdrgb.o(.text), (1064 bytes).
    Removing lcdrgb.o(.bss), (16 bytes).
    Removing lcdrgb.o(.data), (2 bytes).
    Removing lcdrgb.o(.data), (2 bytes).
    Removing lcdrgb.o(.data), (2 bytes).
    Removing relay.o(.constdata), (11 bytes).
    Removing relay.o(.constdata), (11 bytes).
    Removing spihw.o(.text), (204 bytes).
    Removing ultrasonic.o(.text), (184 bytes).
    Removing w5500.o(.data), (4 bytes).
    Removing w5500.o(.data), (2 bytes).
    Removing w5500.o(.data), (1 bytes).
    Removing ds1307.o(.text), (308 bytes).
    Removing ds1307.o(.data), (8 bytes).
    Removing os_sem.o(.text), (844 bytes).
    Removing os_dbg.o(.constdata), (2 bytes).
    Removing sys.o(.emb_text), (6 bytes).
    Removing sys.o(.text), (12 bytes).
    Removing dadd.o(.text), (334 bytes).
    Removing dmul.o(.text), (228 bytes).
    Removing ddiv.o(.text), (222 bytes).
    Removing dfixul.o(.text), (48 bytes).
    Removing cdrcmple.o(.text), (40 bytes).
    Removing depilogue.o(.text), (190 bytes).

64 unused section(s) (total 31337 bytes) removed from the image.

==============================================================================

Image Symbol Table

    Local Symbols

    Symbol Name                              Value     Ov Type        Size  Object(Section)

    ../clib/microlib/division.c              0x00000000   Number         0  uldiv.o ABSOLUTE
    ../clib/microlib/division.c              0x00000000   Number         0  uidiv.o ABSOLUTE
    ../clib/microlib/init/entry.s            0x00000000   Number         0  entry10b.o ABSOLUTE
    ../clib/microlib/init/entry.s            0x00000000   Number         0  entry11b.o ABSOLUTE
    ../clib/microlib/init/entry.s            0x00000000   Number         0  entry8a.o ABSOLUTE
    ../clib/microlib/init/entry.s            0x00000000   Number         0  entry8b.o ABSOLUTE
    ../clib/microlib/init/entry.s            0x00000000   Number         0  entry10a.o ABSOLUTE
    ../clib/microlib/init/entry.s            0x00000000   Number         0  entry2.o ABSOLUTE
    ../clib/microlib/init/entry.s            0x00000000   Number         0  entry11a.o ABSOLUTE
    ../clib/microlib/init/entry.s            0x00000000   Number         0  entry9a.o ABSOLUTE
    ../clib/microlib/init/entry.s            0x00000000   Number         0  entry9b.o ABSOLUTE
    ../clib/microlib/init/entry.s            0x00000000   Number         0  entry5.o ABSOLUTE
    ../clib/microlib/init/entry.s            0x00000000   Number         0  entry.o ABSOLUTE
    ../clib/microlib/init/entry.s            0x00000000   Number         0  entry7a.o ABSOLUTE
    ../clib/microlib/init/entry.s            0x00000000   Number         0  entry7b.o ABSOLUTE
    ../clib/microlib/longlong.c              0x00000000   Number         0  llsshr.o ABSOLUTE
    ../clib/microlib/longlong.c              0x00000000   Number         0  llshl.o ABSOLUTE
    ../clib/microlib/longlong.c              0x00000000   Number         0  llushr.o ABSOLUTE
    ../clib/microlib/printf/printf.c         0x00000000   Number         0  printf8.o ABSOLUTE
    ../clib/microlib/printf/printf.c         0x00000000   Number         0  printfa.o ABSOLUTE
    ../clib/microlib/printf/printf.c         0x00000000   Number         0  printf7.o ABSOLUTE
    ../clib/microlib/printf/printf.c         0x00000000   Number         0  printf6.o ABSOLUTE
    ../clib/microlib/printf/printf.c         0x00000000   Number         0  printf5.o ABSOLUTE
    ../clib/microlib/printf/printf.c         0x00000000   Number         0  printf4.o ABSOLUTE
    ../clib/microlib/printf/printf.c         0x00000000   Number         0  printf3.o ABSOLUTE
    ../clib/microlib/printf/printf.c         0x00000000   Number         0  printf2.o ABSOLUTE
    ../clib/microlib/printf/printf.c         0x00000000   Number         0  printf1.o ABSOLUTE
    ../clib/microlib/printf/printf.c         0x00000000   Number         0  printf0.o ABSOLUTE
    ../clib/microlib/printf/printf.c         0x00000000   Number         0  printfb.o ABSOLUTE
    ../clib/microlib/printf/stubs.s          0x00000000   Number         0  stubs.o ABSOLUTE
    ../clib/microlib/stdio/streams.c         0x00000000   Number         0  stdout.o ABSOLUTE
    ../clib/microlib/string/memcmp.c         0x00000000   Number         0  memcmp.o ABSOLUTE
    ../clib/microlib/string/memcpy.c         0x00000000   Number         0  memcpya.o ABSOLUTE
    ../clib/microlib/string/memcpy.c         0x00000000   Number         0  memcpyb.o ABSOLUTE
    ../clib/microlib/string/memset.c         0x00000000   Number         0  memseta.o ABSOLUTE
    ../clib/microlib/string/strcmp.c         0x00000000   Number         0  strcmp.o ABSOLUTE
    ../clib/microlib/string/strlen.c         0x00000000   Number         0  strlen.o ABSOLUTE
    ../clib/microlib/stubs.s                 0x00000000   Number         0  iusefp.o ABSOLUTE
    ../fplib/microlib/fpadd.c                0x00000000   Number         0  dadd.o ABSOLUTE
    ../fplib/microlib/fpdiv.c                0x00000000   Number         0  ddiv.o ABSOLUTE
    ../fplib/microlib/fpepilogue.c           0x00000000   Number         0  depilogue.o ABSOLUTE
    ../fplib/microlib/fpfix.c                0x00000000   Number         0  dfixul.o ABSOLUTE
    ../fplib/microlib/fpmul.c                0x00000000   Number         0  dmul.o ABSOLUTE
    ..\APP\app.c                             0x00000000   Number         0  app.o ABSOLUTE
    ..\BSP\BSP.c                             0x00000000   Number         0  bsp.o ABSOLUTE
    ..\BSP\DS1307.c                          0x00000000   Number         0  ds1307.o ABSOLUTE
    ..\BSP\SPIHW.c                           0x00000000   Number         0  spihw.o ABSOLUTE
    ..\BSP\Time_test.c                       0x00000000   Number         0  time_test.o ABSOLUTE
    ..\BSP\W5500.c                           0x00000000   Number         0  w5500.o ABSOLUTE
    ..\BSP\W5500Process.c                    0x00000000   Number         0  w5500process.o ABSOLUTE
    ..\BSP\exti.c                            0x00000000   Number         0  exti.o ABSOLUTE
    ..\BSP\lcdrgb.c                          0x00000000   Number         0  lcdrgb.o ABSOLUTE
    ..\BSP\led.c                             0x00000000   Number         0  led.o ABSOLUTE
    ..\BSP\oled.c                            0x00000000   Number         0  oled.o ABSOLUTE
    ..\BSP\relay.c                           0x00000000   Number         0  relay.o ABSOLUTE
    ..\BSP\spi.c                             0x00000000   Number         0  spi.o ABSOLUTE
    ..\BSP\ultrasonic.c                      0x00000000   Number         0  ultrasonic.o ABSOLUTE
    ..\BSP\voice.c                           0x00000000   Number         0  voice.o ABSOLUTE
    ..\CMSIS\core_cm3.c                      0x00000000   Number         0  core_cm3.o ABSOLUTE
    ..\CMSIS\startup\startup_stm32f10x_hd.s  0x00000000   Number         0  startup_stm32f10x_hd.o ABSOLUTE
    ..\CMSIS\system_stm32f10x.c              0x00000000   Number         0  system_stm32f10x.o ABSOLUTE
    ..\FWlib\src\misc.c                      0x00000000   Number         0  misc.o ABSOLUTE
    ..\FWlib\src\stm32f10x_adc.c             0x00000000   Number         0  stm32f10x_adc.o ABSOLUTE
    ..\FWlib\src\stm32f10x_bkp.c             0x00000000   Number         0  stm32f10x_bkp.o ABSOLUTE
    ..\FWlib\src\stm32f10x_can.c             0x00000000   Number         0  stm32f10x_can.o ABSOLUTE
    ..\FWlib\src\stm32f10x_crc.c             0x00000000   Number         0  stm32f10x_crc.o ABSOLUTE
    ..\FWlib\src\stm32f10x_dac.c             0x00000000   Number         0  stm32f10x_dac.o ABSOLUTE
    ..\FWlib\src\stm32f10x_dbgmcu.c          0x00000000   Number         0  stm32f10x_dbgmcu.o ABSOLUTE
    ..\FWlib\src\stm32f10x_dma.c             0x00000000   Number         0  stm32f10x_dma.o ABSOLUTE
    ..\FWlib\src\stm32f10x_exti.c            0x00000000   Number         0  stm32f10x_exti.o ABSOLUTE
    ..\FWlib\src\stm32f10x_flash.c           0x00000000   Number         0  stm32f10x_flash.o ABSOLUTE
    ..\FWlib\src\stm32f10x_fsmc.c            0x00000000   Number         0  stm32f10x_fsmc.o ABSOLUTE
    ..\FWlib\src\stm32f10x_gpio.c            0x00000000   Number         0  stm32f10x_gpio.o ABSOLUTE
    ..\FWlib\src\stm32f10x_i2c.c             0x00000000   Number         0  stm32f10x_i2c.o ABSOLUTE
    ..\FWlib\src\stm32f10x_iwdg.c            0x00000000   Number         0  stm32f10x_iwdg.o ABSOLUTE
    ..\FWlib\src\stm32f10x_pwr.c             0x00000000   Number         0  stm32f10x_pwr.o ABSOLUTE
    ..\FWlib\src\stm32f10x_rcc.c             0x00000000   Number         0  stm32f10x_rcc.o ABSOLUTE
    ..\FWlib\src\stm32f10x_rtc.c             0x00000000   Number         0  stm32f10x_rtc.o ABSOLUTE
    ..\FWlib\src\stm32f10x_sdio.c            0x00000000   Number         0  stm32f10x_sdio.o ABSOLUTE
    ..\FWlib\src\stm32f10x_spi.c             0x00000000   Number         0  stm32f10x_spi.o ABSOLUTE
    ..\FWlib\src\stm32f10x_tim.c             0x00000000   Number         0  stm32f10x_tim.o ABSOLUTE
    ..\FWlib\src\stm32f10x_usart.c           0x00000000   Number         0  stm32f10x_usart.o ABSOLUTE
    ..\FWlib\src\stm32f10x_wwdg.c            0x00000000   Number         0  stm32f10x_wwdg.o ABSOLUTE
    ..\SYSTEM\delay.c                        0x00000000   Number         0  delay.o ABSOLUTE
    ..\SYSTEM\sys.c                          0x00000000   Number         0  sys.o ABSOLUTE
    ..\\CMSIS\\core_cm3.c                    0x00000000   Number         0  core_cm3.o ABSOLUTE
    ..\\SYSTEM\\sys.c                        0x00000000   Number         0  sys.o ABSOLUTE
    ..\uCOS-II\Ports\os_cpu_a.asm            0x00000000   Number         0  os_cpu_a.o ABSOLUTE
    ..\uCOS-II\Ports\os_cpu_c.c              0x00000000   Number         0  os_cpu_c.o ABSOLUTE
    ..\uCOS-II\Ports\os_dbg.c                0x00000000   Number         0  os_dbg.o ABSOLUTE
    ..\uCOS-II\Source\os_core.c              0x00000000   Number         0  os_core.o ABSOLUTE
    ..\uCOS-II\Source\os_flag.c              0x00000000   Number         0  os_flag.o ABSOLUTE
    ..\uCOS-II\Source\os_mbox.c              0x00000000   Number         0  os_mbox.o ABSOLUTE
    ..\uCOS-II\Source\os_mem.c               0x00000000   Number         0  os_mem.o ABSOLUTE
    ..\uCOS-II\Source\os_mutex.c             0x00000000   Number         0  os_mutex.o ABSOLUTE
    ..\uCOS-II\Source\os_q.c                 0x00000000   Number         0  os_q.o ABSOLUTE
    ..\uCOS-II\Source\os_sem.c               0x00000000   Number         0  os_sem.o ABSOLUTE
    ..\uCOS-II\Source\os_task.c              0x00000000   Number         0  os_task.o ABSOLUTE
    ..\uCOS-II\Source\os_time.c              0x00000000   Number         0  os_time.o ABSOLUTE
    ..\uCOS-II\Source\os_tmr.c               0x00000000   Number         0  os_tmr.o ABSOLUTE
    GUIRGB.c                                 0x00000000   Number         0  guirgb.o ABSOLUTE
    I2C_Driver.c                             0x00000000   Number         0  i2c_driver.o ABSOLUTE
    cdrcmple.s                               0x00000000   Number         0  cdrcmple.o ABSOLUTE
    dc.s                                     0x00000000   Number         0  dc.o ABSOLUTE
    gui.c                                    0x00000000   Number         0  gui.o ABSOLUTE
    handlers.s                               0x00000000   Number         0  handlers.o ABSOLUTE
    init.s                                   0x00000000   Number         0  init.o ABSOLUTE
    main.c                                   0x00000000   Number         0  main.o ABSOLUTE
    stm32f10x_it.c                           0x00000000   Number         0  stm32f10x_it.o ABSOLUTE
    stmflash.c                               0x00000000   Number         0  stmflash.o ABSOLUTE
    usart1.c                                 0x00000000   Number         0  usart1.o ABSOLUTE
    RESET                                    0x08000000   Section      304  startup_stm32f10x_hd.o(RESET)
    .ARM.Collect$$$$00000000                 0x08000130   Section        0  entry.o(.ARM.Collect$$$$00000000)
    .ARM.Collect$$$$00000001                 0x08000130   Section        4  entry2.o(.ARM.Collect$$$$00000001)
    .ARM.Collect$$$$00000004                 0x08000134   Section        4  entry5.o(.ARM.Collect$$$$00000004)
    .ARM.Collect$$$$00000008                 0x08000138   Section        0  entry7b.o(.ARM.Collect$$$$00000008)
    .ARM.Collect$$$$0000000A                 0x08000138   Section        0  entry8b.o(.ARM.Collect$$$$0000000A)
    .ARM.Collect$$$$0000000B                 0x08000138   Section        8  entry9a.o(.ARM.Collect$$$$0000000B)
    .ARM.Collect$$$$0000000D                 0x08000140   Section        0  entry10a.o(.ARM.Collect$$$$0000000D)
    .ARM.Collect$$$$0000000F                 0x08000140   Section        0  entry11a.o(.ARM.Collect$$$$0000000F)
    .ARM.Collect$$$$00002712                 0x08000140   Section        4  entry2.o(.ARM.Collect$$$$00002712)
    __lit__00000000                          0x08000140   Data           4  entry2.o(.ARM.Collect$$$$00002712)
    .text                                    0x08000144   Section       48  startup_stm32f10x_hd.o(.text)
    .text                                    0x08000174   Section        0  main.o(.text)
    .text                                    0x0800019c   Section        0  stm32f10x_it.o(.text)
    .text                                    0x080001c0   Section        0  usart1.o(.text)
    .text                                    0x0800038c   Section        0  stm32f10x_gpio.o(.text)
    .text                                    0x080005c0   Section        0  stm32f10x_rcc.o(.text)
    .text                                    0x08000874   Section        0  stm32f10x_usart.o(.text)
    .text                                    0x08000b4c   Section        0  misc.o(.text)
    .text                                    0x08000bfc   Section        0  stm32f10x_exti.o(.text)
    .text                                    0x08000ce4   Section        0  stm32f10x_spi.o(.text)
    .text                                    0x08000f58   Section        0  stm32f10x_tim.o(.text)
    TI2_Config                               0x08001213   Thumb Code    54  stm32f10x_tim.o(.text)
    TI1_Config                               0x08001847   Thumb Code    46  stm32f10x_tim.o(.text)
    .text                                    0x08001874   Section        0  system_stm32f10x.o(.text)
    SetSysClockTo72                          0x08001875   Thumb Code   160  system_stm32f10x.o(.text)
    .text                                    0x08001954   Section        0  bsp.o(.text)
    .text                                    0x080019a4   Section        0  led.o(.text)
    .text                                    0x08001a6c   Section        0  exti.o(.text)
    .text                                    0x08001b48   Section        0  relay.o(.text)
    .text                                    0x08001f0c   Section        0  time_test.o(.text)
    .text                                    0x08001fc0   Section        0  w5500.o(.text)
    .text                                    0x080027ac   Section        0  w5500process.o(.text)
    .text                                    0x080029a8   Section        0  app.o(.text)
    .text                                    0x08002a18   Section        0  os_core.o(.text)
    OS_SchedNew                              0x080030bb   Thumb Code    24  os_core.o(.text)
    .text                                    0x080030e0   Section        0  os_task.o(.text)
    .text                                    0x080037ac   Section        0  os_time.o(.text)
    .text                                    0x08003938   Section      164  os_cpu_a.o(.text)
    .text                                    0x080039dc   Section        0  os_cpu_c.o(.text)
    .text                                    0x08003a60   Section        0  delay.o(.text)
    .text                                    0x08003b20   Section        0  memcpya.o(.text)
    .text                                    0x08003b44   Section        0  memseta.o(.text)
    .text                                    0x08003b68   Section        0  memcmp.o(.text)
    .text                                    0x08003b82   Section        0  uldiv.o(.text)
    .text                                    0x08003be4   Section       36  init.o(.text)
    .text                                    0x08003c08   Section        0  llshl.o(.text)
    .text                                    0x08003c26   Section        0  llushr.o(.text)
    i.__0printf$5                            0x08003c48   Section        0  printf5.o(i.__0printf$5)
    i.__scatterload_copy                     0x08003c68   Section       14  handlers.o(i.__scatterload_copy)
    i.__scatterload_null                     0x08003c76   Section        2  handlers.o(i.__scatterload_null)
    i.__scatterload_zeroinit                 0x08003c78   Section       14  handlers.o(i.__scatterload_zeroinit)
    i._printf_core                           0x08003c88   Section        0  printf5.o(i._printf_core)
    _printf_core                             0x08003c89   Thumb Code   658  printf5.o(i._printf_core)
    .constdata                               0x08003f48   Section        4  system_stm32f10x.o(.constdata)
    .constdata                               0x08003f4c   Section      160  relay.o(.constdata)
    .constdata                               0x08003fec   Section      256  os_core.o(.constdata)
    .data                                    0x20000000   Section        2  usart1.o(.data)
    .data                                    0x20000002   Section       20  stm32f10x_rcc.o(.data)
    ADCPrescTable                            0x20000002   Data           4  stm32f10x_rcc.o(.data)
    APBAHBPrescTable                         0x20000006   Data          16  stm32f10x_rcc.o(.data)
    .data                                    0x20000018   Section        4  exti.o(.data)
    .data                                    0x2000001c   Section        4  ultrasonic.o(.data)
    .data                                    0x20000020   Section        1  w5500.o(.data)
    .data                                    0x20000021   Section       28  w5500.o(.data)
    .data                                    0x20000040   Section       56  os_core.o(.data)
    .data                                    0x20000078   Section        4  delay.o(.data)
    fac_us                                   0x20000078   Data           1  delay.o(.data)
    fac_ms                                   0x2000007a   Data           2  delay.o(.data)
    .data                                    0x2000007c   Section        4  stdout.o(.data)
    .bss                                     0x20000080   Section      320  main.o(.bss)
    .bss                                     0x200001c0   Section     1024  usart1.o(.bss)
    .bss                                     0x200005c0   Section     2048  w5500.o(.bss)
    .bss                                     0x20000dc0   Section     2048  w5500.o(.bss)
    .bss                                     0x200015c0   Section      320  app.o(.bss)
    .bss                                     0x20001700   Section     2912  os_core.o(.bss)
    STACK                                    0x20002260   Section      512  startup_stm32f10x_hd.o(STACK)

    Global Symbols

    Symbol Name                              Value     Ov Type        Size  Object(Section)

    BuildAttributes$$THM_ISAv4$P$D$K$B$S$PE$A:L22UL41UL21$X:L11$S22US41US21$IEEE1$IW$USESV6$~STKCKD$USESV7$~SHL$OSPACE$ROPI$EBA8$MICROLIB$REQ8$PRES8$EABIv2 0x00000000   Number         0  anon$$obj.o ABSOLUTE
    __ARM_use_no_argv                        0x00000000   Number         0  main.o ABSOLUTE
    _printf_a                                0x00000000   Number         0  stubs.o ABSOLUTE
    _printf_c                                0x00000000   Number         0  stubs.o ABSOLUTE
    _printf_charcount                        0x00000000   Number         0  stubs.o ABSOLUTE
    _printf_d                                0x00000000   Number         0  stubs.o ABSOLUTE
    _printf_e                                0x00000000   Number         0  stubs.o ABSOLUTE
    _printf_f                                0x00000000   Number         0  stubs.o ABSOLUTE
    _printf_flags                            0x00000000   Number         0  stubs.o ABSOLUTE
    _printf_fp_dec                           0x00000000   Number         0  stubs.o ABSOLUTE
    _printf_fp_hex                           0x00000000   Number         0  stubs.o ABSOLUTE
    _printf_g                                0x00000000   Number         0  stubs.o ABSOLUTE
    _printf_i                                0x00000000   Number         0  stubs.o ABSOLUTE
    _printf_int_dec                          0x00000000   Number         0  stubs.o ABSOLUTE
    _printf_l                                0x00000000   Number         0  stubs.o ABSOLUTE
    _printf_lc                               0x00000000   Number         0  stubs.o ABSOLUTE
    _printf_ll                               0x00000000   Number         0  stubs.o ABSOLUTE
    _printf_lld                              0x00000000   Number         0  stubs.o ABSOLUTE
    _printf_lli                              0x00000000   Number         0  stubs.o ABSOLUTE
    _printf_llo                              0x00000000   Number         0  stubs.o ABSOLUTE
    _printf_llu                              0x00000000   Number         0  stubs.o ABSOLUTE
    _printf_llx                              0x00000000   Number         0  stubs.o ABSOLUTE
    _printf_longlong_dec                     0x00000000   Number         0  stubs.o ABSOLUTE
    _printf_longlong_hex                     0x00000000   Number         0  stubs.o ABSOLUTE
    _printf_longlong_oct                     0x00000000   Number         0  stubs.o ABSOLUTE
    _printf_ls                               0x00000000   Number         0  stubs.o ABSOLUTE
    _printf_mbtowc                           0x00000000   Number         0  stubs.o ABSOLUTE
    _printf_n                                0x00000000   Number         0  stubs.o ABSOLUTE
    _printf_o                                0x00000000   Number         0  stubs.o ABSOLUTE
    _printf_p                                0x00000000   Number         0  stubs.o ABSOLUTE
    _printf_percent                          0x00000000   Number         0  stubs.o ABSOLUTE
    _printf_pre_padding                      0x00000000   Number         0  stubs.o ABSOLUTE
    _printf_return_value                     0x00000000   Number         0  stubs.o ABSOLUTE
    _printf_s                                0x00000000   Number         0  stubs.o ABSOLUTE
    _printf_sizespec                         0x00000000   Number         0  stubs.o ABSOLUTE
    _printf_str                              0x00000000   Number         0  stubs.o ABSOLUTE
    _printf_truncate_signed                  0x00000000   Number         0  stubs.o ABSOLUTE
    _printf_truncate_unsigned                0x00000000   Number         0  stubs.o ABSOLUTE
    _printf_u                                0x00000000   Number         0  stubs.o ABSOLUTE
    _printf_wc                               0x00000000   Number         0  stubs.o ABSOLUTE
    _printf_wctomb                           0x00000000   Number         0  stubs.o ABSOLUTE
    _printf_widthprec                        0x00000000   Number         0  stubs.o ABSOLUTE
    _printf_x                                0x00000000   Number         0  stubs.o ABSOLUTE
    __cpp_initialize__aeabi_                  - Undefined Weak Reference
    __cxa_finalize                            - Undefined Weak Reference
    __decompress                              - Undefined Weak Reference
    _clock_init                               - Undefined Weak Reference
    _microlib_exit                            - Undefined Weak Reference
    __Vectors_Size                           0x00000130   Number         0  startup_stm32f10x_hd.o ABSOLUTE
    __Vectors                                0x08000000   Data           4  startup_stm32f10x_hd.o(RESET)
    __Vectors_End                            0x08000130   Data           0  startup_stm32f10x_hd.o(RESET)
    __main                                   0x08000131   Thumb Code     0  entry.o(.ARM.Collect$$$$00000000)
    _main_stk                                0x08000131   Thumb Code     0  entry2.o(.ARM.Collect$$$$00000001)
    _main_scatterload                        0x08000135   Thumb Code     0  entry5.o(.ARM.Collect$$$$00000004)
    __main_after_scatterload                 0x08000139   Thumb Code     0  entry5.o(.ARM.Collect$$$$00000004)
    _main_clock                              0x08000139   Thumb Code     0  entry7b.o(.ARM.Collect$$$$00000008)
    _main_cpp_init                           0x08000139   Thumb Code     0  entry8b.o(.ARM.Collect$$$$0000000A)
    _main_init                               0x08000139   Thumb Code     0  entry9a.o(.ARM.Collect$$$$0000000B)
    __rt_final_cpp                           0x08000141   Thumb Code     0  entry10a.o(.ARM.Collect$$$$0000000D)
    __rt_final_exit                          0x08000141   Thumb Code     0  entry11a.o(.ARM.Collect$$$$0000000F)
    SystemInit_ExtMemCtl                     0x08000145   Thumb Code     2  startup_stm32f10x_hd.o(.text)
    Reset_Handler                            0x08000147   Thumb Code    14  startup_stm32f10x_hd.o(.text)
    ADC1_2_IRQHandler                        0x08000167   Thumb Code     0  startup_stm32f10x_hd.o(.text)
    ADC3_IRQHandler                          0x08000167   Thumb Code     0  startup_stm32f10x_hd.o(.text)
    CAN1_RX1_IRQHandler                      0x08000167   Thumb Code     0  startup_stm32f10x_hd.o(.text)
    CAN1_SCE_IRQHandler                      0x08000167   Thumb Code     0  startup_stm32f10x_hd.o(.text)
    DMA1_Channel1_IRQHandler                 0x08000167   Thumb Code     0  startup_stm32f10x_hd.o(.text)
    DMA1_Channel2_IRQHandler                 0x08000167   Thumb Code     0  startup_stm32f10x_hd.o(.text)
    DMA1_Channel3_IRQHandler                 0x08000167   Thumb Code     0  startup_stm32f10x_hd.o(.text)
    DMA1_Channel4_IRQHandler                 0x08000167   Thumb Code     0  startup_stm32f10x_hd.o(.text)
    DMA1_Channel5_IRQHandler                 0x08000167   Thumb Code     0  startup_stm32f10x_hd.o(.text)
    DMA1_Channel6_IRQHandler                 0x08000167   Thumb Code     0  startup_stm32f10x_hd.o(.text)
    DMA1_Channel7_IRQHandler                 0x08000167   Thumb Code     0  startup_stm32f10x_hd.o(.text)
    DMA2_Channel1_IRQHandler                 0x08000167   Thumb Code     0  startup_stm32f10x_hd.o(.text)
    DMA2_Channel2_IRQHandler                 0x08000167   Thumb Code     0  startup_stm32f10x_hd.o(.text)
    DMA2_Channel3_IRQHandler                 0x08000167   Thumb Code     0  startup_stm32f10x_hd.o(.text)
    DMA2_Channel4_5_IRQHandler               0x08000167   Thumb Code     0  startup_stm32f10x_hd.o(.text)
    EXTI15_10_IRQHandler                     0x08000167   Thumb Code     0  startup_stm32f10x_hd.o(.text)
    EXTI1_IRQHandler                         0x08000167   Thumb Code     0  startup_stm32f10x_hd.o(.text)
    EXTI2_IRQHandler                         0x08000167   Thumb Code     0  startup_stm32f10x_hd.o(.text)
    EXTI9_5_IRQHandler                       0x08000167   Thumb Code     0  startup_stm32f10x_hd.o(.text)
    FLASH_IRQHandler                         0x08000167   Thumb Code     0  startup_stm32f10x_hd.o(.text)
    FSMC_IRQHandler                          0x08000167   Thumb Code     0  startup_stm32f10x_hd.o(.text)
    I2C1_ER_IRQHandler                       0x08000167   Thumb Code     0  startup_stm32f10x_hd.o(.text)
    I2C1_EV_IRQHandler                       0x08000167   Thumb Code     0  startup_stm32f10x_hd.o(.text)
    I2C2_ER_IRQHandler                       0x08000167   Thumb Code     0  startup_stm32f10x_hd.o(.text)
    I2C2_EV_IRQHandler                       0x08000167   Thumb Code     0  startup_stm32f10x_hd.o(.text)
    PVD_IRQHandler                           0x08000167   Thumb Code     0  startup_stm32f10x_hd.o(.text)
    RCC_IRQHandler                           0x08000167   Thumb Code     0  startup_stm32f10x_hd.o(.text)
    RTCAlarm_IRQHandler                      0x08000167   Thumb Code     0  startup_stm32f10x_hd.o(.text)
    RTC_IRQHandler                           0x08000167   Thumb Code     0  startup_stm32f10x_hd.o(.text)
    SDIO_IRQHandler                          0x08000167   Thumb Code     0  startup_stm32f10x_hd.o(.text)
    SPI1_IRQHandler                          0x08000167   Thumb Code     0  startup_stm32f10x_hd.o(.text)
    SPI2_IRQHandler                          0x08000167   Thumb Code     0  startup_stm32f10x_hd.o(.text)
    SPI3_IRQHandler                          0x08000167   Thumb Code     0  startup_stm32f10x_hd.o(.text)
    TAMPER_IRQHandler                        0x08000167   Thumb Code     0  startup_stm32f10x_hd.o(.text)
    TIM1_BRK_IRQHandler                      0x08000167   Thumb Code     0  startup_stm32f10x_hd.o(.text)
    TIM1_CC_IRQHandler                       0x08000167   Thumb Code     0  startup_stm32f10x_hd.o(.text)
    TIM1_TRG_COM_IRQHandler                  0x08000167   Thumb Code     0  startup_stm32f10x_hd.o(.text)
    TIM1_UP_IRQHandler                       0x08000167   Thumb Code     0  startup_stm32f10x_hd.o(.text)
    TIM3_IRQHandler                          0x08000167   Thumb Code     0  startup_stm32f10x_hd.o(.text)
    TIM4_IRQHandler                          0x08000167   Thumb Code     0  startup_stm32f10x_hd.o(.text)
    TIM5_IRQHandler                          0x08000167   Thumb Code     0  startup_stm32f10x_hd.o(.text)
    TIM6_IRQHandler                          0x08000167   Thumb Code     0  startup_stm32f10x_hd.o(.text)
    TIM7_IRQHandler                          0x08000167   Thumb Code     0  startup_stm32f10x_hd.o(.text)
    TIM8_BRK_IRQHandler                      0x08000167   Thumb Code     0  startup_stm32f10x_hd.o(.text)
    TIM8_CC_IRQHandler                       0x08000167   Thumb Code     0  startup_stm32f10x_hd.o(.text)
    TIM8_TRG_COM_IRQHandler                  0x08000167   Thumb Code     0  startup_stm32f10x_hd.o(.text)
    TIM8_UP_IRQHandler                       0x08000167   Thumb Code     0  startup_stm32f10x_hd.o(.text)
    UART4_IRQHandler                         0x08000167   Thumb Code     0  startup_stm32f10x_hd.o(.text)
    UART5_IRQHandler                         0x08000167   Thumb Code     0  startup_stm32f10x_hd.o(.text)
    USART2_IRQHandler                        0x08000167   Thumb Code     0  startup_stm32f10x_hd.o(.text)
    USART3_IRQHandler                        0x08000167   Thumb Code     0  startup_stm32f10x_hd.o(.text)
    USBWakeUp_IRQHandler                     0x08000167   Thumb Code     0  startup_stm32f10x_hd.o(.text)
    USB_HP_CAN1_TX_IRQHandler                0x08000167   Thumb Code     0  startup_stm32f10x_hd.o(.text)
    USB_LP_CAN1_RX0_IRQHandler               0x08000167   Thumb Code     0  startup_stm32f10x_hd.o(.text)
    WWDG_IRQHandler                          0x08000167   Thumb Code     0  startup_stm32f10x_hd.o(.text)
    main                                     0x08000175   Thumb Code    30  main.o(.text)
    NMI_Handler                              0x0800019d   Thumb Code     2  stm32f10x_it.o(.text)
    HardFault_Handler                        0x0800019f   Thumb Code     2  stm32f10x_it.o(.text)
    MemManage_Handler                        0x080001a1   Thumb Code     2  stm32f10x_it.o(.text)
    BusFault_Handler                         0x080001a3   Thumb Code     2  stm32f10x_it.o(.text)
    UsageFault_Handler                       0x080001a5   Thumb Code     2  stm32f10x_it.o(.text)
    SVC_Handler                              0x080001a7   Thumb Code     2  stm32f10x_it.o(.text)
    DebugMon_Handler                         0x080001a9   Thumb Code     2  stm32f10x_it.o(.text)
    PendSV_Handler                           0x080001ab   Thumb Code     2  stm32f10x_it.o(.text)
    SysTick_Handler                          0x080001ad   Thumb Code    18  stm32f10x_it.o(.text)
    USART1_Config                            0x080001c1   Thumb Code   154  usart1.o(.text)
    UART1SendByte                            0x0800025b   Thumb Code    26  usart1.o(.text)
    UART1GetByte                             0x08000275   Thumb Code    30  usart1.o(.text)
    USART1_IRQHandler                        0x08000293   Thumb Code    38  usart1.o(.text)
    UART1SendString                          0x080002b9   Thumb Code    54  usart1.o(.text)
    UART1SendDate                            0x080002ef   Thumb Code    26  usart1.o(.text)
    fputc                                    0x08000309   Thumb Code    14  usart1.o(.text)
    GetUsart1Buffer                          0x08000317   Thumb Code    50  usart1.o(.text)
    Debug                                    0x08000349   Thumb Code    14  usart1.o(.text)
    Echo                                     0x08000357   Thumb Code    28  usart1.o(.text)
    GPIO_DeInit                              0x0800038d   Thumb Code   152  stm32f10x_gpio.o(.text)
    GPIO_AFIODeInit                          0x08000425   Thumb Code    22  stm32f10x_gpio.o(.text)
    GPIO_Init                                0x0800043b   Thumb Code   152  stm32f10x_gpio.o(.text)
    GPIO_StructInit                          0x080004d3   Thumb Code    16  stm32f10x_gpio.o(.text)
    GPIO_ReadInputDataBit                    0x080004e3   Thumb Code    14  stm32f10x_gpio.o(.text)
    GPIO_ReadInputData                       0x080004f1   Thumb Code     6  stm32f10x_gpio.o(.text)
    GPIO_ReadOutputDataBit                   0x080004f7   Thumb Code    14  stm32f10x_gpio.o(.text)
    GPIO_ReadOutputData                      0x08000505   Thumb Code     6  stm32f10x_gpio.o(.text)
    GPIO_SetBits                             0x0800050b   Thumb Code     4  stm32f10x_gpio.o(.text)
    GPIO_ResetBits                           0x0800050f   Thumb Code     4  stm32f10x_gpio.o(.text)
    GPIO_WriteBit                            0x08000513   Thumb Code    10  stm32f10x_gpio.o(.text)
    GPIO_Write                               0x0800051d   Thumb Code     4  stm32f10x_gpio.o(.text)
    GPIO_PinLockConfig                       0x08000521   Thumb Code    16  stm32f10x_gpio.o(.text)
    GPIO_EventOutputConfig                   0x08000531   Thumb Code    22  stm32f10x_gpio.o(.text)
    GPIO_EventOutputCmd                      0x08000547   Thumb Code     6  stm32f10x_gpio.o(.text)
    GPIO_PinRemapConfig                      0x0800054d   Thumb Code    66  stm32f10x_gpio.o(.text)
    GPIO_EXTILineConfig                      0x0800058f   Thumb Code    34  stm32f10x_gpio.o(.text)
    RCC_DeInit                               0x080005c1   Thumb Code    48  stm32f10x_rcc.o(.text)
    RCC_HSEConfig                            0x080005f1   Thumb Code    48  stm32f10x_rcc.o(.text)
    RCC_GetFlagStatus                        0x08000621   Thumb Code    42  stm32f10x_rcc.o(.text)
    RCC_WaitForHSEStartUp                    0x0800064b   Thumb Code    42  stm32f10x_rcc.o(.text)
    RCC_AdjustHSICalibrationValue            0x08000675   Thumb Code    16  stm32f10x_rcc.o(.text)
    RCC_HSICmd                               0x08000685   Thumb Code     6  stm32f10x_rcc.o(.text)
    RCC_PLLConfig                            0x0800068b   Thumb Code    16  stm32f10x_rcc.o(.text)
    RCC_PLLCmd                               0x0800069b   Thumb Code     6  stm32f10x_rcc.o(.text)
    RCC_SYSCLKConfig                         0x080006a1   Thumb Code    14  stm32f10x_rcc.o(.text)
    RCC_GetSYSCLKSource                      0x080006af   Thumb Code    10  stm32f10x_rcc.o(.text)
    RCC_HCLKConfig                           0x080006b9   Thumb Code    14  stm32f10x_rcc.o(.text)
    RCC_PCLK1Config                          0x080006c7   Thumb Code    14  stm32f10x_rcc.o(.text)
    RCC_PCLK2Config                          0x080006d5   Thumb Code    16  stm32f10x_rcc.o(.text)
    RCC_ITConfig                             0x080006e5   Thumb Code    18  stm32f10x_rcc.o(.text)
    RCC_USBCLKConfig                         0x080006f7   Thumb Code     8  stm32f10x_rcc.o(.text)
    RCC_ADCCLKConfig                         0x080006ff   Thumb Code    14  stm32f10x_rcc.o(.text)
    RCC_LSEConfig                            0x0800070d   Thumb Code    28  stm32f10x_rcc.o(.text)
    RCC_LSICmd                               0x08000729   Thumb Code     6  stm32f10x_rcc.o(.text)
    RCC_RTCCLKConfig                         0x0800072f   Thumb Code    10  stm32f10x_rcc.o(.text)
    RCC_RTCCLKCmd                            0x08000739   Thumb Code     8  stm32f10x_rcc.o(.text)
    RCC_GetClocksFreq                        0x08000741   Thumb Code   130  stm32f10x_rcc.o(.text)
    RCC_AHBPeriphClockCmd                    0x080007c3   Thumb Code    18  stm32f10x_rcc.o(.text)
    RCC_APB2PeriphClockCmd                   0x080007d5   Thumb Code    18  stm32f10x_rcc.o(.text)
    RCC_APB1PeriphClockCmd                   0x080007e7   Thumb Code    18  stm32f10x_rcc.o(.text)
    RCC_APB2PeriphResetCmd                   0x080007f9   Thumb Code    18  stm32f10x_rcc.o(.text)
    RCC_APB1PeriphResetCmd                   0x0800080b   Thumb Code    18  stm32f10x_rcc.o(.text)
    RCC_BackupResetCmd                       0x0800081d   Thumb Code     8  stm32f10x_rcc.o(.text)
    RCC_ClockSecuritySystemCmd               0x08000825   Thumb Code     6  stm32f10x_rcc.o(.text)
    RCC_MCOConfig                            0x0800082b   Thumb Code     6  stm32f10x_rcc.o(.text)
    RCC_ClearFlag                            0x08000831   Thumb Code    12  stm32f10x_rcc.o(.text)
    RCC_GetITStatus                          0x0800083d   Thumb Code    16  stm32f10x_rcc.o(.text)
    RCC_ClearITPendingBit                    0x0800084d   Thumb Code     6  stm32f10x_rcc.o(.text)
    USART_DeInit                             0x08000875   Thumb Code    98  stm32f10x_usart.o(.text)
    USART_Init                               0x080008d7   Thumb Code   134  stm32f10x_usart.o(.text)
    USART_StructInit                         0x0800095d   Thumb Code    22  stm32f10x_usart.o(.text)
    USART_ClockInit                          0x08000973   Thumb Code    30  stm32f10x_usart.o(.text)
    USART_ClockStructInit                    0x08000991   Thumb Code    12  stm32f10x_usart.o(.text)
    USART_Cmd                                0x0800099d   Thumb Code    20  stm32f10x_usart.o(.text)
    USART_ITConfig                           0x080009b1   Thumb Code    48  stm32f10x_usart.o(.text)
    USART_DMACmd                             0x080009e1   Thumb Code    16  stm32f10x_usart.o(.text)
    USART_SetAddress                         0x080009f1   Thumb Code    16  stm32f10x_usart.o(.text)
    USART_WakeUpConfig                       0x08000a01   Thumb Code    16  stm32f10x_usart.o(.text)
    USART_ReceiverWakeUpCmd                  0x08000a11   Thumb Code    20  stm32f10x_usart.o(.text)
    USART_LINBreakDetectLengthConfig         0x08000a25   Thumb Code    16  stm32f10x_usart.o(.text)
    USART_LINCmd                             0x08000a35   Thumb Code    20  stm32f10x_usart.o(.text)
    USART_SendData                           0x08000a49   Thumb Code     8  stm32f10x_usart.o(.text)
    USART_ReceiveData                        0x08000a51   Thumb Code     8  stm32f10x_usart.o(.text)
    USART_SendBreak                          0x08000a59   Thumb Code    10  stm32f10x_usart.o(.text)
    USART_SetGuardTime                       0x08000a63   Thumb Code    16  stm32f10x_usart.o(.text)
    USART_SetPrescaler                       0x08000a73   Thumb Code    16  stm32f10x_usart.o(.text)
    USART_SmartCardCmd                       0x08000a83   Thumb Code    20  stm32f10x_usart.o(.text)
    USART_SmartCardNACKCmd                   0x08000a97   Thumb Code    20  stm32f10x_usart.o(.text)
    USART_HalfDuplexCmd                      0x08000aab   Thumb Code    20  stm32f10x_usart.o(.text)
    USART_IrDAConfig                         0x08000abf   Thumb Code    16  stm32f10x_usart.o(.text)
    USART_IrDACmd                            0x08000acf   Thumb Code    20  stm32f10x_usart.o(.text)
    USART_GetFlagStatus                      0x08000ae3   Thumb Code    14  stm32f10x_usart.o(.text)
    USART_ClearFlag                          0x08000af1   Thumb Code     6  stm32f10x_usart.o(.text)
    USART_GetITStatus                        0x08000af7   Thumb Code    62  stm32f10x_usart.o(.text)
    USART_ClearITPendingBit                  0x08000b35   Thumb Code    12  stm32f10x_usart.o(.text)
    NVIC_PriorityGroupConfig                 0x08000b4d   Thumb Code    10  misc.o(.text)
    NVIC_Init                                0x08000b57   Thumb Code    90  misc.o(.text)
    NVIC_SetVectorTable                      0x08000bb1   Thumb Code    14  misc.o(.text)
    NVIC_SystemLPConfig                      0x08000bbf   Thumb Code    20  misc.o(.text)
    SysTick_CLKSourceConfig                  0x08000bd3   Thumb Code    24  misc.o(.text)
    EXTI_DeInit                              0x08000bfd   Thumb Code    28  stm32f10x_exti.o(.text)
    EXTI_Init                                0x08000c19   Thumb Code   108  stm32f10x_exti.o(.text)
    EXTI_StructInit                          0x08000c85   Thumb Code    14  stm32f10x_exti.o(.text)
    EXTI_GenerateSWInterrupt                 0x08000c93   Thumb Code    12  stm32f10x_exti.o(.text)
    EXTI_GetFlagStatus                       0x08000c9f   Thumb Code    18  stm32f10x_exti.o(.text)
    EXTI_ClearFlag                           0x08000cb1   Thumb Code     8  stm32f10x_exti.o(.text)
    EXTI_GetITStatus                         0x08000cb9   Thumb Code    28  stm32f10x_exti.o(.text)
    EXTI_ClearITPendingBit                   0x08000cd5   Thumb Code     8  stm32f10x_exti.o(.text)
    SPI_I2S_DeInit                           0x08000ce5   Thumb Code    72  stm32f10x_spi.o(.text)
    SPI_Init                                 0x08000d2d   Thumb Code    56  stm32f10x_spi.o(.text)
    I2S_Init                                 0x08000d65   Thumb Code   158  stm32f10x_spi.o(.text)
    SPI_StructInit                           0x08000e03   Thumb Code    24  stm32f10x_spi.o(.text)
    I2S_StructInit                           0x08000e1b   Thumb Code    18  stm32f10x_spi.o(.text)
    SPI_Cmd                                  0x08000e2d   Thumb Code    20  stm32f10x_spi.o(.text)
    I2S_Cmd                                  0x08000e41   Thumb Code    20  stm32f10x_spi.o(.text)
    SPI_I2S_ITConfig                         0x08000e55   Thumb Code    24  stm32f10x_spi.o(.text)
    SPI_I2S_DMACmd                           0x08000e6d   Thumb Code    16  stm32f10x_spi.o(.text)
    SPI_I2S_SendData                         0x08000e7d   Thumb Code     4  stm32f10x_spi.o(.text)
    SPI_I2S_ReceiveData                      0x08000e81   Thumb Code     4  stm32f10x_spi.o(.text)
    SPI_NSSInternalSoftwareConfig            0x08000e85   Thumb Code    24  stm32f10x_spi.o(.text)
    SPI_SSOutputCmd                          0x08000e9d   Thumb Code    20  stm32f10x_spi.o(.text)
    SPI_DataSizeConfig                       0x08000eb1   Thumb Code    16  stm32f10x_spi.o(.text)
    SPI_TransmitCRC                          0x08000ec1   Thumb Code    10  stm32f10x_spi.o(.text)
    SPI_CalculateCRC                         0x08000ecb   Thumb Code    20  stm32f10x_spi.o(.text)
    SPI_GetCRC                               0x08000edf   Thumb Code    12  stm32f10x_spi.o(.text)
    SPI_GetCRCPolynomial                     0x08000eeb   Thumb Code     4  stm32f10x_spi.o(.text)
    SPI_BiDirectionalLineConfig              0x08000eef   Thumb Code    22  stm32f10x_spi.o(.text)
    SPI_I2S_GetFlagStatus                    0x08000f05   Thumb Code    14  stm32f10x_spi.o(.text)
    SPI_I2S_ClearFlag                        0x08000f13   Thumb Code     6  stm32f10x_spi.o(.text)
    SPI_I2S_GetITStatus                      0x08000f19   Thumb Code    44  stm32f10x_spi.o(.text)
    SPI_I2S_ClearITPendingBit                0x08000f45   Thumb Code    14  stm32f10x_spi.o(.text)
    TIM_DeInit                               0x08000f59   Thumb Code   170  stm32f10x_tim.o(.text)
    TIM_TimeBaseInit                         0x08001003   Thumb Code    50  stm32f10x_tim.o(.text)
    TIM_OC1Init                              0x08001035   Thumb Code    88  stm32f10x_tim.o(.text)
    TIM_OC2Init                              0x0800108d   Thumb Code   120  stm32f10x_tim.o(.text)
    TIM_OC3Init                              0x08001105   Thumb Code   116  stm32f10x_tim.o(.text)
    TIM_OC4Init                              0x08001179   Thumb Code    90  stm32f10x_tim.o(.text)
    TIM_SetIC4Prescaler                      0x080011d3   Thumb Code    24  stm32f10x_tim.o(.text)
    TIM_SetIC3Prescaler                      0x080011eb   Thumb Code    16  stm32f10x_tim.o(.text)
    TIM_SetIC2Prescaler                      0x080011fb   Thumb Code    24  stm32f10x_tim.o(.text)
    TIM_SetIC1Prescaler                      0x08001249   Thumb Code    16  stm32f10x_tim.o(.text)
    TIM_ICInit                               0x08001259   Thumb Code   164  stm32f10x_tim.o(.text)
    TIM_PWMIConfig                           0x080012fd   Thumb Code   122  stm32f10x_tim.o(.text)
    TIM_BDTRConfig                           0x08001377   Thumb Code    34  stm32f10x_tim.o(.text)
    TIM_TimeBaseStructInit                   0x08001399   Thumb Code    18  stm32f10x_tim.o(.text)
    TIM_OCStructInit                         0x080013ab   Thumb Code    20  stm32f10x_tim.o(.text)
    TIM_ICStructInit                         0x080013bf   Thumb Code    16  stm32f10x_tim.o(.text)
    TIM_BDTRStructInit                       0x080013cf   Thumb Code    18  stm32f10x_tim.o(.text)
    TIM_Cmd                                  0x080013e1   Thumb Code    22  stm32f10x_tim.o(.text)
    TIM_CtrlPWMOutputs                       0x080013f7   Thumb Code    22  stm32f10x_tim.o(.text)
    TIM_ITConfig                             0x0800140d   Thumb Code    16  stm32f10x_tim.o(.text)
    TIM_GenerateEvent                        0x0800141d   Thumb Code     4  stm32f10x_tim.o(.text)
    TIM_DMAConfig                            0x08001421   Thumb Code     8  stm32f10x_tim.o(.text)
    TIM_DMACmd                               0x08001429   Thumb Code    16  stm32f10x_tim.o(.text)
    TIM_InternalClockConfig                  0x08001439   Thumb Code    10  stm32f10x_tim.o(.text)
    TIM_SelectInputTrigger                   0x08001443   Thumb Code    12  stm32f10x_tim.o(.text)
    TIM_ITRxExternalClockConfig              0x0800144f   Thumb Code    18  stm32f10x_tim.o(.text)
    TIM_TIxExternalClockConfig               0x08001461   Thumb Code    46  stm32f10x_tim.o(.text)
    TIM_ETRConfig                            0x0800148f   Thumb Code    24  stm32f10x_tim.o(.text)
    TIM_ETRClockMode1Config                  0x080014a7   Thumb Code    18  stm32f10x_tim.o(.text)
    TIM_ETRClockMode2Config                  0x080014b9   Thumb Code    18  stm32f10x_tim.o(.text)
    TIM_PrescalerConfig                      0x080014cb   Thumb Code     6  stm32f10x_tim.o(.text)
    TIM_CounterModeConfig                    0x080014d1   Thumb Code    14  stm32f10x_tim.o(.text)
    TIM_EncoderInterfaceConfig               0x080014df   Thumb Code    50  stm32f10x_tim.o(.text)
    TIM_ForcedOC1Config                      0x08001511   Thumb Code    12  stm32f10x_tim.o(.text)
    TIM_ForcedOC2Config                      0x0800151d   Thumb Code    20  stm32f10x_tim.o(.text)
    TIM_ForcedOC3Config                      0x08001531   Thumb Code    12  stm32f10x_tim.o(.text)
    TIM_ForcedOC4Config                      0x0800153d   Thumb Code    20  stm32f10x_tim.o(.text)
    TIM_ARRPreloadConfig                     0x08001551   Thumb Code    22  stm32f10x_tim.o(.text)
    TIM_SelectCOM                            0x08001567   Thumb Code    20  stm32f10x_tim.o(.text)
    TIM_SelectCCDMA                          0x0800157b   Thumb Code    20  stm32f10x_tim.o(.text)
    TIM_CCPreloadControl                     0x0800158f   Thumb Code    20  stm32f10x_tim.o(.text)
    TIM_OC1PreloadConfig                     0x080015a3   Thumb Code    12  stm32f10x_tim.o(.text)
    TIM_OC2PreloadConfig                     0x080015af   Thumb Code    20  stm32f10x_tim.o(.text)
    TIM_OC3PreloadConfig                     0x080015c3   Thumb Code    12  stm32f10x_tim.o(.text)
    TIM_OC4PreloadConfig                     0x080015cf   Thumb Code    20  stm32f10x_tim.o(.text)
    TIM_OC1FastConfig                        0x080015e3   Thumb Code    12  stm32f10x_tim.o(.text)
    TIM_OC2FastConfig                        0x080015ef   Thumb Code    20  stm32f10x_tim.o(.text)
    TIM_OC3FastConfig                        0x08001603   Thumb Code    12  stm32f10x_tim.o(.text)
    TIM_OC4FastConfig                        0x0800160f   Thumb Code    20  stm32f10x_tim.o(.text)
    TIM_ClearOC1Ref                          0x08001623   Thumb Code    12  stm32f10x_tim.o(.text)
    TIM_ClearOC2Ref                          0x0800162f   Thumb Code    20  stm32f10x_tim.o(.text)
    TIM_ClearOC3Ref                          0x08001643   Thumb Code    12  stm32f10x_tim.o(.text)
    TIM_ClearOC4Ref                          0x0800164f   Thumb Code    20  stm32f10x_tim.o(.text)
    TIM_OC1PolarityConfig                    0x08001663   Thumb Code    12  stm32f10x_tim.o(.text)
    TIM_OC1NPolarityConfig                   0x0800166f   Thumb Code    12  stm32f10x_tim.o(.text)
    TIM_OC2PolarityConfig                    0x0800167b   Thumb Code    20  stm32f10x_tim.o(.text)
    TIM_OC2NPolarityConfig                   0x0800168f   Thumb Code    20  stm32f10x_tim.o(.text)
    TIM_OC3PolarityConfig                    0x080016a3   Thumb Code    20  stm32f10x_tim.o(.text)
    TIM_OC3NPolarityConfig                   0x080016b7   Thumb Code    20  stm32f10x_tim.o(.text)
    TIM_OC4PolarityConfig                    0x080016cb   Thumb Code    20  stm32f10x_tim.o(.text)
    TIM_CCxCmd                               0x080016df   Thumb Code    22  stm32f10x_tim.o(.text)
    TIM_CCxNCmd                              0x080016f5   Thumb Code    22  stm32f10x_tim.o(.text)
    TIM_SelectOCxM                           0x0800170b   Thumb Code    70  stm32f10x_tim.o(.text)
    TIM_UpdateDisableConfig                  0x08001751   Thumb Code    22  stm32f10x_tim.o(.text)
    TIM_UpdateRequestConfig                  0x08001767   Thumb Code    22  stm32f10x_tim.o(.text)
    TIM_SelectHallSensor                     0x0800177d   Thumb Code    20  stm32f10x_tim.o(.text)
    TIM_SelectOnePulseMode                   0x08001791   Thumb Code    18  stm32f10x_tim.o(.text)
    TIM_SelectOutputTrigger                  0x080017a3   Thumb Code    16  stm32f10x_tim.o(.text)
    TIM_SelectSlaveMode                      0x080017b3   Thumb Code    16  stm32f10x_tim.o(.text)
    TIM_SelectMasterSlaveMode                0x080017c3   Thumb Code    16  stm32f10x_tim.o(.text)
    TIM_SetCounter                           0x080017d3   Thumb Code     4  stm32f10x_tim.o(.text)
    TIM_SetAutoreload                        0x080017d7   Thumb Code     4  stm32f10x_tim.o(.text)
    TIM_SetCompare1                          0x080017db   Thumb Code     4  stm32f10x_tim.o(.text)
    TIM_SetCompare2                          0x080017df   Thumb Code     4  stm32f10x_tim.o(.text)
    TIM_SetCompare3                          0x080017e3   Thumb Code     4  stm32f10x_tim.o(.text)
    TIM_SetCompare4                          0x080017e7   Thumb Code     6  stm32f10x_tim.o(.text)
    TIM_SetClockDivision                     0x080017ed   Thumb Code    14  stm32f10x_tim.o(.text)
    TIM_GetCapture1                          0x080017fb   Thumb Code     4  stm32f10x_tim.o(.text)
    TIM_GetCapture2                          0x080017ff   Thumb Code     4  stm32f10x_tim.o(.text)
    TIM_GetCapture3                          0x08001803   Thumb Code     4  stm32f10x_tim.o(.text)
    TIM_GetCapture4                          0x08001807   Thumb Code     6  stm32f10x_tim.o(.text)
    TIM_GetCounter                           0x0800180d   Thumb Code     4  stm32f10x_tim.o(.text)
    TIM_GetPrescaler                         0x08001811   Thumb Code     4  stm32f10x_tim.o(.text)
    TIM_GetFlagStatus                        0x08001815   Thumb Code    14  stm32f10x_tim.o(.text)
    TIM_ClearFlag                            0x08001823   Thumb Code     6  stm32f10x_tim.o(.text)
    TIM_GetITStatus                          0x08001829   Thumb Code    24  stm32f10x_tim.o(.text)
    TIM_ClearITPendingBit                    0x08001841   Thumb Code     6  stm32f10x_tim.o(.text)
    SystemInit                               0x08001915   Thumb Code    48  system_stm32f10x.o(.text)
    BSP_Init                                 0x08001955   Thumb Code    26  bsp.o(.text)
    SysTick_init                             0x0800196f   Thumb Code    46  bsp.o(.text)
    LED_GPIO_Config                          0x080019a5   Thumb Code    50  led.o(.text)
    Relay_Pin_Config                         0x080019d7   Thumb Code   138  led.o(.text)
    EXTIX_Init                               0x08001a6d   Thumb Code   188  exti.o(.text)
    EXTI0_IRQHandler                         0x08001b29   Thumb Code    10  exti.o(.text)
    EXTI3_IRQHandler                         0x08001b33   Thumb Code     6  exti.o(.text)
    EXTI4_IRQHandler                         0x08001b39   Thumb Code     6  exti.o(.text)
    RelayCommand                             0x08001b49   Thumb Code    54  relay.o(.text)
    TestRelay                                0x08001b7f   Thumb Code    42  relay.o(.text)
    LSDate                                   0x08001ba9   Thumb Code   246  relay.o(.text)
    LSReadRelayPin                           0x08001c9f   Thumb Code    72  relay.o(.text)
    LSRelay                                  0x08001ce7   Thumb Code   202  relay.o(.text)
    PLCDate                                  0x08001db1   Thumb Code   138  relay.o(.text)
    PLCReadRelayPin                          0x08001e3b   Thumb Code   196  relay.o(.text)
    PLCRelay                                 0x08001eff   Thumb Code     2  relay.o(.text)
    TIM2_NVIC_Configuration                  0x08001f0d   Thumb Code    42  time_test.o(.text)
    TIM2_Configuration                       0x08001f37   Thumb Code   100  time_test.o(.text)
    TIM2_IRQHandler                          0x08001f9b   Thumb Code    34  time_test.o(.text)
    W5500_GPIO_Configuration                 0x08001fc1   Thumb Code    40  w5500.o(.text)
    SPI_Configuration                        0x08001fe9   Thumb Code   148  w5500.o(.text)
    SPI1_Send_Byte                           0x0800207d   Thumb Code    26  w5500.o(.text)
    SPI1_Send_Short                          0x08002097   Thumb Code    18  w5500.o(.text)
    Write_W5500_1Byte                        0x080020a9   Thumb Code    46  w5500.o(.text)
    Write_W5500_2Byte                        0x080020d7   Thumb Code    46  w5500.o(.text)
    Write_W5500_nByte                        0x08002105   Thumb Code    64  w5500.o(.text)
    Write_W5500_SOCK_1Byte                   0x08002145   Thumb Code    56  w5500.o(.text)
    Write_W5500_SOCK_2Byte                   0x0800217d   Thumb Code    56  w5500.o(.text)
    Write_W5500_SOCK_4Byte                   0x080021b5   Thumb Code    74  w5500.o(.text)
    Read_W5500_1Byte                         0x080021ff   Thumb Code    60  w5500.o(.text)
    Read_W5500_SOCK_1Byte                    0x0800223b   Thumb Code    68  w5500.o(.text)
    Read_W5500_SOCK_2Byte                    0x0800227f   Thumb Code    92  w5500.o(.text)
    Read_SOCK_Data_Buffer                    0x080022db   Thumb Code   278  w5500.o(.text)
    Write_SOCK_Data_Buffer                   0x080023f1   Thumb Code   232  w5500.o(.text)
    W5500_Hardware_Reset                     0x080024d9   Thumb Code    44  w5500.o(.text)
    W5500_Init                               0x08002505   Thumb Code   114  w5500.o(.text)
    Detect_Gateway                           0x08002577   Thumb Code   170  w5500.o(.text)
    Socket_Init                              0x08002621   Thumb Code    46  w5500.o(.text)
    Socket_Connect                           0x0800264f   Thumb Code    68  w5500.o(.text)
    Socket_Listen                            0x08002693   Thumb Code    86  w5500.o(.text)
    Socket_UDP                               0x080026e9   Thumb Code    58  w5500.o(.text)
    W5500_Interrupt_Process                  0x08002723   Thumb Code   124  w5500.o(.text)
    W5500_Initialization                     0x080027ad   Thumb Code    20  w5500process.o(.text)
    Load_Net_Parameters                      0x080027c1   Thumb Code   108  w5500process.o(.text)
    W5500_Socket_Set                         0x0800282d   Thumb Code    68  w5500process.o(.text)
    Process_Socket_Data                      0x08002871   Thumb Code    70  w5500process.o(.text)
    Process_Socket_Data1                     0x080028b7   Thumb Code    56  w5500process.o(.text)
    W5500Pro_Initialization                  0x080028ef   Thumb Code    24  w5500process.o(.text)
    TestW5500                                0x08002907   Thumb Code    34  w5500process.o(.text)
    TestW5500TX                              0x08002929   Thumb Code    46  w5500process.o(.text)
    Task_LED2                                0x080029a9   Thumb Code    68  app.o(.text)
    Task_Start                               0x080029ed   Thumb Code    36  app.o(.text)
    OS_StrCopy                               0x08002a19   Thumb Code    28  os_core.o(.text)
    OSEventNameGet                           0x08002a35   Thumb Code    96  os_core.o(.text)
    OS_StrLen                                0x08002a95   Thumb Code    20  os_core.o(.text)
    OSEventNameSet                           0x08002aa9   Thumb Code   106  os_core.o(.text)
    OS_TaskStatStkChk                        0x08002b13   Thumb Code    50  os_core.o(.text)
    OS_TaskStat                              0x08002b45   Thumb Code    82  os_core.o(.text)
    OS_TaskIdle                              0x08002b97   Thumb Code    22  os_core.o(.text)
    OS_MemClr                                0x08002bad   Thumb Code    18  os_core.o(.text)
    OSInit                                   0x08002bbf   Thumb Code   282  os_core.o(.text)
    OSIntEnter                               0x08002cd9   Thumb Code    20  os_core.o(.text)
    OSIntExit                                0x08002ced   Thumb Code    82  os_core.o(.text)
    OSSchedLock                              0x08002d3f   Thumb Code    38  os_core.o(.text)
    OS_Sched                                 0x08002d65   Thumb Code    64  os_core.o(.text)
    OSSchedUnlock                            0x08002da5   Thumb Code    52  os_core.o(.text)
    OSStart                                  0x08002dd9   Thumb Code    38  os_core.o(.text)
    OSStatInit                               0x08002dff   Thumb Code   102  os_core.o(.text)
    OSTimeTick                               0x08002e65   Thumb Code   158  os_core.o(.text)
    OSVersion                                0x08002f03   Thumb Code     6  os_core.o(.text)
    OS_Dummy                                 0x08002f09   Thumb Code     2  os_core.o(.text)
    OS_EventTaskRemove                       0x08002f0b   Thumb Code    32  os_core.o(.text)
    OS_EventTaskRdy                          0x08002f2b   Thumb Code    88  os_core.o(.text)
    OS_EventTaskWait                         0x08002f83   Thumb Code    66  os_core.o(.text)
    OS_EventWaitListInit                     0x08002fc5   Thumb Code    22  os_core.o(.text)
    OS_MemCopy                               0x08002fdb   Thumb Code    20  os_core.o(.text)
    OS_TCBInit                               0x08002fef   Thumb Code   204  os_core.o(.text)
    OSTaskChangePrio                         0x080030e1   Thumb Code   276  os_task.o(.text)
    OSTaskCreate                             0x080031f5   Thumb Code   132  os_task.o(.text)
    OS_TaskStkClr                            0x08003279   Thumb Code    22  os_task.o(.text)
    OSTaskCreateExt                          0x0800328f   Thumb Code   152  os_task.o(.text)
    OSTaskDel                                0x08003327   Thumb Code   268  os_task.o(.text)
    OSTaskDelReq                             0x08003433   Thumb Code    88  os_task.o(.text)
    OSTaskNameGet                            0x0800348b   Thumb Code   154  os_task.o(.text)
    OSTaskNameSet                            0x08003525   Thumb Code   130  os_task.o(.text)
    OSTaskResume                             0x080035a7   Thumb Code   126  os_task.o(.text)
    OSTaskStkChk                             0x08003625   Thumb Code   126  os_task.o(.text)
    OSTaskSuspend                            0x080036a3   Thumb Code   148  os_task.o(.text)
    OSTaskQuery                              0x08003737   Thumb Code    94  os_task.o(.text)
    OSTimeDly                                0x080037ad   Thumb Code    74  os_time.o(.text)
    OSTimeDlyHMSM                            0x080037f7   Thumb Code   128  os_time.o(.text)
    OSTimeDlyResume                          0x08003877   Thumb Code   132  os_time.o(.text)
    OSTimeGet                                0x080038fb   Thumb Code    18  os_time.o(.text)
    OSTimeSet                                0x0800390d   Thumb Code    20  os_time.o(.text)
    OS_CPU_SR_Save                           0x08003939   Thumb Code     0  os_cpu_a.o(.text)
    OS_CPU_SR_Restore                        0x08003941   Thumb Code     0  os_cpu_a.o(.text)
    OSStartHighRdy                           0x08003947   Thumb Code     0  os_cpu_a.o(.text)
    OSCtxSw                                  0x08003967   Thumb Code     0  os_cpu_a.o(.text)
    OSIntCtxSw                               0x08003971   Thumb Code     0  os_cpu_a.o(.text)
    OS_CPU_PendSVHandler                     0x0800397b   Thumb Code     0  os_cpu_a.o(.text)
    OSInitHookBegin                          0x080039dd   Thumb Code     2  os_cpu_c.o(.text)
    OSInitHookEnd                            0x080039df   Thumb Code     2  os_cpu_c.o(.text)
    OSTaskCreateHook                         0x080039e1   Thumb Code     2  os_cpu_c.o(.text)
    OSTaskDelHook                            0x080039e3   Thumb Code     2  os_cpu_c.o(.text)
    OSTaskIdleHook                           0x080039e5   Thumb Code     2  os_cpu_c.o(.text)
    OSTaskStatHook                           0x080039e7   Thumb Code     2  os_cpu_c.o(.text)
    OSTaskStkInit                            0x080039e9   Thumb Code   114  os_cpu_c.o(.text)
    OSTaskSwHook                             0x08003a5b   Thumb Code     2  os_cpu_c.o(.text)
    OSTCBInitHook                            0x08003a5d   Thumb Code     2  os_cpu_c.o(.text)
    OSTimeTickHook                           0x08003a5f   Thumb Code     2  os_cpu_c.o(.text)
    delay_osschedlock                        0x08003a61   Thumb Code     4  delay.o(.text)
    delay_osschedunlock                      0x08003a65   Thumb Code     4  delay.o(.text)
    delay_ostimedly                          0x08003a69   Thumb Code     6  delay.o(.text)
    delay_init                               0x08003a6f   Thumb Code    48  delay.o(.text)
    delay_us                                 0x08003a9f   Thumb Code    62  delay.o(.text)
    delay_ms                                 0x08003add   Thumb Code    54  delay.o(.text)
    __aeabi_memcpy                           0x08003b21   Thumb Code    36  memcpya.o(.text)
    __aeabi_memcpy4                          0x08003b21   Thumb Code     0  memcpya.o(.text)
    __aeabi_memcpy8                          0x08003b21   Thumb Code     0  memcpya.o(.text)
    __aeabi_memset                           0x08003b45   Thumb Code    14  memseta.o(.text)
    __aeabi_memset4                          0x08003b45   Thumb Code     0  memseta.o(.text)
    __aeabi_memset8                          0x08003b45   Thumb Code     0  memseta.o(.text)
    __aeabi_memclr                           0x08003b53   Thumb Code     4  memseta.o(.text)
    __aeabi_memclr4                          0x08003b53   Thumb Code     0  memseta.o(.text)
    __aeabi_memclr8                          0x08003b53   Thumb Code     0  memseta.o(.text)
    _memset$wrapper                          0x08003b57   Thumb Code    18  memseta.o(.text)
    memcmp                                   0x08003b69   Thumb Code    26  memcmp.o(.text)
    __aeabi_uldivmod                         0x08003b83   Thumb Code    98  uldiv.o(.text)
    __scatterload                            0x08003be5   Thumb Code    28  init.o(.text)
    __scatterload_rt2                        0x08003be5   Thumb Code     0  init.o(.text)
    __aeabi_llsl                             0x08003c09   Thumb Code    30  llshl.o(.text)
    _ll_shift_l                              0x08003c09   Thumb Code     0  llshl.o(.text)
    __aeabi_llsr                             0x08003c27   Thumb Code    32  llushr.o(.text)
    _ll_ushift_r                             0x08003c27   Thumb Code     0  llushr.o(.text)
    __0printf$5                              0x08003c49   Thumb Code    22  printf5.o(i.__0printf$5)
    __1printf$5                              0x08003c49   Thumb Code     0  printf5.o(i.__0printf$5)
    __2printf                                0x08003c49   Thumb Code     0  printf5.o(i.__0printf$5)
    __scatterload_copy                       0x08003c69   Thumb Code    14  handlers.o(i.__scatterload_copy)
    __scatterload_null                       0x08003c77   Thumb Code     2  handlers.o(i.__scatterload_null)
    __scatterload_zeroinit                   0x08003c79   Thumb Code    14  handlers.o(i.__scatterload_zeroinit)
    SystemFrequency                          0x08003f48   Data           4  system_stm32f10x.o(.constdata)
    OpenRelay                                0x08003f4c   Data          10  relay.o(.constdata)
    CloseRelay                               0x08003f56   Data          10  relay.o(.constdata)
    LSRelay0Open                             0x08003f60   Data          10  relay.o(.constdata)
    LSRelay0Close                            0x08003f6a   Data          10  relay.o(.constdata)
    LSRelay1Open                             0x08003f74   Data          10  relay.o(.constdata)
    LSRelay1Close                            0x08003f7e   Data          10  relay.o(.constdata)
    LSRelay2Open                             0x08003f88   Data          10  relay.o(.constdata)
    LSRelay2Close                            0x08003f92   Data          10  relay.o(.constdata)
    LSRelay3Open                             0x08003f9c   Data          10  relay.o(.constdata)
    LSRelay3Close                            0x08003fa6   Data          10  relay.o(.constdata)
    LSRelay0Open1Close                       0x08003fb0   Data          10  relay.o(.constdata)
    LSRelay0Close1Open                       0x08003fba   Data          10  relay.o(.constdata)
    LSRelay0Close1Close                      0x08003fc4   Data          10  relay.o(.constdata)
    LSRelay2Open3Close                       0x08003fce   Data          10  relay.o(.constdata)
    LSRelay2Close3Open                       0x08003fd8   Data          10  relay.o(.constdata)
    LSRelay2Close3Close                      0x08003fe2   Data          10  relay.o(.constdata)
    OSUnMapTbl                               0x08003fec   Data         256  os_core.o(.constdata)
    Region$$Table$$Base                      0x080040ec   Number         0  anon$$obj.o(Region$$Table)
    Region$$Table$$Limit                     0x0800410c   Number         0  anon$$obj.o(Region$$Table)
    Count                                    0x20000000   Data           2  usart1.o(.data)
    TRIGFlag                                 0x20000018   Data           4  exti.o(.data)
    UltTime                                  0x2000001c   Data           4  ultrasonic.o(.data)
    S0_Mode                                  0x20000020   Data           1  w5500.o(.data)
    S0_State                                 0x20000021   Data           1  w5500.o(.data)
    S0_Data                                  0x20000022   Data           1  w5500.o(.data)
    S0_Port                                  0x20000023   Data           2  w5500.o(.data)
    UDP_DPORT                                0x20000025   Data           2  w5500.o(.data)
    Gateway_IP                               0x20000027   Data           4  w5500.o(.data)
    Sub_Mask                                 0x2000002b   Data           4  w5500.o(.data)
    IP_Addr                                  0x2000002f   Data           4  w5500.o(.data)
    UDP_DIPR                                 0x20000033   Data           4  w5500.o(.data)
    Phy_Addr                                 0x20000037   Data           6  w5500.o(.data)
    OSCPUUsage                               0x20000040   Data           1  os_core.o(.data)
    OSStatRdy                                0x20000041   Data           1  os_core.o(.data)
    OSIntNesting                             0x20000042   Data           1  os_core.o(.data)
    OSLockNesting                            0x20000043   Data           1  os_core.o(.data)
    OSPrioCur                                0x20000044   Data           1  os_core.o(.data)
    OSPrioHighRdy                            0x20000045   Data           1  os_core.o(.data)
    OSRdyGrp                                 0x20000046   Data           1  os_core.o(.data)
    OSRunning                                0x20000047   Data           1  os_core.o(.data)
    OSTaskCtr                                0x20000048   Data           1  os_core.o(.data)
    OSTickStepState                          0x20000049   Data           1  os_core.o(.data)
    OSCtxSwCtr                               0x2000004c   Data           4  os_core.o(.data)
    OSEventFreeList                          0x20000050   Data           4  os_core.o(.data)
    OSIdleCtrMax                             0x20000054   Data           4  os_core.o(.data)
    OSIdleCtrRun                             0x20000058   Data           4  os_core.o(.data)
    OSRdyTbl                                 0x2000005c   Data           4  os_core.o(.data)
    OSIdleCtr                                0x20000060   Data           4  os_core.o(.data)
    OSTCBCur                                 0x20000064   Data           4  os_core.o(.data)
    OSTCBFreeList                            0x20000068   Data           4  os_core.o(.data)
    OSTCBHighRdy                             0x2000006c   Data           4  os_core.o(.data)
    OSTCBList                                0x20000070   Data           4  os_core.o(.data)
    OSTime                                   0x20000074   Data           4  os_core.o(.data)
    __stdout                                 0x2000007c   Data           4  stdout.o(.data)
    startup_task_stk                         0x20000080   Data         320  main.o(.bss)
    Buf                                      0x200001c0   Data        1024  usart1.o(.bss)
    Rx_Buffer                                0x200005c0   Data        2048  w5500.o(.bss)
    Tx_Buffer                                0x20000dc0   Data        2048  w5500.o(.bss)
    task_led2_stk                            0x200015c0   Data         320  app.o(.bss)
    OSEventTbl                               0x20001700   Data         320  os_core.o(.bss)
    OSTaskStatStk                            0x20001840   Data         512  os_core.o(.bss)
    OSTaskIdleStk                            0x20001a40   Data         512  os_core.o(.bss)
    OSTCBPrioTbl                             0x20001c40   Data         128  os_core.o(.bss)
    OSTCBTbl                                 0x20001cc0   Data        1440  os_core.o(.bss)
    __initial_sp                             0x20002460   Data           0  startup_stm32f10x_hd.o(STACK)



==============================================================================

Memory Map of the image

  Image Entry point : 0x08000147

  Load Region LR_1 (Base: 0x08000000, Size: 0x0000418c, Max: 0xffffffff, ABSOLUTE)

    Execution Region ER_RO (Base: 0x08000000, Size: 0x0000410c, Max: 0xffffffff, ABSOLUTE)

    Base Addr    Size         Type   Attr      Idx    E Section Name        Object

    0x08000000   0x00000130   Data   RO            3    RESET               startup_stm32f10x_hd.o
    0x08000130   0x00000000   Code   RO         1042  * .ARM.Collect$$$$00000000  mc_w.l(entry.o)
    0x08000130   0x00000004   Code   RO         1318    .ARM.Collect$$$$00000001  mc_w.l(entry2.o)
    0x08000134   0x00000004   Code   RO         1321    .ARM.Collect$$$$00000004  mc_w.l(entry5.o)
    0x08000138   0x00000000   Code   RO         1323    .ARM.Collect$$$$00000008  mc_w.l(entry7b.o)
    0x08000138   0x00000000   Code   RO         1325    .ARM.Collect$$$$0000000A  mc_w.l(entry8b.o)
    0x08000138   0x00000008   Code   RO         1326    .ARM.Collect$$$$0000000B  mc_w.l(entry9a.o)
    0x08000140   0x00000000   Code   RO         1328    .ARM.Collect$$$$0000000D  mc_w.l(entry10a.o)
    0x08000140   0x00000000   Code   RO         1330    .ARM.Collect$$$$0000000F  mc_w.l(entry11a.o)
    0x08000140   0x00000004   Code   RO         1319    .ARM.Collect$$$$00002712  mc_w.l(entry2.o)
    0x08000144   0x00000030   Code   RO            4  * .text               startup_stm32f10x_hd.o
    0x08000174   0x00000028   Code   RO           10    .text               main.o
    0x0800019c   0x00000022   Code   RO          144    .text               stm32f10x_it.o
    0x080001be   0x00000002   PAD
    0x080001c0   0x000001cc   Code   RO          156    .text               usart1.o
    0x0800038c   0x00000234   Code   RO          266    .text               stm32f10x_gpio.o
    0x080005c0   0x000002b4   Code   RO          278    .text               stm32f10x_rcc.o
    0x08000874   0x000002d8   Code   RO          292    .text               stm32f10x_usart.o
    0x08000b4c   0x000000b0   Code   RO          304    .text               misc.o
    0x08000bfc   0x000000e8   Code   RO          422    .text               stm32f10x_exti.o
    0x08000ce4   0x00000274   Code   RO          537    .text               stm32f10x_spi.o
    0x08000f58   0x0000091c   Code   RO          552    .text               stm32f10x_tim.o
    0x08001874   0x000000e0   Code   RO          593    .text               system_stm32f10x.o
    0x08001954   0x00000050   Code   RO          615    .text               bsp.o
    0x080019a4   0x000000c8   Code   RO          651    .text               led.o
    0x08001a6c   0x000000dc   Code   RO          712    .text               exti.o
    0x08001b48   0x000003c4   Code   RO          753    .text               relay.o
    0x08001f0c   0x000000b4   Code   RO          782    .text               time_test.o
    0x08001fc0   0x000007ec   Code   RO          811    .text               w5500.o
    0x080027ac   0x000001fc   Code   RO          836    .text               w5500process.o
    0x080029a8   0x00000070   Code   RO          871    .text               app.o
    0x08002a18   0x000006c8   Code   RO          886    .text               os_core.o
    0x080030e0   0x000006cc   Code   RO          949    .text               os_task.o
    0x080037ac   0x0000018c   Code   RO          962    .text               os_time.o
    0x08003938   0x000000a4   Code   RO          980    .text               os_cpu_a.o
    0x080039dc   0x00000084   Code   RO          983    .text               os_cpu_c.o
    0x08003a60   0x000000c0   Code   RO         1011    .text               delay.o
    0x08003b20   0x00000024   Code   RO         1045    .text               mc_w.l(memcpya.o)
    0x08003b44   0x00000024   Code   RO         1047    .text               mc_w.l(memseta.o)
    0x08003b68   0x0000001a   Code   RO         1053    .text               mc_w.l(memcmp.o)
    0x08003b82   0x00000062   Code   RO         1335    .text               mc_w.l(uldiv.o)
    0x08003be4   0x00000024   Code   RO         1348    .text               mc_w.l(init.o)
    0x08003c08   0x0000001e   Code   RO         1350    .text               mc_w.l(llshl.o)
    0x08003c26   0x00000020   Code   RO         1352    .text               mc_w.l(llushr.o)
    0x08003c46   0x00000002   PAD
    0x08003c48   0x00000020   Code   RO         1190    i.__0printf$5       mc_w.l(printf5.o)
    0x08003c68   0x0000000e   Code   RO         1360    i.__scatterload_copy  mc_w.l(handlers.o)
    0x08003c76   0x00000002   Code   RO         1361    i.__scatterload_null  mc_w.l(handlers.o)
    0x08003c78   0x0000000e   Code   RO         1362    i.__scatterload_zeroinit  mc_w.l(handlers.o)
    0x08003c86   0x00000002   PAD
    0x08003c88   0x000002c0   Code   RO         1197    i._printf_core      mc_w.l(printf5.o)
    0x08003f48   0x00000004   Data   RO          594    .constdata          system_stm32f10x.o
    0x08003f4c   0x000000a0   Data   RO          754    .constdata          relay.o
    0x08003fec   0x00000100   Data   RO          888    .constdata          os_core.o
    0x080040ec   0x00000020   Data   RO         1358    Region$$Table       anon$$obj.o


    Execution Region ER_RW (Base: 0x20000000, Size: 0x00000080, Max: 0xffffffff, ABSOLUTE)

    Base Addr    Size         Type   Attr      Idx    E Section Name        Object

    0x20000000   0x00000002   Data   RW          158    .data               usart1.o
    0x20000002   0x00000014   Data   RW          279    .data               stm32f10x_rcc.o
    0x20000016   0x00000002   PAD
    0x20000018   0x00000004   Data   RW          713    .data               exti.o
    0x2000001c   0x00000004   Data   RW          796    .data               ultrasonic.o
    0x20000020   0x00000001   Data   RW          814    .data               w5500.o
    0x20000021   0x0000001c   Data   RW          815    .data               w5500.o
    0x2000003d   0x00000003   PAD
    0x20000040   0x00000038   Data   RW          889    .data               os_core.o
    0x20000078   0x00000004   Data   RW         1012    .data               delay.o
    0x2000007c   0x00000004   Data   RW         1332    .data               mc_w.l(stdout.o)


    Execution Region ER_ZI (Base: 0x20000080, Size: 0x000023e0, Max: 0xffffffff, ABSOLUTE)

    Base Addr    Size         Type   Attr      Idx    E Section Name        Object

    0x20000080   0x00000140   Zero   RW           11    .bss                main.o
    0x200001c0   0x00000400   Zero   RW          157    .bss                usart1.o
    0x200005c0   0x00000800   Zero   RW          812    .bss                w5500.o
    0x20000dc0   0x00000800   Zero   RW          813    .bss                w5500.o
    0x200015c0   0x00000140   Zero   RW          872    .bss                app.o
    0x20001700   0x00000b60   Zero   RW          887    .bss                os_core.o
    0x20002260   0x00000200   Zero   RW            1    STACK               startup_stm32f10x_hd.o


==============================================================================

Image component sizes


      Code (inc. data)   RO Data    RW Data    ZI Data      Debug   Object Name

       112          8          0          0        320        919   app.o
        80          8          0          0          0       4868   bsp.o
       192         14          0          4          0       1823   delay.o
       220         10          0          4          0       1051   exti.o
       200         12          0          0          0        679   led.o
        40         10          0          0        320     237318   main.o
       176         18          0          0          0       1529   misc.o
      1736         68        256         56       2912      15102   os_core.o
       164         32          0          0          0        268   os_cpu_a.o
       132          0          0          0          0      10513   os_cpu_c.o
      1740         66          0          0          0       5723   os_task.o
       396         24          0          0          0       1682   os_time.o
       964         12        160          0          0       3824   relay.o
        48         12        304          0        512        836   startup_stm32f10x_hd.o
       232          8          0          0          0       1947   stm32f10x_exti.o
       564         16          0          0          0       4427   stm32f10x_gpio.o
        34          0          0          0          0       1218   stm32f10x_it.o
       692         34          0         20          0       7864   stm32f10x_rcc.o
       628          6          0          0          0      12298   stm32f10x_spi.o
      2332         18          0          0          0      43390   stm32f10x_tim.o
       728         12          0          0          0       6603   stm32f10x_usart.o
       224         16          4          0          0       1461   system_stm32f10x.o
       180          4          0          0          0        801   time_test.o
         0          0          0          4          0        465   ultrasonic.o
       460         26          0          2       1024       4410   usart1.o
      2028         26          0         29       4096       9897   w5500.o
       508         82          0          0          0       5688   w5500process.o

    ----------------------------------------------------------------------
     14812        542        756        124       9184     386604   Object Totals
         0          0         32          0          0          0   (incl. Generated)
         2          0          0          5          0          0   (incl. Padding)

    ----------------------------------------------------------------------

      Code (inc. data)   RO Data    RW Data    ZI Data      Debug   Library Member Name

         0          0          0          0          0          0   entry.o
         0          0          0          0          0          0   entry10a.o
         0          0          0          0          0          0   entry11a.o
         8          4          0          0          0          0   entry2.o
         4          0          0          0          0          0   entry5.o
         0          0          0          0          0          0   entry7b.o
         0          0          0          0          0          0   entry8b.o
         8          4          0          0          0          0   entry9a.o
        30          0          0          0          0          0   handlers.o
        36          8          0          0          0         68   init.o
        30          0          0          0          0         68   llshl.o
        32          0          0          0          0         68   llushr.o
        26          0          0          0          0         80   memcmp.o
        36          0          0          0          0         68   memcpya.o
        36          0          0          0          0        108   memseta.o
       736         56          0          0          0        184   printf5.o
         0          0          0          4          0          0   stdout.o
        98          0          0          0          0         92   uldiv.o

    ----------------------------------------------------------------------
      1084         72          0          4          0        736   Library Totals
         4          0          0          0          0          0   (incl. Padding)

    ----------------------------------------------------------------------

      Code (inc. data)   RO Data    RW Data    ZI Data      Debug   Library Name

      1080         72          0          4          0        736   mc_w.l

    ----------------------------------------------------------------------
      1084         72          0          4          0        736   Library Totals

    ----------------------------------------------------------------------

==============================================================================


      Code (inc. data)   RO Data    RW Data    ZI Data      Debug   

     15896        614        756        128       9184     384168   Grand Totals
     15896        614        756        128       9184     384168   ELF Image Totals
     15896        614        756        128          0          0   ROM Totals

==============================================================================

    Total RO  Size (Code + RO Data)                16652 (  16.26kB)
    Total RW  Size (RW Data + ZI Data)              9312 (   9.09kB)
    Total ROM Size (Code + RO Data + RW Data)      16780 (  16.39kB)

==============================================================================

