<html>
<body>
<pre>
<h1>�Vision Build Log</h1>
<h2>Project:</h2>
D:\ѧϰ\software_STM32_code\trunk\USER\STM32-DEMO.uvproj
Project File Date:  11/22/2021

<h2>Output:</h2>
*** Note: Rebuilding project, since 'Options->Output->Create Batch File' is selected.
Rebuild target 'LED-DEMO'
assembling startup_stm32f10x_hd.s...
compiling main.c...
compiling stm32f10x_it.c...
compiling usart1.c...
compiling I2C_Driver.c...
compiling stmflash.c...
compiling gui.c...
compiling GUIRGB.c...
compiling stm32f10x_gpio.c...
compiling stm32f10x_rcc.c...
compiling stm32f10x_usart.c...
compiling misc.c...
compiling stm32f10x_adc.c...
compiling stm32f10x_bkp.c...
compiling stm32f10x_can.c...
compiling stm32f10x_crc.c...
compiling stm32f10x_dac.c...
compiling stm32f10x_dbgmcu.c...
compiling stm32f10x_dma.c...
compiling stm32f10x_exti.c...
compiling stm32f10x_flash.c...
compiling stm32f10x_fsmc.c...
compiling stm32f10x_i2c.c...
compiling stm32f10x_iwdg.c...
compiling stm32f10x_pwr.c...
compiling stm32f10x_rtc.c...
compiling stm32f10x_sdio.c...
compiling stm32f10x_spi.c...
compiling stm32f10x_tim.c...
compiling stm32f10x_wwdg.c...
compiling core_cm3.c...
compiling system_stm32f10x.c...
compiling BSP.c...
compiling led.c...
compiling oled.c...
compiling spi.c...
compiling voice.c...
compiling exti.c...
compiling lcdrgb.c...
compiling relay.c...
compiling SPIHW.c...
compiling Time_test.c...
compiling ultrasonic.c...
compiling W5500.c...
compiling W5500Process.c...
compiling DS1307.c...
compiling app.c...
compiling os_core.c...
compiling os_flag.c...
compiling os_mbox.c...
compiling os_mem.c...
compiling os_mutex.c...
compiling os_q.c...
compiling os_sem.c...
compiling os_task.c...
compiling os_time.c...
compiling os_tmr.c...
assembling os_cpu_a.asm...
compiling os_cpu_c.c...
compiling os_dbg.c...
compiling delay.c...
compiling sys.c...
linking...
Program Size: Code=15984 RO-data=756 RW-data=128 ZI-data=9184  
FromELF: creating hex file...
".\STM32-DEMO.axf" - 0 Error(s), 0 Warning(s).
Load "D:\\ѧϰ\\software_STM32_code\\trunk\\USER\\STM32-DEMO.axf" 
Erase Done.
Programming Done.
Verify OK.
Application running ...

Load "D:\\ѧϰ\\software_STM32_code\\trunk\\USER\\STM32-DEMO.axf" 
Erase Done.
Programming Done.
Verify OK.
Application running ...
"D:\\ѧϰ\\software_STM32_code\\trunk\\USER\\STM32-DEMO.axf" 
Erase Done.
Programming Done.
Verify OK.
Application running ...
:\\ѧϰ\\software_STM32_code\\trunk\\USER\\STM32-DEMO.axf" 
Erase Done.
Programming Done.
Verify OK.
Application running ...
